Archive member included to satisfy reference by file (symbol)

libGENERATED_SDK_TARGET.a(clock_config.c.o)
                              (--whole-archive)
libGENERATED_SDK_TARGET.a(pin_mux.c.o)
                              (--whole-archive)
libGENERATED_SDK_TARGET.a(interrupt_config.c.o)
                              (--whole-archive)
libGENERATED_SDK_TARGET.a(dma_config.c.o)
                              (--whole-archive)
libGENERATED_SDK_TARGET.a(linflexd_uart_config.c.o)
                              (--whole-archive)
libGENERATED_SDK_TARGET.a(clock_YTM32B1Mx.c.o)
                              (--whole-archive)
libGENERATED_SDK_TARGET.a(pins_driver.c.o)
                              (--whole-archive)
libGENERATED_SDK_TARGET.a(pins_port_hw_access.c.o)
                              (--whole-archive)
libGENERATED_SDK_TARGET.a(interrupt_manager.c.o)
                              (--whole-archive)
libGENERATED_SDK_TARGET.a(dma_driver.c.o)
                              (--whole-archive)
libGENERATED_SDK_TARGET.a(dma_hw_access.c.o)
                              (--whole-archive)
libGENERATED_SDK_TARGET.a(dma_irq.c.o)
                              (--whole-archive)
libGENERATED_SDK_TARGET.a(linflexd_uart_driver.c.o)
                              (--whole-archive)
libGENERATED_SDK_TARGET.a(linflexd_uart_irq.c.o)
                              (--whole-archive)
libGENERATED_SDK_TARGET.a(startup.c.o)
                              (--whole-archive)
libGENERATED_SDK_TARGET.a(system_YTM32B1ME0.c.o)
                              (--whole-archive)
libGENERATED_SDK_TARGET.a(YTM32B1ME0_startup_gcc.S.o)
                              (--whole-archive)
libGENERATED_SDK_TARGET.a(osif_baremetal.c.o)
                              (--whole-archive)
libGENERATED_SDK_TARGET.a(etmr_config.c.o)
                              (--whole-archive)
libGENERATED_SDK_TARGET.a(etmr_common.c.o)
                              (--whole-archive)
libGENERATED_SDK_TARGET.a(etmr_hw_access.c.o)
                              (--whole-archive)
libGENERATED_SDK_TARGET.a(etmr_pwm_driver.c.o)
                              (--whole-archive)
c:/users/zhangyifei/appdata/roaming/yt_config_tool/gcc-arm-none-eabi-10.3-2021.10/bin/../lib/gcc/arm-none-eabi/10.3.1/thumb/v8-m.main/nofp\libgcc.a(_arm_muldf3.o)
                              CMakeFiles/Vehicle-thermal-management.elf.dir/app/UART/printf/printf.c.o (__aeabi_dmul)
c:/users/zhangyifei/appdata/roaming/yt_config_tool/gcc-arm-none-eabi-10.3-2021.10/bin/../lib/gcc/arm-none-eabi/10.3.1/thumb/v8-m.main/nofp\libgcc.a(_arm_mulsf3.o)
                              CMakeFiles/Vehicle-thermal-management.elf.dir/app/PWM/PWM.c.o (__aeabi_fmul)
c:/users/zhangyifei/appdata/roaming/yt_config_tool/gcc-arm-none-eabi-10.3-2021.10/bin/../lib/gcc/arm-none-eabi/10.3.1/thumb/v8-m.main/nofp\libgcc.a(_arm_addsubdf3.o)
                              CMakeFiles/Vehicle-thermal-management.elf.dir/app/UART/printf/printf.c.o (__aeabi_dsub)
c:/users/zhangyifei/appdata/roaming/yt_config_tool/gcc-arm-none-eabi-10.3-2021.10/bin/../lib/gcc/arm-none-eabi/10.3.1/thumb/v8-m.main/nofp\libgcc.a(_arm_muldivdf3.o)
                              CMakeFiles/Vehicle-thermal-management.elf.dir/app/UART/printf/printf.c.o (__aeabi_ddiv)
c:/users/zhangyifei/appdata/roaming/yt_config_tool/gcc-arm-none-eabi-10.3-2021.10/bin/../lib/gcc/arm-none-eabi/10.3.1/thumb/v8-m.main/nofp\libgcc.a(_arm_cmpdf2.o)
                              CMakeFiles/Vehicle-thermal-management.elf.dir/app/UART/printf/printf.c.o (__aeabi_dcmpeq)
c:/users/zhangyifei/appdata/roaming/yt_config_tool/gcc-arm-none-eabi-10.3-2021.10/bin/../lib/gcc/arm-none-eabi/10.3.1/thumb/v8-m.main/nofp\libgcc.a(_arm_fixdfsi.o)
                              CMakeFiles/Vehicle-thermal-management.elf.dir/app/UART/printf/printf.c.o (__aeabi_d2iz)
c:/users/zhangyifei/appdata/roaming/yt_config_tool/gcc-arm-none-eabi-10.3-2021.10/bin/../lib/gcc/arm-none-eabi/10.3.1/thumb/v8-m.main/nofp\libgcc.a(_arm_fixunsdfsi.o)
                              CMakeFiles/Vehicle-thermal-management.elf.dir/app/UART/printf/printf.c.o (__aeabi_d2uiz)
c:/users/zhangyifei/appdata/roaming/yt_config_tool/gcc-arm-none-eabi-10.3-2021.10/bin/../lib/gcc/arm-none-eabi/10.3.1/thumb/v8-m.main/nofp\libgcc.a(_arm_addsubsf3.o)
                              libGENERATED_SDK_TARGET.a(linflexd_uart_driver.c.o) (__aeabi_fsub)
c:/users/zhangyifei/appdata/roaming/yt_config_tool/gcc-arm-none-eabi-10.3-2021.10/bin/../lib/gcc/arm-none-eabi/10.3.1/thumb/v8-m.main/nofp\libgcc.a(_arm_muldivsf3.o)
                              libGENERATED_SDK_TARGET.a(linflexd_uart_driver.c.o) (__aeabi_fdiv)
c:/users/zhangyifei/appdata/roaming/yt_config_tool/gcc-arm-none-eabi-10.3-2021.10/bin/../lib/gcc/arm-none-eabi/10.3.1/thumb/v8-m.main/nofp\libgcc.a(_arm_fixunssfsi.o)
                              CMakeFiles/Vehicle-thermal-management.elf.dir/app/PWM/PWM.c.o (__aeabi_f2uiz)
[...]
Memory Configuration

Name             Origin             Length             Attributes
m_text           0x00000000         0x00100000         xr
m_custom         0x1fff0000         0x00000000         rw
m_data           0x1fff0000         0x00020000         rw
*default*        0x00000000         0xffffffff

Linker script and memory map

LOAD c:/users/zhangyifei/appdata/roaming/yt_config_tool/gcc-arm-none-eabi-10.3-2021.10/bin/../lib/gcc/arm-none-eabi/10.3.1/thumb/v8-m.main/nofp/crti.o
LOAD c:/users/zhangyifei/appdata/roaming/yt_config_tool/gcc-arm-none-eabi-10.3-2021.10/bin/../lib/gcc/arm-none-eabi/10.3.1/thumb/v8-m.main/nofp/crtbegin.o
LOAD c:/users/zhangyifei/appdata/roaming/yt_config_tool/gcc-arm-none-eabi-10.3-2021.10/bin/../lib/gcc/arm-none-eabi/10.3.1/../../../../arm-none-eabi/lib/thumb/v8-m.main/nofp/crt0.o
START GROUP
LOAD CMakeFiles/Vehicle-thermal-management.elf.dir/app/main.c.o
LOAD CMakeFiles/Vehicle-thermal-management.elf.dir/app/PWM/PWM.c.o
LOAD CMakeFiles/Vehicle-thermal-management.elf.dir/app/UART/UART.c.o
LOAD CMakeFiles/Vehicle-thermal-management.elf.dir/app/UART/printf/printf.c.o
LOAD libGENERATED_SDK_TARGET.a
END GROUP
LOAD c:/users/zhangyifei/appdata/roaming/yt_config_tool/gcc-arm-none-eabi-10.3-2021.10/bin/../lib/gcc/arm-none-eabi/10.3.1/../../../../arm-none-eabi/lib/thumb/v8-m.main/nofp\libstdc++.a
LOAD c:/users/zhangyifei/appdata/roaming/yt_config_tool/gcc-arm-none-eabi-10.3-2021.10/bin/../lib/gcc/arm-none-eabi/10.3.1/../../../../arm-none-eabi/lib/thumb/v8-m.main/nofp\libm.a
START GROUP
LOAD c:/users/zhangyifei/appdata/roaming/yt_config_tool/gcc-arm-none-eabi-10.3-2021.10/bin/../lib/gcc/arm-none-eabi/10.3.1/thumb/v8-m.main/nofp\libgcc.a
LOAD c:/users/zhangyifei/appdata/roaming/yt_config_tool/gcc-arm-none-eabi-10.3-2021.10/bin/../lib/gcc/arm-none-eabi/10.3.1/../../../../arm-none-eabi/lib/thumb/v8-m.main/nofp\libc.a
END GROUP
START GROUP
LOAD c:/users/zhangyifei/appdata/roaming/yt_config_tool/gcc-arm-none-eabi-10.3-2021.10/bin/../lib/gcc/arm-none-eabi/10.3.1/thumb/v8-m.main/nofp\libgcc.a
LOAD c:/users/zhangyifei/appdata/roaming/yt_config_tool/gcc-arm-none-eabi-10.3-2021.10/bin/../lib/gcc/arm-none-eabi/10.3.1/../../../../arm-none-eabi/lib/thumb/v8-m.main/nofp\libc.a
LOAD c:/users/zhangyifei/appdata/roaming/yt_config_tool/gcc-arm-none-eabi-10.3-2021.10/bin/../lib/gcc/arm-none-eabi/10.3.1/../../../../arm-none-eabi/lib/thumb/v8-m.main/nofp\libnosys.a
END GROUP
LOAD c:/users/zhangyifei/appdata/roaming/yt_config_tool/gcc-arm-none-eabi-10.3-2021.10/bin/../lib/gcc/arm-none-eabi/10.3.1/thumb/v8-m.main/nofp/crtend.o
LOAD c:/users/zhangyifei/appdata/roaming/yt_config_tool/gcc-arm-none-eabi-10.3-2021.10/bin/../lib/gcc/arm-none-eabi/10.3.1/thumb/v8-m.main/nofp/crtn.o
                0x00001000                HEAP_SIZE = DEFINED (__heap_size__)?__heap_size__:0x1000
                0x00001000                STACK_SIZE = DEFINED (__stack_size__)?__stack_size__:0x1000
                0x00000400                M_VECTOR_RAM_SIZE = DEFINED (__flash_vector_table__)?0x0:0x400

.interrupts     0x00000000      0x340
                0x00000000                __VECTOR_TABLE = .
                0x00000000                __interrupts_start__ = .
                0x00000000                . = ALIGN (0x4)
 *(.isr_vector)
 .isr_vector    0x00000000      0x340 libGENERATED_SDK_TARGET.a(YTM32B1ME0_startup_gcc.S.o)
                0x00000000                __isr_vector
                0x00000340                __interrupts_end__ = .
                0x00000340                . = ALIGN (0x4)

.text           0x00000340     0x7c30
                0x00000340                . = ALIGN (0x4)
 *(.text)
 .text          0x00000340       0x6c libGENERATED_SDK_TARGET.a(YTM32B1ME0_startup_gcc.S.o)
                0x00000340                Reset_Handler
                0x000003a8                Reserved0_Handler
                0x000003a8                Reserved54_IRQHandler
                0x000003a8                Reserved16_IRQHandler
                0x000003a8                DebugMon_Handler
                0x000003a8                CAN2_ORed_48_63_MB_IRQHandler
                0x000003a8                CAN0_ORed_32_47_MB_IRQHandler
                0x000003a8                SPI4_IRQHandler
                0x000003a8                CAN0_ORed_IRQHandler
                0x000003a8                CAN2_Wake_Up_IRQHandler
                0x000003a8                eTMR0_Ch2_Ch3_IRQHandler
                0x000003a8                eTMR0_Ch6_Ch7_IRQHandler
                0x000003a8                TMR0_Ch2_IRQHandler
                0x000003a8                HardFault_Handler
                0x000003a8                eTMR2_Fault_IRQHandler
                0x000003a8                GPIOE_IRQHandler
                0x000003a8                GPIOB_IRQHandler
                0x000003a8                I2C1_Master_IRQHandler
                0x000003a8                GPIOA_IRQHandler
                0x000003a8                Reserved50_IRQHandler
                0x000003a8                PendSV_Handler
                0x000003a8                NMI_Handler
                0x000003a8                HCU_IRQHandler
                0x000003a8                Reserved19_IRQHandler
                0x000003a8                TMR0_Ch3_IRQHandler
                0x000003a8                Reserved29_IRQHandler
                0x000003a8                eTMR1_Ovf_IRQHandler
                0x000003a8                eTMR2_Ch4_Ch5_IRQHandler
                0x000003a8                WKU_IRQHandler
                0x000003a8                eTMR4_Ovf_IRQHandler
                0x000003a8                SCU_IRQHandler
                0x000003a8                CAN2_ORed_0_15_MB_IRQHandler
                0x000003a8                Reserved1_Handler
                0x000003a8                eTMR3_Ch6_Ch7_IRQHandler
                0x000003a8                CAN4_Error_IRQHandler
                0x000003a8                lpTMR0_IRQHandler
                0x000003a8                Reserved42_IRQHandler
                0x000003a8                CAN1_Error_IRQHandler
                0x000003a8                Reserved36_IRQHandler
                0x000003a8                Reserved22_IRQHandler
                0x000003a8                FPU_IRQHandler
                0x000003a8                ADC0_IRQHandler
                0x000003a8                eTMR2_Ch0_Ch1_IRQHandler
                0x000003a8                Reserved39_IRQHandler
                0x000003a8                WDG_IRQHandler
                0x000003a8                PTU0_IRQHandler
                0x000003a8                UsageFault_Handler
                0x000003a8                eTMR3_Ovf_IRQHandler
                0x000003a8                EFM_Ecc_IRQHandler
                0x000003a8                eTMR4_Ch4_Ch5_IRQHandler
                0x000003a8                SPI1_IRQHandler
                0x000003a8                eTMR4_Fault_IRQHandler
                0x000003a8                DefaultISR
                0x000003a8                Reserved34_IRQHandler
                0x000003a8                eTMR5_Ch0_Ch1_IRQHandler
                0x000003a8                CAN1_ORed_0_15_MB_IRQHandler
                0x000003a8                eTMR5_Ovf_IRQHandler
                0x000003a8                eTMR0_Ch0_Ch1_IRQHandler
                0x000003a8                Reserved25_IRQHandler
                0x000003a8                Reserved24_IRQHandler
                0x000003a8                CAN0_ORed_16_31_MB_IRQHandler
                0x000003a8                eTMR1_Ch6_Ch7_IRQHandler
                0x000003a8                eTMR1_Ch2_Ch3_IRQHandler
                0x000003a8                Reserved2_Handler
                0x000003a8                eTMR0_Ch4_Ch5_IRQHandler
                0x000003a8                Reserved8_IRQHandler
                0x000003a8                Reserved33_IRQHandler
                0x000003a8                I2C0_Master_IRQHandler
                0x000003a8                Reserved5_IRQHandler
                0x000003a8                CAN5_ORed_16_31_MB_IRQHandler
                0x000003a8                eTMR3_Ch4_Ch5_IRQHandler
                0x000003a8                ADC1_IRQHandler
                0x000003a8                TMR0_Ch1_IRQHandler
                0x000003a8                I2C1_Slave_IRQHandler
                0x000003a8                Reserved43_IRQHandler
                0x000003a8                Reserved53_IRQHandler
                0x000003a8                RTC_IRQHandler
                0x000003a8                Reserved21_IRQHandler
                0x000003a8                Reserved18_IRQHandler
                0x000003a8                Reserved12_IRQHandler
                0x000003a8                I2C2_Slave_IRQHandler
                0x000003a8                Reserved15_IRQHandler
                0x000003a8                PTU1_IRQHandler
                0x000003a8                GPIOD_IRQHandler
                0x000003a8                Reserved27_IRQHandler
                0x000003a8                CAN0_ORed_48_63_MB_IRQHandler
                0x000003a8                GPIOC_IRQHandler
                0x000003a8                eTMR5_Fault_IRQHandler
                0x000003a8                RTC_Seconds_IRQHandler
                0x000003a8                Reserved11_IRQHandler
                0x000003a8                eTMR1_Ch4_Ch5_IRQHandler
                0x000003a8                eTMR3_Ch0_Ch1_IRQHandler
                0x000003a8                CAN2_ORed_IRQHandler
                0x000003a8                Reserved14_IRQHandler
                0x000003a8                eTMR5_Ch4_Ch5_IRQHandler
                0x000003a8                pTMR_Ch0_IRQHandler
                0x000003a8                Reserved35_IRQHandler
                0x000003a8                Reserved20_IRQHandler
                0x000003a8                Reserved13_IRQHandler
                0x000003a8                Reserved37_IRQHandler
                0x000003a8                eTMR4_Ch6_Ch7_IRQHandler
                0x000003a8                CAN3_Error_IRQHandler
                0x000003a8                pTMR_Ch3_IRQHandler
                0x000003a8                CAN2_Error_IRQHandler
                0x000003a8                EMU_IRQHandler
                0x000003a8                Reserved17_IRQHandler
                0x000003a8                eTMR4_Ch2_Ch3_IRQHandler
                0x000003a8                CAN3_ORed_0_15_MB_IRQHandler
                0x000003a8                Reserved47_IRQHandler
                0x000003a8                CAN1_ORed_32_47_MB_IRQHandler
                0x000003a8                I2C0_Slave_IRQHandler
                0x000003a8                Reserved32_IRQHandler
                0x000003a8                SPI5_IRQHandler
                0x000003a8                Reserved9_IRQHandler
                0x000003a8                eTMR2_Ch2_Ch3_IRQHandler
                0x000003a8                eTMR1_Fault_IRQHandler
                0x000003a8                CAN3_ORed_16_31_MB_IRQHandler
                0x000003a8                CAN4_Wake_Up_IRQHandler
                0x000003a8                Reserved31_IRQHandler
                0x000003a8                EFM_IRQHandler
                0x000003a8                SPI2_IRQHandler
                0x000003a8                ACMP0_IRQHandler
                0x000003a8                Reserved41_IRQHandler
                0x000003a8                CAN3_Wake_Up_IRQHandler
                0x000003a8                MemManage_Handler
                0x000003a8                eTMR4_Ch0_Ch1_IRQHandler
                0x000003a8                Reserved48_IRQHandler
                0x000003a8                LINFlexD2_IRQHandler
                0x000003a8                SVC_Handler
                0x000003a8                CAN1_Wake_Up_IRQHandler
                0x000003a8                CAN5_Error_IRQHandler
                0x000003a8                pTMR_Ch1_IRQHandler
                0x000003a8                Reserved6_IRQHandler
                0x000003a8                LINFlexD4_IRQHandler
                0x000003a8                Reserved10_IRQHandler
                0x000003a8                PCU_IRQHandler
                0x000003a8                CAN5_ORed_0_15_MB_IRQHandler
                0x000003a8                CAN1_ORed_IRQHandler
                0x000003a8                Reserved26_IRQHandler
                0x000003a8                CAN4_ORed_0_15_MB_IRQHandler
                0x000003a8                Reserved7_IRQHandler
                0x000003a8                Reserved46_IRQHandler
                0x000003a8                LINFlexD3_IRQHandler
                0x000003a8                Reserved23_IRQHandler
                0x000003a8                Reserved4_Handler
                0x000003a8                Reserved45_IRQHandler
                0x000003a8                CAN2_ORed_16_31_MB_IRQHandler
                0x000003a8                CAN0_Error_IRQHandler
                0x000003a8                Reserved3_Handler
                0x000003a8                Reserved30_IRQHandler
                0x000003a8                RCU_IRQHandler
                0x000003a8                CAN5_Wake_Up_IRQHandler
                0x000003a8                CAN5_ORed_IRQHandler
                0x000003a8                eTMR2_Ch6_Ch7_IRQHandler
                0x000003a8                eTMR5_Ch6_Ch7_IRQHandler
                0x000003a8                I2C2_Master_IRQHandler
                0x000003a8                ALIGN_0_IRQHandler
                0x000003a8                eTMR5_Ch2_Ch3_IRQHandler
                0x000003a8                SPI0_IRQHandler
                0x000003a8                Reserved51_IRQHandler
                0x000003a8                CAN1_ORed_48_63_MB_IRQHandler
                0x000003a8                CAN4_ORed_16_31_MB_IRQHandler
                0x000003a8                CAN1_ORed_16_31_MB_IRQHandler
                0x000003a8                eTMR2_Ovf_IRQHandler
                0x000003a8                Reserved28_IRQHandler
                0x000003a8                Reserved44_IRQHandler
                0x000003a8                EFM_Error_IRQHandler
                0x000003a8                CAN0_ORed_0_15_MB_IRQHandler
                0x000003a8                Reserved40_IRQHandler
                0x000003a8                eTMR3_Fault_IRQHandler
                0x000003a8                CAN2_ORed_32_47_MB_IRQHandler
                0x000003a8                CAN4_ORed_IRQHandler
                0x000003a8                Reserved38_IRQHandler
                0x000003a8                BusFault_Handler
                0x000003a8                SPI3_IRQHandler
                0x000003a8                eTMR0_Ovf_IRQHandler
                0x000003a8                eTMR0_Fault_IRQHandler
                0x000003a8                CAN0_Wake_Up_IRQHandler
                0x000003a8                eTMR3_Ch2_Ch3_IRQHandler
                0x000003a8                INTM_IRQHandler
                0x000003a8                eTMR1_Ch0_Ch1_IRQHandler
                0x000003a8                Reserved49_IRQHandler
                0x000003a8                LINFlexD1_IRQHandler
                0x000003a8                LINFlexD0_IRQHandler
                0x000003a8                TMR0_Ch0_IRQHandler
                0x000003a8                Reserved52_IRQHandler
                0x000003a8                TRNG_IRQHandler
                0x000003a8                LINFlexD5_IRQHandler
                0x000003a8                pTMR_Ch2_IRQHandler
                0x000003a8                CAN3_ORed_IRQHandler
 .text          0x000003ac      0x378 c:/users/zhangyifei/appdata/roaming/yt_config_tool/gcc-arm-none-eabi-10.3-2021.10/bin/../lib/gcc/arm-none-eabi/10.3.1/thumb/v8-m.main/nofp\libgcc.a(_arm_addsubdf3.o)
                0x000003ac                __aeabi_drsub
                0x000003b4                __aeabi_dsub
                0x000003b4                __subdf3
                0x000003b8                __aeabi_dadd
                0x000003b8                __adddf3
                0x00000630                __floatunsidf
                0x00000630                __aeabi_ui2d
                0x00000650                __floatsidf
                0x00000650                __aeabi_i2d
                0x00000674                __aeabi_f2d
                0x00000674                __extendsfdf2
                0x000006b8                __floatundidf
                0x000006b8                __aeabi_ul2d
                0x000006c8                __floatdidf
                0x000006c8                __aeabi_l2d
 .text          0x00000724      0x424 c:/users/zhangyifei/appdata/roaming/yt_config_tool/gcc-arm-none-eabi-10.3-2021.10/bin/../lib/gcc/arm-none-eabi/10.3.1/thumb/v8-m.main/nofp\libgcc.a(_arm_muldivdf3.o)
                0x00000724                __aeabi_dmul
                0x00000724                __muldf3
                0x00000978                __divdf3
                0x00000978                __aeabi_ddiv
 .text          0x00000b48      0x110 c:/users/zhangyifei/appdata/roaming/yt_config_tool/gcc-arm-none-eabi-10.3-2021.10/bin/../lib/gcc/arm-none-eabi/10.3.1/thumb/v8-m.main/nofp\libgcc.a(_arm_cmpdf2.o)
                0x00000b48                __gtdf2
                0x00000b48                __gedf2
                0x00000b50                __ltdf2
                0x00000b50                __ledf2
                0x00000b58                __nedf2
                0x00000b58                __eqdf2
                0x00000b58                __cmpdf2
                0x00000bd4                __aeabi_cdrcmple
                0x00000be4                __aeabi_cdcmpeq
                0x00000be4                __aeabi_cdcmple
                0x00000bf4                __aeabi_dcmpeq
                0x00000c08                __aeabi_dcmplt
                0x00000c1c                __aeabi_dcmple
                0x00000c30                __aeabi_dcmpge
                0x00000c44                __aeabi_dcmpgt
 .text          0x00000c58       0x50 c:/users/zhangyifei/appdata/roaming/yt_config_tool/gcc-arm-none-eabi-10.3-2021.10/bin/../lib/gcc/arm-none-eabi/10.3.1/thumb/v8-m.main/nofp\libgcc.a(_arm_fixdfsi.o)
                0x00000c58                __aeabi_d2iz
                0x00000c58                __fixdfsi
 .text          0x00000ca8       0x40 c:/users/zhangyifei/appdata/roaming/yt_config_tool/gcc-arm-none-eabi-10.3-2021.10/bin/../lib/gcc/arm-none-eabi/10.3.1/thumb/v8-m.main/nofp\libgcc.a(_arm_fixunsdfsi.o)
                0x00000ca8                __aeabi_d2uiz
                0x00000ca8                __fixunsdfsi
 .text          0x00000ce8      0x21c c:/users/zhangyifei/appdata/roaming/yt_config_tool/gcc-arm-none-eabi-10.3-2021.10/bin/../lib/gcc/arm-none-eabi/10.3.1/thumb/v8-m.main/nofp\libgcc.a(_arm_addsubsf3.o)
                0x00000ce8                __aeabi_frsub
                0x00000cf0                __subsf3
                0x00000cf0                __aeabi_fsub
                0x00000cf4                __aeabi_fadd
                0x00000cf4                __addsf3
                0x00000e54                __aeabi_ui2f
                0x00000e54                __floatunsisf
                0x00000e5c                __aeabi_i2f
                0x00000e5c                __floatsisf
                0x00000e78                __aeabi_ul2f
                0x00000e78                __floatundisf
                0x00000e88                __aeabi_l2f
                0x00000e88                __floatdisf
 .text          0x00000f04      0x2a0 c:/users/zhangyifei/appdata/roaming/yt_config_tool/gcc-arm-none-eabi-10.3-2021.10/bin/../lib/gcc/arm-none-eabi/10.3.1/thumb/v8-m.main/nofp\libgcc.a(_arm_muldivsf3.o)
                0x00000f04                __mulsf3
                0x00000f04                __aeabi_fmul
                0x0000106c                __aeabi_fdiv
                0x0000106c                __divsf3
 .text          0x000011a4       0x40 c:/users/zhangyifei/appdata/roaming/yt_config_tool/gcc-arm-none-eabi-10.3-2021.10/bin/../lib/gcc/arm-none-eabi/10.3.1/thumb/v8-m.main/nofp\libgcc.a(_arm_fixunssfsi.o)
                0x000011a4                __fixunssfsi
                0x000011a4                __aeabi_f2uiz
 .text          0x000011e4       0x30 c:/users/zhangyifei/appdata/roaming/yt_config_tool/gcc-arm-none-eabi-10.3-2021.10/bin/../lib/gcc/arm-none-eabi/10.3.1/thumb/v8-m.main/nofp\libgcc.a(_aeabi_uldivmod.o)
                0x000011e4                __aeabi_uldivmod
 .text          0x00001214      0x2e8 c:/users/zhangyifei/appdata/roaming/yt_config_tool/gcc-arm-none-eabi-10.3-2021.10/bin/../lib/gcc/arm-none-eabi/10.3.1/thumb/v8-m.main/nofp\libgcc.a(_udivmoddi4.o)
                0x00001214                __udivmoddi4
 .text          0x000014fc        0x4 c:/users/zhangyifei/appdata/roaming/yt_config_tool/gcc-arm-none-eabi-10.3-2021.10/bin/../lib/gcc/arm-none-eabi/10.3.1/thumb/v8-m.main/nofp\libgcc.a(_dvmd_tls.o)
                0x000014fc                __aeabi_idiv0
                0x000014fc                __aeabi_ldiv0
 *(.text*)
 .text.main     0x00001500       0x68 CMakeFiles/Vehicle-thermal-management.elf.dir/app/main.c.o
                0x00001500                main
 .text.Board_Init
                0x00001568       0x30 CMakeFiles/Vehicle-thermal-management.elf.dir/app/main.c.o
 .text.PWM_init
                0x00001598       0x2c CMakeFiles/Vehicle-thermal-management.elf.dir/app/PWM/PWM.c.o
                0x00001598                PWM_init
 .text.PWM_Start
                0x000015c4        0xe CMakeFiles/Vehicle-thermal-management.elf.dir/app/PWM/PWM.c.o
                0x000015c4                PWM_Start
 *fill*         0x000015d2        0x2 
 .text.PWM_Changedutycycle
                0x000015d4       0x3c CMakeFiles/Vehicle-thermal-management.elf.dir/app/PWM/PWM.c.o
                0x000015d4                PWM_Changedutycycle
 .text.UART_init
                0x00001610       0x1c CMakeFiles/Vehicle-thermal-management.elf.dir/app/UART/UART.c.o
                0x00001610                UART_init
 .text.printf_char
                0x0000162c       0x1e CMakeFiles/Vehicle-thermal-management.elf.dir/app/UART/printf/printf.c.o
                0x0000162c                printf_char
 .text._out_null
                0x0000164a       0x1a CMakeFiles/Vehicle-thermal-management.elf.dir/app/UART/printf/printf.c.o
 .text._out_char
                0x00001664       0x26 CMakeFiles/Vehicle-thermal-management.elf.dir/app/UART/printf/printf.c.o
 .text._strnlen_s
                0x0000168a       0x38 CMakeFiles/Vehicle-thermal-management.elf.dir/app/UART/printf/printf.c.o
 .text._is_digit
                0x000016c2       0x2c CMakeFiles/Vehicle-thermal-management.elf.dir/app/UART/printf/printf.c.o
 .text._atoi    0x000016ee       0x48 CMakeFiles/Vehicle-thermal-management.elf.dir/app/UART/printf/printf.c.o
 .text._out_rev
                0x00001736       0xa0 CMakeFiles/Vehicle-thermal-management.elf.dir/app/UART/printf/printf.c.o
 .text._ntoa_format
                0x000017d6      0x1b8 CMakeFiles/Vehicle-thermal-management.elf.dir/app/UART/printf/printf.c.o
 .text._ntoa_long
                0x0000198e       0xcc CMakeFiles/Vehicle-thermal-management.elf.dir/app/UART/printf/printf.c.o
 .text._ntoa_long_long
                0x00001a5a       0xda CMakeFiles/Vehicle-thermal-management.elf.dir/app/UART/printf/printf.c.o
 *fill*         0x00001b34        0x4 
 .text._ftoa    0x00001b38      0x4b0 CMakeFiles/Vehicle-thermal-management.elf.dir/app/UART/printf/printf.c.o
 .text._etoa    0x00001fe8      0x520 CMakeFiles/Vehicle-thermal-management.elf.dir/app/UART/printf/printf.c.o
 .text._vsnprintf
                0x00002508      0x9c0 CMakeFiles/Vehicle-thermal-management.elf.dir/app/UART/printf/printf.c.o
 .text.printf_  0x00002ec8       0x38 CMakeFiles/Vehicle-thermal-management.elf.dir/app/UART/printf/printf.c.o
                0x00002ec8                printf_
 .text.IPC_SetPeripheralClockControl
                0x00002f00       0x54 libGENERATED_SDK_TARGET.a(clock_YTM32B1Mx.c.o)
 .text.IPC_SetClockMode
                0x00002f54       0x70 libGENERATED_SDK_TARGET.a(clock_YTM32B1Mx.c.o)
 .text.SCU_SetSysClkDiv
                0x00002fc4       0x38 libGENERATED_SDK_TARGET.a(clock_YTM32B1Mx.c.o)
 .text.SCU_GetSysClkDiv
                0x00002ffc       0x20 libGENERATED_SDK_TARGET.a(clock_YTM32B1Mx.c.o)
 .text.SCU_SetFastBusClkDiv
                0x0000301c       0x38 libGENERATED_SDK_TARGET.a(clock_YTM32B1Mx.c.o)
 .text.SCU_GetFastBusClkDiv
                0x00003054       0x20 libGENERATED_SDK_TARGET.a(clock_YTM32B1Mx.c.o)
 .text.SCU_SetSlowBusClkDiv
                0x00003074       0x36 libGENERATED_SDK_TARGET.a(clock_YTM32B1Mx.c.o)
 .text.SCU_GetSlowBusClkDiv
                0x000030aa       0x1e libGENERATED_SDK_TARGET.a(clock_YTM32B1Mx.c.o)
 .text.SCU_SetSysClkSrc
                0x000030c8       0x36 libGENERATED_SDK_TARGET.a(clock_YTM32B1Mx.c.o)
 .text.SCU_GetSysClkSrc
                0x000030fe       0x1e libGENERATED_SDK_TARGET.a(clock_YTM32B1Mx.c.o)
 .text.SCU_SetClkOutSrc
                0x0000311c       0x36 libGENERATED_SDK_TARGET.a(clock_YTM32B1Mx.c.o)
 .text.SCU_SetClkOutDiv
                0x00003152       0x38 libGENERATED_SDK_TARGET.a(clock_YTM32B1Mx.c.o)
 .text.SCU_EnableFxosc
                0x0000318a       0x3c libGENERATED_SDK_TARGET.a(clock_YTM32B1Mx.c.o)
 .text.SCU_SetFxoscBypassMode
                0x000031c6       0x3e libGENERATED_SDK_TARGET.a(clock_YTM32B1Mx.c.o)
 .text.SCU_SetFxoscComp
                0x00003204       0x3e libGENERATED_SDK_TARGET.a(clock_YTM32B1Mx.c.o)
 .text.SCU_SetFxoscGain
                0x00003242       0x38 libGENERATED_SDK_TARGET.a(clock_YTM32B1Mx.c.o)
 .text.SCU_EnableSxosc
                0x0000327a       0x3c libGENERATED_SDK_TARGET.a(clock_YTM32B1Mx.c.o)
 .text.SCU_SxoscDeepSleepEnable
                0x000032b6       0x3c libGENERATED_SDK_TARGET.a(clock_YTM32B1Mx.c.o)
 .text.SCU_SxoscStandbyEnable
                0x000032f2       0x3c libGENERATED_SDK_TARGET.a(clock_YTM32B1Mx.c.o)
 .text.SCU_SxoscPowerDownEnable
                0x0000332e       0x3c libGENERATED_SDK_TARGET.a(clock_YTM32B1Mx.c.o)
 .text.SCU_GetSxoscEnableFlag
                0x0000336a       0x1e libGENERATED_SDK_TARGET.a(clock_YTM32B1Mx.c.o)
 .text.SCU_SetSxoscBypassMode
                0x00003388       0x3e libGENERATED_SDK_TARGET.a(clock_YTM32B1Mx.c.o)
 .text.SCU_SetSxoscGain
                0x000033c6       0x38 libGENERATED_SDK_TARGET.a(clock_YTM32B1Mx.c.o)
 .text.SCU_SetPllRefClk
                0x000033fe       0x38 libGENERATED_SDK_TARGET.a(clock_YTM32B1Mx.c.o)
 .text.SCU_GetPllRefClk
                0x00003436       0x20 libGENERATED_SDK_TARGET.a(clock_YTM32B1Mx.c.o)
 .text.SCU_SetPllFeedBackDiv
                0x00003456       0x3a libGENERATED_SDK_TARGET.a(clock_YTM32B1Mx.c.o)
 .text.SCU_GetPllFeedBackDiv
                0x00003490       0x24 libGENERATED_SDK_TARGET.a(clock_YTM32B1Mx.c.o)
 .text.SCU_SetPllRefClkDiv
                0x000034b4       0x3a libGENERATED_SDK_TARGET.a(clock_YTM32B1Mx.c.o)
 .text.SCU_GetPllRefClkDiv
                0x000034ee       0x24 libGENERATED_SDK_TARGET.a(clock_YTM32B1Mx.c.o)
 .text.SCU_EnablePll
                0x00003512       0x3c libGENERATED_SDK_TARGET.a(clock_YTM32B1Mx.c.o)
 .text.SCU_GetPllLock
                0x0000354e       0x24 libGENERATED_SDK_TARGET.a(clock_YTM32B1Mx.c.o)
 .text.SCU_SircDeepSleepEnable
                0x00003572       0x3c libGENERATED_SDK_TARGET.a(clock_YTM32B1Mx.c.o)
 .text.SCU_SircStandbyEnable
                0x000035ae       0x3c libGENERATED_SDK_TARGET.a(clock_YTM32B1Mx.c.o)
 .text.SCU_SircPowerDownEnable
                0x000035ea       0x3c libGENERATED_SDK_TARGET.a(clock_YTM32B1Mx.c.o)
 .text.SCU_EnableFirc
                0x00003626       0x3c libGENERATED_SDK_TARGET.a(clock_YTM32B1Mx.c.o)
 .text.SCU_FircDeepSleepEnable
                0x00003662       0x3c libGENERATED_SDK_TARGET.a(clock_YTM32B1Mx.c.o)
 .text.SCU_GetFXOSCValid
                0x0000369e       0x24 libGENERATED_SDK_TARGET.a(clock_YTM32B1Mx.c.o)
 .text.SCU_GetDividerStable
                0x000036c2       0x28 libGENERATED_SDK_TARGET.a(clock_YTM32B1Mx.c.o)
 .text.SCU_SetCmuChEnable
                0x000036ea       0x44 libGENERATED_SDK_TARGET.a(clock_YTM32B1Mx.c.o)
 .text.SCU_SetCmuChResetEnable
                0x0000372e       0x48 libGENERATED_SDK_TARGET.a(clock_YTM32B1Mx.c.o)
 .text.SCU_SetCmuChRefClock
                0x00003776       0x48 libGENERATED_SDK_TARGET.a(clock_YTM32B1Mx.c.o)
 .text.SCU_SetCmuChCompHigh
                0x000037be       0x26 libGENERATED_SDK_TARGET.a(clock_YTM32B1Mx.c.o)
 .text.SCU_SetCmuChCompLow
                0x000037e4       0x28 libGENERATED_SDK_TARGET.a(clock_YTM32B1Mx.c.o)
 .text.CLOCK_DRV_Init
                0x0000380c       0x3a libGENERATED_SDK_TARGET.a(clock_YTM32B1Mx.c.o)
                0x0000380c                CLOCK_DRV_Init
 *fill*         0x00003846        0x2 
 .text.CLOCK_SYS_SetScuConfiguration
                0x00003848      0x334 libGENERATED_SDK_TARGET.a(clock_YTM32B1Mx.c.o)
 .text.CLOCK_SYS_SetDefaultCmuChannelConfiguration
                0x00003b7c       0x98 libGENERATED_SDK_TARGET.a(clock_YTM32B1Mx.c.o)
 .text.CLOCK_SYS_SetCmuChannelConfiguration
                0x00003c14       0x64 libGENERATED_SDK_TARGET.a(clock_YTM32B1Mx.c.o)
 .text.CLOCK_SYS_ConfigureSystemClock
                0x00003c78       0x50 libGENERATED_SDK_TARGET.a(clock_YTM32B1Mx.c.o)
 .text.CLOCK_SCU_WaitPllLock
                0x00003cc8       0x40 libGENERATED_SDK_TARGET.a(clock_YTM32B1Mx.c.o)
 .text.CLOCK_SCU_WaitDividerStable
                0x00003d08       0x40 libGENERATED_SDK_TARGET.a(clock_YTM32B1Mx.c.o)
 .text.CLOCK_SCU_WaitFXOSCValid
                0x00003d48       0x40 libGENERATED_SDK_TARGET.a(clock_YTM32B1Mx.c.o)
 .text.CLOCK_SYS_SetIpcConfiguration
                0x00003d88       0x8c libGENERATED_SDK_TARGET.a(clock_YTM32B1Mx.c.o)
 .text.CLOCK_DRV_GetPllFreq
                0x00003e14       0x78 libGENERATED_SDK_TARGET.a(clock_YTM32B1Mx.c.o)
                0x00003e14                CLOCK_DRV_GetPllFreq
 .text.CLOCK_DRV_GetFreq
                0x00003e8c      0x1e0 libGENERATED_SDK_TARGET.a(clock_YTM32B1Mx.c.o)
                0x00003e8c                CLOCK_DRV_GetFreq
 .text.CLOCK_SYS_Init
                0x0000406c       0x44 libGENERATED_SDK_TARGET.a(clock_YTM32B1Mx.c.o)
                0x0000406c                CLOCK_SYS_Init
 .text.CLOCK_SYS_UpdateConfiguration
                0x000040b0      0x17c libGENERATED_SDK_TARGET.a(clock_YTM32B1Mx.c.o)
                0x000040b0                CLOCK_SYS_UpdateConfiguration
 .text.CLOCK_SYS_GetFreq
                0x0000422c       0x20 libGENERATED_SDK_TARGET.a(clock_YTM32B1Mx.c.o)
                0x0000422c                CLOCK_SYS_GetFreq
 .text.CLOCK_SYS_SetConfiguration
                0x0000424c       0x18 libGENERATED_SDK_TARGET.a(clock_YTM32B1Mx.c.o)
                0x0000424c                CLOCK_SYS_SetConfiguration
 .text.PINS_DRV_Init
                0x00004264       0x3e libGENERATED_SDK_TARGET.a(pins_driver.c.o)
                0x00004264                PINS_DRV_Init
 .text.PINS_GPIO_WritePin
                0x000042a2       0x42 libGENERATED_SDK_TARGET.a(pins_port_hw_access.c.o)
 .text.PINS_ConfigDigitalFilter
                0x000042e4       0x50 libGENERATED_SDK_TARGET.a(pins_port_hw_access.c.o)
 .text.PINS_Init
                0x00004334      0x1f2 libGENERATED_SDK_TARGET.a(pins_port_hw_access.c.o)
                0x00004334                PINS_Init
 *fill*         0x00004526        0x2 
 .text.__NVIC_EnableIRQ
                0x00004528       0x38 libGENERATED_SDK_TARGET.a(interrupt_manager.c.o)
 .text.__NVIC_DisableIRQ
                0x00004560       0x48 libGENERATED_SDK_TARGET.a(interrupt_manager.c.o)
 .text.INT_SYS_InstallHandler
                0x000045a8       0x78 libGENERATED_SDK_TARGET.a(interrupt_manager.c.o)
                0x000045a8                INT_SYS_InstallHandler
 .text.INT_SYS_EnableIRQ
                0x00004620       0x1c libGENERATED_SDK_TARGET.a(interrupt_manager.c.o)
                0x00004620                INT_SYS_EnableIRQ
 .text.INT_SYS_DisableIRQ
                0x0000463c       0x1c libGENERATED_SDK_TARGET.a(interrupt_manager.c.o)
                0x0000463c                INT_SYS_DisableIRQ
 .text.INT_SYS_EnableIRQGlobal
                0x00004658       0x30 libGENERATED_SDK_TARGET.a(interrupt_manager.c.o)
                0x00004658                INT_SYS_EnableIRQGlobal
 .text.INT_SYS_DisableIRQGlobal
                0x00004688       0x20 libGENERATED_SDK_TARGET.a(interrupt_manager.c.o)
                0x00004688                INT_SYS_DisableIRQGlobal
 .text.DMA_ClearErrorIntStatusFlag
                0x000046a8       0x24 libGENERATED_SDK_TARGET.a(dma_driver.c.o)
 .text.DMA_ClearDoneStatusFlag
                0x000046cc       0x24 libGENERATED_SDK_TARGET.a(dma_driver.c.o)
 .text.DMA_ClearIntStatusFlag
                0x000046f0       0x24 libGENERATED_SDK_TARGET.a(dma_driver.c.o)
 .text.DMA_CTSSetDestAddr
                0x00004714       0x28 libGENERATED_SDK_TARGET.a(dma_driver.c.o)
 .text.DMA_DRV_ClearIntStatus
                0x0000473c       0x3c libGENERATED_SDK_TARGET.a(dma_driver.c.o)
 .text.DMA_DRV_IRQHandler
                0x00004778       0x4c libGENERATED_SDK_TARGET.a(dma_driver.c.o)
                0x00004778                DMA_DRV_IRQHandler
 .text.DMA_DRV_ErrorIRQHandler
                0x000047c4       0x7c libGENERATED_SDK_TARGET.a(dma_driver.c.o)
                0x000047c4                DMA_DRV_ErrorIRQHandler
 .text.DMA_DRV_StartChannel
                0x00004840       0x38 libGENERATED_SDK_TARGET.a(dma_driver.c.o)
                0x00004840                DMA_DRV_StartChannel
 .text.DMA_DRV_StopChannel
                0x00004878       0x38 libGENERATED_SDK_TARGET.a(dma_driver.c.o)
                0x00004878                DMA_DRV_StopChannel
 .text.DMA_DRV_SetDestAddr
                0x000048b0       0x38 libGENERATED_SDK_TARGET.a(dma_driver.c.o)
                0x000048b0                DMA_DRV_SetDestAddr
 .text.DMA_DRV_SetTriggerLoopIterationCount
                0x000048e8       0x38 libGENERATED_SDK_TARGET.a(dma_driver.c.o)
                0x000048e8                DMA_DRV_SetTriggerLoopIterationCount
 .text.DMA_DRV_GetDmaRegBaseAddr
                0x00004920       0x18 libGENERATED_SDK_TARGET.a(dma_driver.c.o)
                0x00004920                DMA_DRV_GetDmaRegBaseAddr
 .text.DMA_SetDmaRequestCmd
                0x00004938       0x48 libGENERATED_SDK_TARGET.a(dma_hw_access.c.o)
                0x00004938                DMA_SetDmaRequestCmd
 .text.DMA_CTSSetTriggerCount
                0x00004980      0x134 libGENERATED_SDK_TARGET.a(dma_hw_access.c.o)
                0x00004980                DMA_CTSSetTriggerCount
 .text.DMA_GetErrorIntStatusFlag
                0x00004ab4       0x16 libGENERATED_SDK_TARGET.a(dma_irq.c.o)
 .text.DMA0_IRQHandler
                0x00004aca        0xe libGENERATED_SDK_TARGET.a(dma_irq.c.o)
                0x00004aca                DMA0_IRQHandler
 .text.DMA1_IRQHandler
                0x00004ad8        0xe libGENERATED_SDK_TARGET.a(dma_irq.c.o)
                0x00004ad8                DMA1_IRQHandler
 .text.DMA2_IRQHandler
                0x00004ae6        0xe libGENERATED_SDK_TARGET.a(dma_irq.c.o)
                0x00004ae6                DMA2_IRQHandler
 .text.DMA3_IRQHandler
                0x00004af4        0xe libGENERATED_SDK_TARGET.a(dma_irq.c.o)
                0x00004af4                DMA3_IRQHandler
 .text.DMA4_IRQHandler
                0x00004b02        0xe libGENERATED_SDK_TARGET.a(dma_irq.c.o)
                0x00004b02                DMA4_IRQHandler
 .text.DMA5_IRQHandler
                0x00004b10        0xe libGENERATED_SDK_TARGET.a(dma_irq.c.o)
                0x00004b10                DMA5_IRQHandler
 .text.DMA6_IRQHandler
                0x00004b1e        0xe libGENERATED_SDK_TARGET.a(dma_irq.c.o)
                0x00004b1e                DMA6_IRQHandler
 .text.DMA7_IRQHandler
                0x00004b2c        0xe libGENERATED_SDK_TARGET.a(dma_irq.c.o)
                0x00004b2c                DMA7_IRQHandler
 .text.DMA8_IRQHandler
                0x00004b3a        0xe libGENERATED_SDK_TARGET.a(dma_irq.c.o)
                0x00004b3a                DMA8_IRQHandler
 .text.DMA9_IRQHandler
                0x00004b48        0xe libGENERATED_SDK_TARGET.a(dma_irq.c.o)
                0x00004b48                DMA9_IRQHandler
 .text.DMA10_IRQHandler
                0x00004b56        0xe libGENERATED_SDK_TARGET.a(dma_irq.c.o)
                0x00004b56                DMA10_IRQHandler
 .text.DMA11_IRQHandler
                0x00004b64        0xe libGENERATED_SDK_TARGET.a(dma_irq.c.o)
                0x00004b64                DMA11_IRQHandler
 .text.DMA12_IRQHandler
                0x00004b72        0xe libGENERATED_SDK_TARGET.a(dma_irq.c.o)
                0x00004b72                DMA12_IRQHandler
 .text.DMA13_IRQHandler
                0x00004b80        0xe libGENERATED_SDK_TARGET.a(dma_irq.c.o)
                0x00004b80                DMA13_IRQHandler
 .text.DMA14_IRQHandler
                0x00004b8e        0xe libGENERATED_SDK_TARGET.a(dma_irq.c.o)
                0x00004b8e                DMA14_IRQHandler
 .text.DMA15_IRQHandler
                0x00004b9c        0xe libGENERATED_SDK_TARGET.a(dma_irq.c.o)
                0x00004b9c                DMA15_IRQHandler
 .text.DMA_Error_IRQHandler
                0x00004baa       0x4a libGENERATED_SDK_TARGET.a(dma_irq.c.o)
                0x00004baa                DMA_Error_IRQHandler
 .text.LINFlexD_EnterInitMode
                0x00004bf4       0x2e libGENERATED_SDK_TARGET.a(linflexd_uart_driver.c.o)
 .text.LINFlexD_EnterNormalMode
                0x00004c22       0x2e libGENERATED_SDK_TARGET.a(linflexd_uart_driver.c.o)
 .text.LINFlexD_SetMode
                0x00004c50       0x36 libGENERATED_SDK_TARGET.a(linflexd_uart_driver.c.o)
 .text.LINFlexD_GetLinState
                0x00004c86       0x22 libGENERATED_SDK_TARGET.a(linflexd_uart_driver.c.o)
 .text.LINFlexD_SetUartWordLength
                0x00004ca8       0x50 libGENERATED_SDK_TARGET.a(linflexd_uart_driver.c.o)
 .text.LINFlexD_SetParityControl
                0x00004cf8       0x3c libGENERATED_SDK_TARGET.a(linflexd_uart_driver.c.o)
 .text.LINFlexD_SetParityType
                0x00004d34       0x52 libGENERATED_SDK_TARGET.a(linflexd_uart_driver.c.o)
 .text.LINFlexD_SetTransmitterState
                0x00004d86       0x3c libGENERATED_SDK_TARGET.a(linflexd_uart_driver.c.o)
 .text.LINFlexD_SetReceiverState
                0x00004dc2       0x3c libGENERATED_SDK_TARGET.a(linflexd_uart_driver.c.o)
 .text.LINFlexD_SetTxMode
                0x00004dfe       0x38 libGENERATED_SDK_TARGET.a(linflexd_uart_driver.c.o)
 .text.LINFlexD_SetRxMode
                0x00004e36       0x38 libGENERATED_SDK_TARGET.a(linflexd_uart_driver.c.o)
 .text.LINFlexD_SetRxDataFieldLength
                0x00004e6e       0x38 libGENERATED_SDK_TARGET.a(linflexd_uart_driver.c.o)
 .text.LINFlexD_SetTxDataFieldLength
                0x00004ea6       0x36 libGENERATED_SDK_TARGET.a(linflexd_uart_driver.c.o)
 .text.LINFlexD_SetRxStopBitsCount
                0x00004edc       0x38 libGENERATED_SDK_TARGET.a(linflexd_uart_driver.c.o)
 .text.LINFlexD_SetMonitorIdleState
                0x00004f14       0x3e libGENERATED_SDK_TARGET.a(linflexd_uart_driver.c.o)
 .text.LINFlexD_SetDisableTimeout
                0x00004f52       0x3e libGENERATED_SDK_TARGET.a(linflexd_uart_driver.c.o)
 .text.LINFlexD_SetFractionalBaudRate
                0x00004f90       0x36 libGENERATED_SDK_TARGET.a(linflexd_uart_driver.c.o)
 .text.LINFlexD_SetIntegerBaudRate
                0x00004fc6       0x34 libGENERATED_SDK_TARGET.a(linflexd_uart_driver.c.o)
 .text.LINFlexD_SetTxStopBitsCount
                0x00004ffa       0x40 libGENERATED_SDK_TARGET.a(linflexd_uart_driver.c.o)
 .text.LINFlexD_ClearStatusFlag
                0x0000503a       0x1c libGENERATED_SDK_TARGET.a(linflexd_uart_driver.c.o)
 .text.LINFlexD_GetStatusFlag
                0x00005056       0x28 libGENERATED_SDK_TARGET.a(linflexd_uart_driver.c.o)
 .text.LINFlexD_SetInterruptMode
                0x0000507e       0x40 libGENERATED_SDK_TARGET.a(linflexd_uart_driver.c.o)
 .text.LINFlexD_IsInterruptEnabled
                0x000050be       0x26 libGENERATED_SDK_TARGET.a(linflexd_uart_driver.c.o)
 .text.LINFlexD_SetTxDataBuffer1Byte
                0x000050e4       0x1e libGENERATED_SDK_TARGET.a(linflexd_uart_driver.c.o)
 .text.LINFlexD_SetTxDataBuffer2Bytes
                0x00005102       0x1c libGENERATED_SDK_TARGET.a(linflexd_uart_driver.c.o)
 .text.LINFlexD_GetRxDataBuffer1Byte
                0x0000511e       0x1a libGENERATED_SDK_TARGET.a(linflexd_uart_driver.c.o)
 .text.LINFlexD_GetRxDataBuffer2Bytes
                0x00005138       0x18 libGENERATED_SDK_TARGET.a(linflexd_uart_driver.c.o)
 .text.LINFlexD_UART_DRV_SetBaudRate
                0x00005150      0x148 libGENERATED_SDK_TARGET.a(linflexd_uart_driver.c.o)
                0x00005150                LINFlexD_UART_DRV_SetBaudRate
 .text.LINFlexD_UART_DRV_Init
                0x00005298      0x218 libGENERATED_SDK_TARGET.a(linflexd_uart_driver.c.o)
                0x00005298                LINFlexD_UART_DRV_Init
 .text.LINFlexD_UART_DRV_SendDataPolling
                0x000054b0       0xd8 libGENERATED_SDK_TARGET.a(linflexd_uart_driver.c.o)
                0x000054b0                LINFlexD_UART_DRV_SendDataPolling
 .text.LINFlexD_UART_DRV_RxIRQHandler
                0x00005588       0xb8 libGENERATED_SDK_TARGET.a(linflexd_uart_driver.c.o)
                0x00005588                LINFlexD_UART_DRV_RxIRQHandler
 .text.LINFlexD_UART_DRV_TxIRQHandler
                0x00005640       0x98 libGENERATED_SDK_TARGET.a(linflexd_uart_driver.c.o)
                0x00005640                LINFlexD_UART_DRV_TxIRQHandler
 .text.LINFlexD_UART_DRV_ErrIRQHandler
                0x000056d8       0xa8 libGENERATED_SDK_TARGET.a(linflexd_uart_driver.c.o)
                0x000056d8                LINFlexD_UART_DRV_ErrIRQHandler
 .text.LINFlexD_UART_DRV_RxTOHandler
                0x00005780       0x70 libGENERATED_SDK_TARGET.a(linflexd_uart_driver.c.o)
                0x00005780                LINFlexD_UART_DRV_RxTOHandler
 .text.LINFlexD_UART_DRV_IRQHandler
                0x000057f0       0x9c libGENERATED_SDK_TARGET.a(linflexd_uart_driver.c.o)
                0x000057f0                LINFlexD_UART_DRV_IRQHandler
 .text.LINFlexD_UART_DRV_CompleteSendUsingInterrupts
                0x0000588c       0x68 libGENERATED_SDK_TARGET.a(linflexd_uart_driver.c.o)
 .text.LINFlexD_UART_DRV_CompleteReceiveUsingInterrupts
                0x000058f4       0x68 libGENERATED_SDK_TARGET.a(linflexd_uart_driver.c.o)
 .text.LINFlexD_UART_DRV_CompleteReceiveUsingDma
                0x0000595c       0xf0 libGENERATED_SDK_TARGET.a(linflexd_uart_driver.c.o)
 .text.LINFlexD_UART_DRV_PutData
                0x00005a4c       0xc0 libGENERATED_SDK_TARGET.a(linflexd_uart_driver.c.o)
 .text.LINFlexD_UART_DRV_GetData
                0x00005b0c       0xc0 libGENERATED_SDK_TARGET.a(linflexd_uart_driver.c.o)
 .text.LINFlexD0_UART_IRQHandler
                0x00005bcc        0xe libGENERATED_SDK_TARGET.a(linflexd_uart_irq.c.o)
                0x00005bcc                LINFlexD0_UART_IRQHandler
 .text.LINFlexD1_UART_IRQHandler
                0x00005bda        0xe libGENERATED_SDK_TARGET.a(linflexd_uart_irq.c.o)
                0x00005bda                LINFlexD1_UART_IRQHandler
 .text.LINFlexD2_UART_IRQHandler
                0x00005be8        0xe libGENERATED_SDK_TARGET.a(linflexd_uart_irq.c.o)
                0x00005be8                LINFlexD2_UART_IRQHandler
 .text.LINFlexD3_UART_IRQHandler
                0x00005bf6        0xe libGENERATED_SDK_TARGET.a(linflexd_uart_irq.c.o)
                0x00005bf6                LINFlexD3_UART_IRQHandler
 .text.LINFlexD4_UART_IRQHandler
                0x00005c04        0xe libGENERATED_SDK_TARGET.a(linflexd_uart_irq.c.o)
                0x00005c04                LINFlexD4_UART_IRQHandler
 .text.LINFlexD5_UART_IRQHandler
                0x00005c12        0xe libGENERATED_SDK_TARGET.a(linflexd_uart_irq.c.o)
                0x00005c12                LINFlexD5_UART_IRQHandler
 .text.init_data_bss
                0x00005c20      0x128 libGENERATED_SDK_TARGET.a(startup.c.o)
                0x00005c20                init_data_bss
 .text.ARM_MPU_Enable
                0x00005d48       0x44 libGENERATED_SDK_TARGET.a(system_YTM32B1ME0.c.o)
 .text.ARM_MPU_SetMemAttrEx
                0x00005d8c       0x68 libGENERATED_SDK_TARGET.a(system_YTM32B1ME0.c.o)
 .text.ARM_MPU_SetMemAttr
                0x00005df4       0x28 libGENERATED_SDK_TARGET.a(system_YTM32B1ME0.c.o)
 .text.ARM_MPU_OrderedMemcpy
                0x00005e1c       0x40 libGENERATED_SDK_TARGET.a(system_YTM32B1ME0.c.o)
 .text.ARM_MPU_LoadEx
                0x00005e5c       0xba libGENERATED_SDK_TARGET.a(system_YTM32B1ME0.c.o)
 *fill*         0x00005f16        0x2 
 .text.ARM_MPU_Load
                0x00005f18       0x24 libGENERATED_SDK_TARGET.a(system_YTM32B1ME0.c.o)
 .text.EfmInitMpu
                0x00005f3c       0x48 libGENERATED_SDK_TARGET.a(system_YTM32B1ME0.c.o)
 .text.SystemInit
                0x00005f84       0x4c libGENERATED_SDK_TARGET.a(system_YTM32B1ME0.c.o)
                0x00005f84                SystemInit
 .text.osif_Tick
                0x00005fd0       0x1c libGENERATED_SDK_TARGET.a(osif_baremetal.c.o)
 .text.SysTick_Handler
                0x00005fec        0xc libGENERATED_SDK_TARGET.a(osif_baremetal.c.o)
                0x00005fec                SysTick_Handler
 .text.osif_DisableIrqGlobal
                0x00005ff8        0xc libGENERATED_SDK_TARGET.a(osif_baremetal.c.o)
 .text.osif_EnableIrqGlobal
                0x00006004        0xc libGENERATED_SDK_TARGET.a(osif_baremetal.c.o)
 .text.OSIF_SemaPost
                0x00006010       0x3c libGENERATED_SDK_TARGET.a(osif_baremetal.c.o)
                0x00006010                OSIF_SemaPost
 .text.OSIF_SemaCreate
                0x0000604c       0x24 libGENERATED_SDK_TARGET.a(osif_baremetal.c.o)
                0x0000604c                OSIF_SemaCreate
 .text.eTMR_SetClkSrc
                0x00006070       0x2c libGENERATED_SDK_TARGET.a(etmr_common.c.o)
 .text.eTMR_SetClkPrs
                0x0000609c       0x2c libGENERATED_SDK_TARGET.a(etmr_common.c.o)
 .text.eTMR_GetClkPrs
                0x000060c8       0x20 libGENERATED_SDK_TARGET.a(etmr_common.c.o)
 .text.eTMR_SetDebugModeDisable
                0x000060e8       0x2a libGENERATED_SDK_TARGET.a(etmr_common.c.o)
 .text.eTMR_Enable
                0x00006112       0x1e libGENERATED_SDK_TARGET.a(etmr_common.c.o)
 .text.eTMR_SetRegLoadFreq
                0x00006130       0x34 libGENERATED_SDK_TARGET.a(etmr_common.c.o)
 .text.eTMR_SetHwTrig2Enable
                0x00006164       0x34 libGENERATED_SDK_TARGET.a(etmr_common.c.o)
 .text.eTMR_SetHwTrig1Enable
                0x00006198       0x34 libGENERATED_SDK_TARGET.a(etmr_common.c.o)
 .text.eTMR_SetHwTrig0Enable
                0x000061cc       0x34 libGENERATED_SDK_TARGET.a(etmr_common.c.o)
 .text.eTMR_SetMaskLoadOpportunity
                0x00006200       0x32 libGENERATED_SDK_TARGET.a(etmr_common.c.o)
 .text.eTMR_SetMaskLoadTrigSrc
                0x00006232       0x34 libGENERATED_SDK_TARGET.a(etmr_common.c.o)
 .text.eTMR_SetCounterLoadOpportunity
                0x00006266       0x34 libGENERATED_SDK_TARGET.a(etmr_common.c.o)
 .text.eTMR_SetCounterLoadTrigSrc
                0x0000629a       0x34 libGENERATED_SDK_TARGET.a(etmr_common.c.o)
 .text.eTMR_SetRegLoadOpportunity
                0x000062ce       0x32 libGENERATED_SDK_TARGET.a(etmr_common.c.o)
 .text.eTMR_SetRegLoadTrigSrc
                0x00006300       0x34 libGENERATED_SDK_TARGET.a(etmr_common.c.o)
 .text.eTMR_SetLdok
                0x00006334       0x1e libGENERATED_SDK_TARGET.a(etmr_common.c.o)
 .text.eTMR_SetOutputTrigWidth
                0x00006352       0x34 libGENERATED_SDK_TARGET.a(etmr_common.c.o)
 .text.eTMR_SetOutputTrigFreq
                0x00006386       0x32 libGENERATED_SDK_TARGET.a(etmr_common.c.o)
 .text.eTMR_SetPulseOutSrc
                0x000063b8       0x34 libGENERATED_SDK_TARGET.a(etmr_common.c.o)
 .text.eTMR_SetOutTrigSrc
                0x000063ec       0x34 libGENERATED_SDK_TARGET.a(etmr_common.c.o)
 .text.eTMR_SetModMatchTrigEnable
                0x00006420       0x34 libGENERATED_SDK_TARGET.a(etmr_common.c.o)
 .text.eTMR_SetMidMatchTrigEnable
                0x00006454       0x34 libGENERATED_SDK_TARGET.a(etmr_common.c.o)
 .text.eTMR_SetInitMatchTrigEnable
                0x00006488       0x2e libGENERATED_SDK_TARGET.a(etmr_common.c.o)
 .text.eTMR_SetTofIntEnable
                0x000064b6       0x34 libGENERATED_SDK_TARGET.a(etmr_common.c.o)
 .text.eTMR_SetChnLdEnable
                0x000064ea       0x58 libGENERATED_SDK_TARGET.a(etmr_common.c.o)
 .text.eTMR_IsChnVal1MatchTrigEnable
                0x00006542       0x56 libGENERATED_SDK_TARGET.a(etmr_common.c.o)
 .text.eTMR_IsChnVal0MatchTrigEnable
                0x00006598       0x58 libGENERATED_SDK_TARGET.a(etmr_common.c.o)
 .text.eTMR_DRV_Enable
                0x000065f0       0x24 libGENERATED_SDK_TARGET.a(etmr_common.c.o)
                0x000065f0                eTMR_DRV_Enable
 .text.eTMR_DRV_Init
                0x00006614      0x1cc libGENERATED_SDK_TARGET.a(etmr_common.c.o)
                0x00006614                eTMR_DRV_Init
 .text.eTMR_DRV_GetChannelNum
                0x000067e0       0x44 libGENERATED_SDK_TARGET.a(etmr_common.c.o)
                0x000067e0                eTMR_DRV_GetChannelNum
 .text.eTMR_DRV_Deinit
                0x00006824       0x28 libGENERATED_SDK_TARGET.a(etmr_common.c.o)
                0x00006824                eTMR_DRV_Deinit
 .text.eTMR_DRV_SetLdok
                0x0000684c       0x28 libGENERATED_SDK_TARGET.a(etmr_common.c.o)
                0x0000684c                eTMR_DRV_SetLdok
 .text.eTMR_DRV_SetSync
                0x00006874       0xc4 libGENERATED_SDK_TARGET.a(etmr_common.c.o)
                0x00006874                eTMR_DRV_SetSync
 .text.eTMR_DRV_SetOutputTrigger
                0x00006938      0x118 libGENERATED_SDK_TARGET.a(etmr_common.c.o)
                0x00006938                eTMR_DRV_SetOutputTrigger
 .text.eTMR_DRV_GetFrequency
                0x00006a50       0x74 libGENERATED_SDK_TARGET.a(etmr_common.c.o)
                0x00006a50                eTMR_DRV_GetFrequency
 .text.eTMR_DRV_ConvertFreqToPeriodTicks
                0x00006ac4       0x30 libGENERATED_SDK_TARGET.a(etmr_common.c.o)
                0x00006ac4                eTMR_DRV_ConvertFreqToPeriodTicks
 .text.eTMR_SetCh01CompMode
                0x00006af4       0x2c libGENERATED_SDK_TARGET.a(etmr_hw_access.c.o)
 .text.eTMR_SetCh23CompMode
                0x00006b20       0x2c libGENERATED_SDK_TARGET.a(etmr_hw_access.c.o)
 .text.eTMR_SetCh45CompMode
                0x00006b4c       0x2c libGENERATED_SDK_TARGET.a(etmr_hw_access.c.o)
 .text.eTMR_SetCh67CompMode
                0x00006b78       0x2c libGENERATED_SDK_TARGET.a(etmr_hw_access.c.o)
 .text.eTMR_SetCh67DoubleSwitch
                0x00006ba4       0x2c libGENERATED_SDK_TARGET.a(etmr_hw_access.c.o)
 .text.eTMR_SetCh45DoubleSwitch
                0x00006bd0       0x2c libGENERATED_SDK_TARGET.a(etmr_hw_access.c.o)
 .text.eTMR_SetCh23DoubleSwitch
                0x00006bfc       0x2c libGENERATED_SDK_TARGET.a(etmr_hw_access.c.o)
 .text.eTMR_SetCh01DoubleSwitch
                0x00006c28       0x2c libGENERATED_SDK_TARGET.a(etmr_hw_access.c.o)
 .text.eTMR_IsInvertFault3InputPol
                0x00006c54       0x34 libGENERATED_SDK_TARGET.a(etmr_hw_access.c.o)
 .text.eTMR_IsInvertFault2InputPol
                0x00006c88       0x34 libGENERATED_SDK_TARGET.a(etmr_hw_access.c.o)
 .text.eTMR_IsInvertFault1InputPol
                0x00006cbc       0x34 libGENERATED_SDK_TARGET.a(etmr_hw_access.c.o)
 .text.eTMR_IsInvertFault0InputPol
                0x00006cf0       0x34 libGENERATED_SDK_TARGET.a(etmr_hw_access.c.o)
 .text.eTMR_IsFault3Enable
                0x00006d24       0x34 libGENERATED_SDK_TARGET.a(etmr_hw_access.c.o)
 .text.eTMR_IsFault2Enable
                0x00006d58       0x34 libGENERATED_SDK_TARGET.a(etmr_hw_access.c.o)
 .text.eTMR_IsFault1Enable
                0x00006d8c       0x34 libGENERATED_SDK_TARGET.a(etmr_hw_access.c.o)
 .text.eTMR_IsFault0Enable
                0x00006dc0       0x2e libGENERATED_SDK_TARGET.a(etmr_hw_access.c.o)
 *fill*         0x00006dee        0x2 
 .text.eTMR_DRV_Reset
                0x00006df0       0x48 libGENERATED_SDK_TARGET.a(etmr_hw_access.c.o)
                0x00006df0                eTMR_DRV_Reset
 .text.eTMR_DRV_ClearTofFlag
                0x00006e38       0x28 libGENERATED_SDK_TARGET.a(etmr_hw_access.c.o)
                0x00006e38                eTMR_DRV_ClearTofFlag
 .text.eTMR_DRV_SetChnCompMode
                0x00006e60       0x78 libGENERATED_SDK_TARGET.a(etmr_hw_access.c.o)
                0x00006e60                eTMR_DRV_SetChnCompMode
 .text.eTMR_DRV_SetChnDoubleSwitch
                0x00006ed8       0x78 libGENERATED_SDK_TARGET.a(etmr_hw_access.c.o)
                0x00006ed8                eTMR_DRV_SetChnDoubleSwitch
 .text.eTMR_DRV_SetFaultChnPol
                0x00006f50       0x78 libGENERATED_SDK_TARGET.a(etmr_hw_access.c.o)
                0x00006f50                eTMR_DRV_SetFaultChnPol
 .text.eTMR_DRV_SetFaultChnEnable
                0x00006fc8       0x78 libGENERATED_SDK_TARGET.a(etmr_hw_access.c.o)
                0x00006fc8                eTMR_DRV_SetFaultChnEnable
 .text.eTMR_SetCntVal
                0x00007040       0x2a libGENERATED_SDK_TARGET.a(etmr_pwm_driver.c.o)
 .text.eTMR_SetCounterInitValSrc
                0x0000706a       0x34 libGENERATED_SDK_TARGET.a(etmr_pwm_driver.c.o)
 .text.eTMR_SetFaultIntEnable
                0x0000709e       0x34 libGENERATED_SDK_TARGET.a(etmr_pwm_driver.c.o)
 .text.eTMR_SetChnOutInitVal
                0x000070d2       0x1c libGENERATED_SDK_TARGET.a(etmr_pwm_driver.c.o)
 .text.eTMR_SetChnOutFaultVal
                0x000070ee       0x2e libGENERATED_SDK_TARGET.a(etmr_pwm_driver.c.o)
 .text.eTMR_SetInitVal
                0x0000711c       0x1a libGENERATED_SDK_TARGET.a(etmr_pwm_driver.c.o)
 .text.eTMR_SetMod
                0x00007136       0x1a libGENERATED_SDK_TARGET.a(etmr_pwm_driver.c.o)
 .text.eTMR_SetFaultFilterSampleCnt
                0x00007150       0x30 libGENERATED_SDK_TARGET.a(etmr_pwm_driver.c.o)
 .text.eTMR_SetFaultFilterSamplePeriod
                0x00007180       0x34 libGENERATED_SDK_TARGET.a(etmr_pwm_driver.c.o)
 .text.eTMR_SetFaultInputStrentch
                0x000071b4       0x34 libGENERATED_SDK_TARGET.a(etmr_pwm_driver.c.o)
 .text.eTMR_EnableFaultCombLogic
                0x000071e8       0x2a libGENERATED_SDK_TARGET.a(etmr_pwm_driver.c.o)
 .text.eTMR_SetPwmRecoveryOpportunity
                0x00007212       0x34 libGENERATED_SDK_TARGET.a(etmr_pwm_driver.c.o)
 .text.eTMR_SetPwmAutoRecoveryMode
                0x00007246       0x34 libGENERATED_SDK_TARGET.a(etmr_pwm_driver.c.o)
 .text.eTMR_SetChnPwmSrc
                0x0000727a       0x54 libGENERATED_SDK_TARGET.a(etmr_pwm_driver.c.o)
 .text.eTMR_IsInvertChnOutputPol
                0x000072ce       0x58 libGENERATED_SDK_TARGET.a(etmr_pwm_driver.c.o)
 .text.eTMR_SetChnMode
                0x00007326       0x56 libGENERATED_SDK_TARGET.a(etmr_pwm_driver.c.o)
 .text.eTMR_SetChnVal0
                0x0000737c       0x28 libGENERATED_SDK_TARGET.a(etmr_pwm_driver.c.o)
 .text.eTMR_SetChnVal1
                0x000073a4       0x26 libGENERATED_SDK_TARGET.a(etmr_pwm_driver.c.o)
 .text.eTMR_SetChnDeadtime
                0x000073ca       0x52 libGENERATED_SDK_TARGET.a(etmr_pwm_driver.c.o)
 .text.eTMR_DRV_InitPwmChannel
                0x0000741c      0x218 libGENERATED_SDK_TARGET.a(etmr_pwm_driver.c.o)
                0x0000741c                eTMR_DRV_InitPwmChannel
 .text.eTMR_DRV_InitPwmDutyCycleChannel
                0x00007634       0xf0 libGENERATED_SDK_TARGET.a(etmr_pwm_driver.c.o)
                0x00007634                eTMR_DRV_InitPwmDutyCycleChannel
 .text.eTMR_DRV_InitFault
                0x00007724      0x124 libGENERATED_SDK_TARGET.a(etmr_pwm_driver.c.o)
                0x00007724                eTMR_DRV_InitFault
 .text.eTMR_DRV_InitPwm
                0x00007848       0xbc libGENERATED_SDK_TARGET.a(etmr_pwm_driver.c.o)
                0x00007848                eTMR_DRV_InitPwm
 .text.eTMR_DRV_UpdatePwmChannel
                0x00007904       0xa4 libGENERATED_SDK_TARGET.a(etmr_pwm_driver.c.o)
                0x00007904                eTMR_DRV_UpdatePwmChannel
 .text.eTMR_DRV_CalculateDutyCycle
                0x000079a8      0x3b8 libGENERATED_SDK_TARGET.a(etmr_pwm_driver.c.o)
 *(.rodata)
 .rodata        0x00007d60       0x66 CMakeFiles/Vehicle-thermal-management.elf.dir/app/main.c.o
 *fill*         0x00007dc6        0x2 
 .rodata        0x00007dc8       0x18 CMakeFiles/Vehicle-thermal-management.elf.dir/app/UART/printf/printf.c.o
 .rodata        0x00007de0        0x8 libGENERATED_SDK_TARGET.a(system_YTM32B1ME0.c.o)
 *(.rodata*)
 .rodata.pow10.0
                0x00007de8       0x50 CMakeFiles/Vehicle-thermal-management.elf.dir/app/UART/printf/printf.c.o
 .rodata.clock_config0ScuConfig
                0x00007e38       0x28 libGENERATED_SDK_TARGET.a(clock_config.c.o)
                0x00007e38                clock_config0ScuConfig
 .rodata.linflexd_uart_config0
                0x00007e60        0xc libGENERATED_SDK_TARGET.a(linflexd_uart_config.c.o)
                0x00007e60                linflexd_uart_config0
 .rodata.clockNameMappings
                0x00007e6c       0x8c libGENERATED_SDK_TARGET.a(clock_YTM32B1Mx.c.o)
                0x00007e6c                clockNameMappings
 .rodata.s_uartLINFlexDBase
                0x00007ef8       0x18 libGENERATED_SDK_TARGET.a(linflexd_uart_driver.c.o)
 .rodata.s_uartLINFlexDIntVec
                0x00007f10        0xc libGENERATED_SDK_TARGET.a(linflexd_uart_driver.c.o)
 .rodata.s_uartLINFlexDClkNames
                0x00007f1c        0x6 libGENERATED_SDK_TARGET.a(linflexd_uart_driver.c.o)
 *fill*         0x00007f22        0x2 
 .rodata.g_uartLINFlexDIsr
                0x00007f24       0x18 libGENERATED_SDK_TARGET.a(linflexd_uart_irq.c.o)
                0x00007f24                g_uartLINFlexDIsr
 .rodata.g_etmrBase
                0x00007f3c       0x18 libGENERATED_SDK_TARGET.a(etmr_common.c.o)
                0x00007f3c                g_etmrBase
 .rodata.g_etmrChannelNum
                0x00007f54        0x6 libGENERATED_SDK_TARGET.a(etmr_common.c.o)
                0x00007f54                g_etmrChannelNum
 *fill*         0x00007f5a        0x2 
 .rodata.g_etmrOverflowIrqId
                0x00007f5c        0xc libGENERATED_SDK_TARGET.a(etmr_common.c.o)
                0x00007f5c                g_etmrOverflowIrqId
 *(.init)
 .init          0x00007f68        0x4 c:/users/zhangyifei/appdata/roaming/yt_config_tool/gcc-arm-none-eabi-10.3-2021.10/bin/../lib/gcc/arm-none-eabi/10.3.1/thumb/v8-m.main/nofp/crti.o
                0x00007f68                _init
 *(.fini)
 .fini          0x00007f6c        0x4 c:/users/zhangyifei/appdata/roaming/yt_config_tool/gcc-arm-none-eabi-10.3-2021.10/bin/../lib/gcc/arm-none-eabi/10.3.1/thumb/v8-m.main/nofp/crti.o
                0x00007f6c                _fini
 *(.eh_frame)
                0x00007f70                . = ALIGN (0x4)

.glue_7         0x00007f70        0x0
 .glue_7        0x00007f70        0x0 linker stubs

.glue_7t        0x00007f70        0x0
 .glue_7t       0x00007f70        0x0 linker stubs

.vfp11_veneer   0x00007f70        0x0
 .vfp11_veneer  0x00007f70        0x0 linker stubs

.v4_bx          0x00007f70        0x0
 .v4_bx         0x00007f70        0x0 linker stubs

.iplt           0x00007f70        0x0
 .iplt          0x00007f70        0x0 CMakeFiles/Vehicle-thermal-management.elf.dir/app/main.c.o

.ARM            0x00007f70        0x8
                0x00007f70                __exidx_start = .
 *(.ARM.exidx*)
 .ARM.exidx     0x00007f70        0x8 c:/users/zhangyifei/appdata/roaming/yt_config_tool/gcc-arm-none-eabi-10.3-2021.10/bin/../lib/gcc/arm-none-eabi/10.3.1/thumb/v8-m.main/nofp\libgcc.a(_udivmoddi4.o)
                0x00007f78                __exidx_end = .
                0x00007f78                __etext = .
                0x00007f78                __DATA_ROM = .

.rel.dyn        0x00007f78        0x0
 .rel.iplt      0x00007f78        0x0 CMakeFiles/Vehicle-thermal-management.elf.dir/app/main.c.o

.interrupts_ram
                0x1fff0000      0x400
                0x1fff0000                . = ALIGN (0x4)
                0x1fff0000                __VECTOR_RAM__ = .
                0x1fff0000                __RAM_START = .
                0x1fff0000                __interrupts_ram_start__ = .
 *(.m_interrupts_ram)
                0x1fff0400                . = (. + M_VECTOR_RAM_SIZE)
 *fill*         0x1fff0000      0x400 
                0x1fff0400                . = ALIGN (0x4)
                0x1fff0400                __interrupts_ram_end__ = .
                0x1fff0000                __VECTOR_RAM = DEFINED (__flash_vector_table__)?ORIGIN (m_interrupts):__VECTOR_RAM__
                0x00000400                __RAM_VECTOR_TABLE_SIZE = DEFINED (__flash_vector_table__)?0x0:(__interrupts_ram_end__ - __interrupts_ram_start__)

.data           0x1fff0400       0xc0 load address 0x00007f78
                0x1fff0400                . = ALIGN (0x4)
                0x1fff0400                __DATA_RAM = .
                0x1fff0400                __data_start__ = .
 *(.data)
 *(.data*)
 .data.eTMR_PwmSyncConfig_1
                0x1fff0400        0xa CMakeFiles/Vehicle-thermal-management.elf.dir/app/PWM/PWM.c.o
                0x1fff0400                eTMR_PwmSyncConfig_1
 *fill*         0x1fff040a        0x2 
 .data.ETMR_PWM_USER_CONFIG_info
                0x1fff040c       0x10 CMakeFiles/Vehicle-thermal-management.elf.dir/app/PWM/PWM.c.o
                0x1fff040c                ETMR_PWM_USER_CONFIG_info
 .data.clock_config0PeripheralClockConfig
                0x1fff041c        0x8 libGENERATED_SDK_TARGET.a(clock_config.c.o)
                0x1fff041c                clock_config0PeripheralClockConfig
 .data.clock_config0ClockManager
                0x1fff0424       0x10 libGENERATED_SDK_TARGET.a(clock_config.c.o)
                0x1fff0424                clock_config0ClockManager
 .data.g_clockManConfigsArr
                0x1fff0434        0x4 libGENERATED_SDK_TARGET.a(clock_config.c.o)
                0x1fff0434                g_clockManConfigsArr
 .data.g_pin_mux_InitConfigArr0
                0x1fff0438       0x54 libGENERATED_SDK_TARGET.a(pin_mux.c.o)
                0x1fff0438                g_pin_mux_InitConfigArr0
 .data.SystemCoreClock
                0x1fff048c        0x4 libGENERATED_SDK_TARGET.a(system_YTM32B1ME0.c.o)
                0x1fff048c                SystemCoreClock
 .data.ETMR_PWM_Config0IndChConfig
                0x1fff0490       0x18 libGENERATED_SDK_TARGET.a(etmr_config.c.o)
                0x1fff0490                ETMR_PWM_Config0IndChConfig
 .data.ETMR_PWM_Config0
                0x1fff04a8       0x18 libGENERATED_SDK_TARGET.a(etmr_config.c.o)
                0x1fff04a8                ETMR_PWM_Config0
                0x1fff04c0                . = ALIGN (0x4)
                0x1fff04c0                __data_end__ = .
                0x00008038                __DATA_END = (__DATA_ROM + (__data_end__ - __data_start__))
                0x00008038                __CODE_ROM = __DATA_END

.igot.plt       0x1fff04c0        0x0 load address 0x00008038
 .igot.plt      0x1fff04c0        0x0 CMakeFiles/Vehicle-thermal-management.elf.dir/app/main.c.o

.code           0x1fff04c0        0x0 load address 0x00008038
                0x1fff04c0                . = ALIGN (0x4)
                0x1fff04c0                __CODE_RAM = .
                0x1fff04c0                __code_start__ = .
                0x1fff04c0                __code_ram_start__ = .
 *(.code_ram)
                0x1fff04c0                . = ALIGN (0x4)
                0x1fff04c0                __code_end__ = .
                0x1fff04c0                __code_ram_end__ = .
                0x00008038                __CODE_END = (__CODE_ROM + (__code_end__ - __code_start__))
                0x00008038                __CUSTOM_ROM = __CODE_END

.customSectionBlock
                0x1fff0000        0x0 load address 0x00008038
                0x1fff0000                __customSectionStart = .
                0x1fff0000                __customSection_start__ = .
 *(.customSection)
                0x1fff0000                __customSection_end__ = .
                0x00008038                __CUSTOM_END = (__CUSTOM_ROM + (__customSection_end__ - __customSection_start__))
                0x00008038                __rom_end = __CUSTOM_END

.bss            0x1fff04c0      0x1d0 load address 0x00008038
                0x1fff04c0                . = ALIGN (0x4)
                0x1fff04c0                __BSS_START = .
                0x1fff04c0                __bss_start__ = .
 *(.bss)
 *(.bss*)
 .bss.etmrState
                0x1fff04c0      0x128 CMakeFiles/Vehicle-thermal-management.elf.dir/app/PWM/PWM.c.o
                0x1fff04c0                etmrState
 .bss.g_clockManCallbacksArr
                0x1fff05e8        0x4 libGENERATED_SDK_TARGET.a(clock_config.c.o)
                0x1fff05e8                g_clockManCallbacksArr
 .bss.linflexd_uart_config0_State
                0x1fff05ec       0x38 libGENERATED_SDK_TARGET.a(linflexd_uart_config.c.o)
                0x1fff05ec                linflexd_uart_config0_State
 .bss.g_clockState
                0x1fff0624       0x10 libGENERATED_SDK_TARGET.a(clock_YTM32B1Mx.c.o)
 .bss.g_fxoscClkFreq
                0x1fff0634        0x4 libGENERATED_SDK_TARGET.a(clock_YTM32B1Mx.c.o)
                0x1fff0634                g_fxoscClkFreq
 .bss.g_sxoscClkFreq
                0x1fff0638        0x4 libGENERATED_SDK_TARGET.a(clock_YTM32B1Mx.c.o)
                0x1fff0638                g_sxoscClkFreq
 .bss.g_interruptDisableCount
                0x1fff063c        0x4 libGENERATED_SDK_TARGET.a(interrupt_manager.c.o)
 .bss.s_virtEdmaState
                0x1fff0640        0x4 libGENERATED_SDK_TARGET.a(dma_driver.c.o)
 .bss.s_uartLINFlexDStatePtr
                0x1fff0644       0x18 libGENERATED_SDK_TARGET.a(linflexd_uart_driver.c.o)
 .bss.s_osif_tick_cnt
                0x1fff065c        0x4 libGENERATED_SDK_TARGET.a(osif_baremetal.c.o)
 .bss.ETMR_PWM_Config0FaultConfig
                0x1fff0660       0x17 libGENERATED_SDK_TARGET.a(etmr_config.c.o)
                0x1fff0660                ETMR_PWM_Config0FaultConfig
 *fill*         0x1fff0677        0x1 
 .bss.etmrStatePtr
                0x1fff0678       0x18 libGENERATED_SDK_TARGET.a(etmr_common.c.o)
                0x1fff0678                etmrStatePtr
 *(COMMON)
                0x1fff0690                . = ALIGN (0x4)
                0x1fff0690                __bss_end__ = .
                0x1fff0690                __BSS_END = .

.heap           0x1fff0690     0x1000 load address 0x00008208
                0x1fff0690                . = ALIGN (0x8)
                0x1fff0690                __end__ = .
                0x1fff0690                __heap_start__ = .
                [!provide]                PROVIDE (end = .)
                [!provide]                PROVIDE (_end = .)
                [!provide]                PROVIDE (__end = .)
                0x1fff0690                __HeapBase = .
                0x1fff1690                . = (. + HEAP_SIZE)
 *fill*         0x1fff0690     0x1000 
                0x1fff1690                __HeapLimit = .
                0x1fff1690                __heap_limit = .
                0x1fff1690                __heap_end__ = .
                0x20010000                __StackTop = (ORIGIN (m_data) + LENGTH (m_data))
                0x2000f000                __StackLimit = (__StackTop - STACK_SIZE)
                0x20010000                PROVIDE (__stack = __StackTop)
                0x20010000                __RAM_END = __StackTop

.stack          0x2000f000     0x1000 load address 0x00026b78
                0x2000f000                . = ALIGN (0x8)
                0x2000f000                __stack_start__ = .
                0x20010000                . = (. + STACK_SIZE)
 *fill*         0x2000f000     0x1000 
                0x20010000                __stack_end__ = .

.ARM.attributes
                0x00000000       0x30
 *(.ARM.attributes)
 .ARM.attributes
                0x00000000       0x22 c:/users/zhangyifei/appdata/roaming/yt_config_tool/gcc-arm-none-eabi-10.3-2021.10/bin/../lib/gcc/arm-none-eabi/10.3.1/thumb/v8-m.main/nofp/crti.o
 .ARM.attributes
                0x00000022       0x34 CMakeFiles/Vehicle-thermal-management.elf.dir/app/main.c.o
 .ARM.attributes
                0x00000056       0x34 CMakeFiles/Vehicle-thermal-management.elf.dir/app/PWM/PWM.c.o
 .ARM.attributes
                0x0000008a       0x34 CMakeFiles/Vehicle-thermal-management.elf.dir/app/UART/UART.c.o
 .ARM.attributes
                0x000000be       0x34 CMakeFiles/Vehicle-thermal-management.elf.dir/app/UART/printf/printf.c.o
 .ARM.attributes
                0x000000f2       0x34 libGENERATED_SDK_TARGET.a(clock_config.c.o)
 .ARM.attributes
                0x00000126       0x34 libGENERATED_SDK_TARGET.a(pin_mux.c.o)
 .ARM.attributes
                0x0000015a       0x34 libGENERATED_SDK_TARGET.a(linflexd_uart_config.c.o)
 .ARM.attributes
                0x0000018e       0x34 libGENERATED_SDK_TARGET.a(clock_YTM32B1Mx.c.o)
 .ARM.attributes
                0x000001c2       0x34 libGENERATED_SDK_TARGET.a(pins_driver.c.o)
 .ARM.attributes
                0x000001f6       0x34 libGENERATED_SDK_TARGET.a(pins_port_hw_access.c.o)
 .ARM.attributes
                0x0000022a       0x34 libGENERATED_SDK_TARGET.a(interrupt_manager.c.o)
 .ARM.attributes
                0x0000025e       0x34 libGENERATED_SDK_TARGET.a(dma_driver.c.o)
 .ARM.attributes
                0x00000292       0x34 libGENERATED_SDK_TARGET.a(dma_hw_access.c.o)
 .ARM.attributes
                0x000002c6       0x34 libGENERATED_SDK_TARGET.a(dma_irq.c.o)
 .ARM.attributes
                0x000002fa       0x34 libGENERATED_SDK_TARGET.a(linflexd_uart_driver.c.o)
 .ARM.attributes
                0x0000032e       0x34 libGENERATED_SDK_TARGET.a(linflexd_uart_irq.c.o)
 .ARM.attributes
                0x00000362       0x34 libGENERATED_SDK_TARGET.a(startup.c.o)
 .ARM.attributes
                0x00000396       0x34 libGENERATED_SDK_TARGET.a(system_YTM32B1ME0.c.o)
 .ARM.attributes
                0x000003ca       0x20 libGENERATED_SDK_TARGET.a(YTM32B1ME0_startup_gcc.S.o)
 .ARM.attributes
                0x000003ea       0x34 libGENERATED_SDK_TARGET.a(osif_baremetal.c.o)
 .ARM.attributes
                0x0000041e       0x34 libGENERATED_SDK_TARGET.a(etmr_config.c.o)
 .ARM.attributes
                0x00000452       0x34 libGENERATED_SDK_TARGET.a(etmr_common.c.o)
 .ARM.attributes
                0x00000486       0x34 libGENERATED_SDK_TARGET.a(etmr_hw_access.c.o)
 .ARM.attributes
                0x000004ba       0x34 libGENERATED_SDK_TARGET.a(etmr_pwm_driver.c.o)
 .ARM.attributes
                0x000004ee       0x22 c:/users/zhangyifei/appdata/roaming/yt_config_tool/gcc-arm-none-eabi-10.3-2021.10/bin/../lib/gcc/arm-none-eabi/10.3.1/thumb/v8-m.main/nofp\libgcc.a(_arm_addsubdf3.o)
 .ARM.attributes
                0x00000510       0x22 c:/users/zhangyifei/appdata/roaming/yt_config_tool/gcc-arm-none-eabi-10.3-2021.10/bin/../lib/gcc/arm-none-eabi/10.3.1/thumb/v8-m.main/nofp\libgcc.a(_arm_muldivdf3.o)
 .ARM.attributes
                0x00000532       0x22 c:/users/zhangyifei/appdata/roaming/yt_config_tool/gcc-arm-none-eabi-10.3-2021.10/bin/../lib/gcc/arm-none-eabi/10.3.1/thumb/v8-m.main/nofp\libgcc.a(_arm_cmpdf2.o)
 .ARM.attributes
                0x00000554       0x22 c:/users/zhangyifei/appdata/roaming/yt_config_tool/gcc-arm-none-eabi-10.3-2021.10/bin/../lib/gcc/arm-none-eabi/10.3.1/thumb/v8-m.main/nofp\libgcc.a(_arm_fixdfsi.o)
 .ARM.attributes
                0x00000576       0x22 c:/users/zhangyifei/appdata/roaming/yt_config_tool/gcc-arm-none-eabi-10.3-2021.10/bin/../lib/gcc/arm-none-eabi/10.3.1/thumb/v8-m.main/nofp\libgcc.a(_arm_fixunsdfsi.o)
 .ARM.attributes
                0x00000598       0x22 c:/users/zhangyifei/appdata/roaming/yt_config_tool/gcc-arm-none-eabi-10.3-2021.10/bin/../lib/gcc/arm-none-eabi/10.3.1/thumb/v8-m.main/nofp\libgcc.a(_arm_addsubsf3.o)
 .ARM.attributes
                0x000005ba       0x22 c:/users/zhangyifei/appdata/roaming/yt_config_tool/gcc-arm-none-eabi-10.3-2021.10/bin/../lib/gcc/arm-none-eabi/10.3.1/thumb/v8-m.main/nofp\libgcc.a(_arm_muldivsf3.o)
 .ARM.attributes
                0x000005dc       0x22 c:/users/zhangyifei/appdata/roaming/yt_config_tool/gcc-arm-none-eabi-10.3-2021.10/bin/../lib/gcc/arm-none-eabi/10.3.1/thumb/v8-m.main/nofp\libgcc.a(_arm_fixunssfsi.o)
 .ARM.attributes
                0x000005fe       0x22 c:/users/zhangyifei/appdata/roaming/yt_config_tool/gcc-arm-none-eabi-10.3-2021.10/bin/../lib/gcc/arm-none-eabi/10.3.1/thumb/v8-m.main/nofp\libgcc.a(_aeabi_uldivmod.o)
 .ARM.attributes
                0x00000620       0x32 c:/users/zhangyifei/appdata/roaming/yt_config_tool/gcc-arm-none-eabi-10.3-2021.10/bin/../lib/gcc/arm-none-eabi/10.3.1/thumb/v8-m.main/nofp\libgcc.a(_udivmoddi4.o)
 .ARM.attributes
                0x00000652       0x22 c:/users/zhangyifei/appdata/roaming/yt_config_tool/gcc-arm-none-eabi-10.3-2021.10/bin/../lib/gcc/arm-none-eabi/10.3.1/thumb/v8-m.main/nofp\libgcc.a(_dvmd_tls.o)
                0x00000001                ASSERT ((__rom_end <= (ORIGIN (m_text) + LENGTH (m_text))), Region m_text overflowed!)
                0x00000001                ASSERT ((__StackLimit >= __HeapLimit), region m_data overflowed with stack and heap)
OUTPUT(Vehicle-thermal-management.elf elf32-littlearm)
LOAD linker stubs

.debug_info     0x00000000    0x15ddd
 .debug_info    0x00000000      0xfae CMakeFiles/Vehicle-thermal-management.elf.dir/app/main.c.o
 .debug_info    0x00000fae      0xad2 CMakeFiles/Vehicle-thermal-management.elf.dir/app/PWM/PWM.c.o
 .debug_info    0x00001a80      0x699 CMakeFiles/Vehicle-thermal-management.elf.dir/app/UART/UART.c.o
 .debug_info    0x00002119      0xe35 CMakeFiles/Vehicle-thermal-management.elf.dir/app/UART/printf/printf.c.o
 .debug_info    0x00002f4e      0xcbc libGENERATED_SDK_TARGET.a(clock_config.c.o)
 .debug_info    0x00003c0a      0x416 libGENERATED_SDK_TARGET.a(pin_mux.c.o)
 .debug_info    0x00004020      0x855 libGENERATED_SDK_TARGET.a(linflexd_uart_config.c.o)
 .debug_info    0x00004875     0x1f88 libGENERATED_SDK_TARGET.a(clock_YTM32B1Mx.c.o)
 .debug_info    0x000067fd     0x10ff libGENERATED_SDK_TARGET.a(pins_driver.c.o)
 .debug_info    0x000078fc      0x553 libGENERATED_SDK_TARGET.a(pins_port_hw_access.c.o)
 .debug_info    0x00007e4f      0xe09 libGENERATED_SDK_TARGET.a(interrupt_manager.c.o)
 .debug_info    0x00008c58     0x2b3b libGENERATED_SDK_TARGET.a(dma_driver.c.o)
 .debug_info    0x0000b793      0x8b9 libGENERATED_SDK_TARGET.a(dma_hw_access.c.o)
 .debug_info    0x0000c04c      0x4b8 libGENERATED_SDK_TARGET.a(dma_irq.c.o)
 .debug_info    0x0000c504     0x2745 libGENERATED_SDK_TARGET.a(linflexd_uart_driver.c.o)
 .debug_info    0x0000ec49      0x306 libGENERATED_SDK_TARGET.a(linflexd_uart_irq.c.o)
 .debug_info    0x0000ef4f      0x58c libGENERATED_SDK_TARGET.a(startup.c.o)
 .debug_info    0x0000f4db      0xca6 libGENERATED_SDK_TARGET.a(system_YTM32B1ME0.c.o)
 .debug_info    0x00010181       0x26 libGENERATED_SDK_TARGET.a(YTM32B1ME0_startup_gcc.S.o)
 .debug_info    0x000101a7      0x92a libGENERATED_SDK_TARGET.a(osif_baremetal.c.o)
 .debug_info    0x00010ad1      0x4b6 libGENERATED_SDK_TARGET.a(etmr_config.c.o)
 .debug_info    0x00010f87     0x22ad libGENERATED_SDK_TARGET.a(etmr_common.c.o)
 .debug_info    0x00013234     0x1376 libGENERATED_SDK_TARGET.a(etmr_hw_access.c.o)
 .debug_info    0x000145aa     0x1833 libGENERATED_SDK_TARGET.a(etmr_pwm_driver.c.o)

.debug_abbrev   0x00000000     0x2b55
 .debug_abbrev  0x00000000      0x192 CMakeFiles/Vehicle-thermal-management.elf.dir/app/main.c.o
 .debug_abbrev  0x00000192      0x176 CMakeFiles/Vehicle-thermal-management.elf.dir/app/PWM/PWM.c.o
 .debug_abbrev  0x00000308       0xd9 CMakeFiles/Vehicle-thermal-management.elf.dir/app/UART/UART.c.o
 .debug_abbrev  0x000003e1      0x22d CMakeFiles/Vehicle-thermal-management.elf.dir/app/UART/printf/printf.c.o
 .debug_abbrev  0x0000060e      0x142 libGENERATED_SDK_TARGET.a(clock_config.c.o)
 .debug_abbrev  0x00000750      0x11c libGENERATED_SDK_TARGET.a(pin_mux.c.o)
 .debug_abbrev  0x0000086c       0xdd libGENERATED_SDK_TARGET.a(linflexd_uart_config.c.o)
 .debug_abbrev  0x00000949      0x32b libGENERATED_SDK_TARGET.a(clock_YTM32B1Mx.c.o)
 .debug_abbrev  0x00000c74      0x28c libGENERATED_SDK_TARGET.a(pins_driver.c.o)
 .debug_abbrev  0x00000f00      0x1bd libGENERATED_SDK_TARGET.a(pins_port_hw_access.c.o)
 .debug_abbrev  0x000010bd      0x23b libGENERATED_SDK_TARGET.a(interrupt_manager.c.o)
 .debug_abbrev  0x000012f8      0x2b2 libGENERATED_SDK_TARGET.a(dma_driver.c.o)
 .debug_abbrev  0x000015aa      0x1ea libGENERATED_SDK_TARGET.a(dma_hw_access.c.o)
 .debug_abbrev  0x00001794      0x161 libGENERATED_SDK_TARGET.a(dma_irq.c.o)
 .debug_abbrev  0x000018f5      0x2ea libGENERATED_SDK_TARGET.a(linflexd_uart_driver.c.o)
 .debug_abbrev  0x00001bdf       0xba libGENERATED_SDK_TARGET.a(linflexd_uart_irq.c.o)
 .debug_abbrev  0x00001c99      0x110 libGENERATED_SDK_TARGET.a(startup.c.o)
 .debug_abbrev  0x00001da9      0x2c9 libGENERATED_SDK_TARGET.a(system_YTM32B1ME0.c.o)
 .debug_abbrev  0x00002072       0x14 libGENERATED_SDK_TARGET.a(YTM32B1ME0_startup_gcc.S.o)
 .debug_abbrev  0x00002086      0x254 libGENERATED_SDK_TARGET.a(osif_baremetal.c.o)
 .debug_abbrev  0x000022da       0xc1 libGENERATED_SDK_TARGET.a(etmr_config.c.o)
 .debug_abbrev  0x0000239b      0x303 libGENERATED_SDK_TARGET.a(etmr_common.c.o)
 .debug_abbrev  0x0000269e      0x24b libGENERATED_SDK_TARGET.a(etmr_hw_access.c.o)
 .debug_abbrev  0x000028e9      0x26c libGENERATED_SDK_TARGET.a(etmr_pwm_driver.c.o)

.debug_aranges  0x00000000     0x11e0
 .debug_aranges
                0x00000000       0x28 CMakeFiles/Vehicle-thermal-management.elf.dir/app/main.c.o
 .debug_aranges
                0x00000028       0x38 CMakeFiles/Vehicle-thermal-management.elf.dir/app/PWM/PWM.c.o
 .debug_aranges
                0x00000060       0x20 CMakeFiles/Vehicle-thermal-management.elf.dir/app/UART/UART.c.o
 .debug_aranges
                0x00000080       0xc0 CMakeFiles/Vehicle-thermal-management.elf.dir/app/UART/printf/printf.c.o
 .debug_aranges
                0x00000140       0x18 libGENERATED_SDK_TARGET.a(clock_config.c.o)
 .debug_aranges
                0x00000158       0x18 libGENERATED_SDK_TARGET.a(pin_mux.c.o)
 .debug_aranges
                0x00000170       0x18 libGENERATED_SDK_TARGET.a(linflexd_uart_config.c.o)
 .debug_aranges
                0x00000188      0x1f8 libGENERATED_SDK_TARGET.a(clock_YTM32B1Mx.c.o)
 .debug_aranges
                0x00000380      0x178 libGENERATED_SDK_TARGET.a(pins_driver.c.o)
 .debug_aranges
                0x000004f8       0x38 libGENERATED_SDK_TARGET.a(pins_port_hw_access.c.o)
 .debug_aranges
                0x00000530       0xa0 libGENERATED_SDK_TARGET.a(interrupt_manager.c.o)
 .debug_aranges
                0x000005d0      0x200 libGENERATED_SDK_TARGET.a(dma_driver.c.o)
 .debug_aranges
                0x000007d0       0x88 libGENERATED_SDK_TARGET.a(dma_hw_access.c.o)
 .debug_aranges
                0x00000858       0xa8 libGENERATED_SDK_TARGET.a(dma_irq.c.o)
 .debug_aranges
                0x00000900      0x218 libGENERATED_SDK_TARGET.a(linflexd_uart_driver.c.o)
 .debug_aranges
                0x00000b18       0x48 libGENERATED_SDK_TARGET.a(linflexd_uart_irq.c.o)
 .debug_aranges
                0x00000b60       0x20 libGENERATED_SDK_TARGET.a(startup.c.o)
 .debug_aranges
                0x00000b80       0x70 libGENERATED_SDK_TARGET.a(system_YTM32B1ME0.c.o)
 .debug_aranges
                0x00000bf0       0x20 libGENERATED_SDK_TARGET.a(YTM32B1ME0_startup_gcc.S.o)
 .debug_aranges
                0x00000c10       0x98 libGENERATED_SDK_TARGET.a(osif_baremetal.c.o)
 .debug_aranges
                0x00000ca8       0x18 libGENERATED_SDK_TARGET.a(etmr_config.c.o)
 .debug_aranges
                0x00000cc0      0x1d0 libGENERATED_SDK_TARGET.a(etmr_common.c.o)
 .debug_aranges
                0x00000e90      0x218 libGENERATED_SDK_TARGET.a(etmr_hw_access.c.o)
 .debug_aranges
                0x000010a8      0x138 libGENERATED_SDK_TARGET.a(etmr_pwm_driver.c.o)

.debug_ranges   0x00000000     0x1030
 .debug_ranges  0x00000000       0x18 CMakeFiles/Vehicle-thermal-management.elf.dir/app/main.c.o
 .debug_ranges  0x00000018       0x28 CMakeFiles/Vehicle-thermal-management.elf.dir/app/PWM/PWM.c.o
 .debug_ranges  0x00000040       0x10 CMakeFiles/Vehicle-thermal-management.elf.dir/app/UART/UART.c.o
 .debug_ranges  0x00000050       0xb0 CMakeFiles/Vehicle-thermal-management.elf.dir/app/UART/printf/printf.c.o
 .debug_ranges  0x00000100      0x1e8 libGENERATED_SDK_TARGET.a(clock_YTM32B1Mx.c.o)
 .debug_ranges  0x000002e8      0x168 libGENERATED_SDK_TARGET.a(pins_driver.c.o)
 .debug_ranges  0x00000450       0x28 libGENERATED_SDK_TARGET.a(pins_port_hw_access.c.o)
 .debug_ranges  0x00000478       0x90 libGENERATED_SDK_TARGET.a(interrupt_manager.c.o)
 .debug_ranges  0x00000508      0x1f0 libGENERATED_SDK_TARGET.a(dma_driver.c.o)
 .debug_ranges  0x000006f8       0x78 libGENERATED_SDK_TARGET.a(dma_hw_access.c.o)
 .debug_ranges  0x00000770       0x98 libGENERATED_SDK_TARGET.a(dma_irq.c.o)
 .debug_ranges  0x00000808      0x208 libGENERATED_SDK_TARGET.a(linflexd_uart_driver.c.o)
 .debug_ranges  0x00000a10       0x38 libGENERATED_SDK_TARGET.a(linflexd_uart_irq.c.o)
 .debug_ranges  0x00000a48       0x10 libGENERATED_SDK_TARGET.a(startup.c.o)
 .debug_ranges  0x00000a58       0x60 libGENERATED_SDK_TARGET.a(system_YTM32B1ME0.c.o)
 .debug_ranges  0x00000ab8       0x88 libGENERATED_SDK_TARGET.a(osif_baremetal.c.o)
 .debug_ranges  0x00000b40      0x1c0 libGENERATED_SDK_TARGET.a(etmr_common.c.o)
 .debug_ranges  0x00000d00      0x208 libGENERATED_SDK_TARGET.a(etmr_hw_access.c.o)
 .debug_ranges  0x00000f08      0x128 libGENERATED_SDK_TARGET.a(etmr_pwm_driver.c.o)

.debug_line     0x00000000     0xafc2
 .debug_line    0x00000000      0x46c CMakeFiles/Vehicle-thermal-management.elf.dir/app/main.c.o
 .debug_line    0x0000046c      0x368 CMakeFiles/Vehicle-thermal-management.elf.dir/app/PWM/PWM.c.o
 .debug_line    0x000007d4      0x38b CMakeFiles/Vehicle-thermal-management.elf.dir/app/UART/UART.c.o
 .debug_line    0x00000b5f      0xde0 CMakeFiles/Vehicle-thermal-management.elf.dir/app/UART/printf/printf.c.o
 .debug_line    0x0000193f      0x338 libGENERATED_SDK_TARGET.a(clock_config.c.o)
 .debug_line    0x00001c77      0x29c libGENERATED_SDK_TARGET.a(pin_mux.c.o)
 .debug_line    0x00001f13      0x3b8 libGENERATED_SDK_TARGET.a(linflexd_uart_config.c.o)
 .debug_line    0x000022cb     0x1109 libGENERATED_SDK_TARGET.a(clock_YTM32B1Mx.c.o)
 .debug_line    0x000033d4      0x836 libGENERATED_SDK_TARGET.a(pins_driver.c.o)
 .debug_line    0x00003c0a      0x44b libGENERATED_SDK_TARGET.a(pins_port_hw_access.c.o)
 .debug_line    0x00004055      0x5fe libGENERATED_SDK_TARGET.a(interrupt_manager.c.o)
 .debug_line    0x00004653     0x114d libGENERATED_SDK_TARGET.a(dma_driver.c.o)
 .debug_line    0x000057a0      0x66b libGENERATED_SDK_TARGET.a(dma_hw_access.c.o)
 .debug_line    0x00005e0b      0x42c libGENERATED_SDK_TARGET.a(dma_irq.c.o)
 .debug_line    0x00006237     0x130f libGENERATED_SDK_TARGET.a(linflexd_uart_driver.c.o)
 .debug_line    0x00007546      0x361 libGENERATED_SDK_TARGET.a(linflexd_uart_irq.c.o)
 .debug_line    0x000078a7      0x2c8 libGENERATED_SDK_TARGET.a(startup.c.o)
 .debug_line    0x00007b6f      0x565 libGENERATED_SDK_TARGET.a(system_YTM32B1ME0.c.o)
 .debug_line    0x000080d4       0xf5 libGENERATED_SDK_TARGET.a(YTM32B1ME0_startup_gcc.S.o)
 .debug_line    0x000081c9      0x54e libGENERATED_SDK_TARGET.a(osif_baremetal.c.o)
 .debug_line    0x00008717      0x232 libGENERATED_SDK_TARGET.a(etmr_config.c.o)
 .debug_line    0x00008949      0xd83 libGENERATED_SDK_TARGET.a(etmr_common.c.o)
 .debug_line    0x000096cc      0xd7d libGENERATED_SDK_TARGET.a(etmr_hw_access.c.o)
 .debug_line    0x0000a449      0xb79 libGENERATED_SDK_TARGET.a(etmr_pwm_driver.c.o)

.debug_str      0x00000000     0x93ae
 .debug_str     0x00000000     0x1986 CMakeFiles/Vehicle-thermal-management.elf.dir/app/main.c.o
                               0x1ab0 (size before relaxing)
 .debug_str     0x00001986      0xd20 CMakeFiles/Vehicle-thermal-management.elf.dir/app/PWM/PWM.c.o
                                0xf0d (size before relaxing)
 .debug_str     0x000026a6      0x444 CMakeFiles/Vehicle-thermal-management.elf.dir/app/UART/UART.c.o
                                0xfaa (size before relaxing)
 .debug_str     0x00002aea      0x215 CMakeFiles/Vehicle-thermal-management.elf.dir/app/UART/printf/printf.c.o
                                0x422 (size before relaxing)
 .debug_str     0x00002cff      0x218 libGENERATED_SDK_TARGET.a(clock_config.c.o)
                               0x1850 (size before relaxing)
 .debug_str     0x00002f17       0x68 libGENERATED_SDK_TARGET.a(pin_mux.c.o)
                                0x613 (size before relaxing)
 .debug_str     0x00002f7f       0x75 libGENERATED_SDK_TARGET.a(linflexd_uart_config.c.o)
                               0x12a6 (size before relaxing)
 .debug_str     0x00002ff4      0x975 libGENERATED_SDK_TARGET.a(clock_YTM32B1Mx.c.o)
                               0x1fa7 (size before relaxing)
 .debug_str     0x00003969      0x4c1 libGENERATED_SDK_TARGET.a(pins_driver.c.o)
                               0x1413 (size before relaxing)
 .debug_str     0x00003e2a       0xb0 libGENERATED_SDK_TARGET.a(pins_port_hw_access.c.o)
                                0x6a3 (size before relaxing)
 .debug_str     0x00003eda     0x1049 libGENERATED_SDK_TARGET.a(interrupt_manager.c.o)
                               0x1214 (size before relaxing)
 .debug_str     0x00004f23     0x1503 libGENERATED_SDK_TARGET.a(dma_driver.c.o)
                               0x3055 (size before relaxing)
 .debug_str     0x00006426      0x1ba libGENERATED_SDK_TARGET.a(dma_hw_access.c.o)
                                0x761 (size before relaxing)
 .debug_str     0x000065e0      0x1b0 libGENERATED_SDK_TARGET.a(dma_irq.c.o)
                                0x445 (size before relaxing)
 .debug_str     0x00006790      0xf54 libGENERATED_SDK_TARGET.a(linflexd_uart_driver.c.o)
                               0x2f4e (size before relaxing)
 .debug_str     0x000076e4      0x126 libGENERATED_SDK_TARGET.a(linflexd_uart_irq.c.o)
                                0x5e7 (size before relaxing)
 .debug_str     0x0000780a      0x193 libGENERATED_SDK_TARGET.a(startup.c.o)
                                0x487 (size before relaxing)
 .debug_str     0x0000799d      0x286 libGENERATED_SDK_TARGET.a(system_YTM32B1ME0.c.o)
                                0x694 (size before relaxing)
 .debug_str     0x00007c23       0xa7 libGENERATED_SDK_TARGET.a(YTM32B1ME0_startup_gcc.S.o)
                                0x105 (size before relaxing)
 .debug_str     0x00007cca      0x22c libGENERATED_SDK_TARGET.a(osif_baremetal.c.o)
                               0x10c2 (size before relaxing)
 .debug_str     0x00007ef6       0x88 libGENERATED_SDK_TARGET.a(etmr_config.c.o)
                                0x826 (size before relaxing)
 .debug_str     0x00007f7e      0x948 libGENERATED_SDK_TARGET.a(etmr_common.c.o)
                               0x2bf5 (size before relaxing)
 .debug_str     0x000088c6      0x6e2 libGENERATED_SDK_TARGET.a(etmr_hw_access.c.o)
                                0x9b2 (size before relaxing)
 .debug_str     0x00008fa8      0x406 libGENERATED_SDK_TARGET.a(etmr_pwm_driver.c.o)
                               0x1a0f (size before relaxing)

.comment        0x00000000       0x49
 .comment       0x00000000       0x49 CMakeFiles/Vehicle-thermal-management.elf.dir/app/main.c.o
                                 0x4a (size before relaxing)
 .comment       0x00000049       0x4a CMakeFiles/Vehicle-thermal-management.elf.dir/app/PWM/PWM.c.o
 .comment       0x00000049       0x4a CMakeFiles/Vehicle-thermal-management.elf.dir/app/UART/UART.c.o
 .comment       0x00000049       0x4a CMakeFiles/Vehicle-thermal-management.elf.dir/app/UART/printf/printf.c.o
 .comment       0x00000049       0x4a libGENERATED_SDK_TARGET.a(clock_config.c.o)
 .comment       0x00000049       0x4a libGENERATED_SDK_TARGET.a(pin_mux.c.o)
 .comment       0x00000049       0x4a libGENERATED_SDK_TARGET.a(linflexd_uart_config.c.o)
 .comment       0x00000049       0x4a libGENERATED_SDK_TARGET.a(clock_YTM32B1Mx.c.o)
 .comment       0x00000049       0x4a libGENERATED_SDK_TARGET.a(pins_driver.c.o)
 .comment       0x00000049       0x4a libGENERATED_SDK_TARGET.a(pins_port_hw_access.c.o)
 .comment       0x00000049       0x4a libGENERATED_SDK_TARGET.a(interrupt_manager.c.o)
 .comment       0x00000049       0x4a libGENERATED_SDK_TARGET.a(dma_driver.c.o)
 .comment       0x00000049       0x4a libGENERATED_SDK_TARGET.a(dma_hw_access.c.o)
 .comment       0x00000049       0x4a libGENERATED_SDK_TARGET.a(dma_irq.c.o)
 .comment       0x00000049       0x4a libGENERATED_SDK_TARGET.a(linflexd_uart_driver.c.o)
 .comment       0x00000049       0x4a libGENERATED_SDK_TARGET.a(linflexd_uart_irq.c.o)
 .comment       0x00000049       0x4a libGENERATED_SDK_TARGET.a(startup.c.o)
 .comment       0x00000049       0x4a libGENERATED_SDK_TARGET.a(system_YTM32B1ME0.c.o)
 .comment       0x00000049       0x4a libGENERATED_SDK_TARGET.a(osif_baremetal.c.o)
 .comment       0x00000049       0x4a libGENERATED_SDK_TARGET.a(etmr_config.c.o)
 .comment       0x00000049       0x4a libGENERATED_SDK_TARGET.a(etmr_common.c.o)
 .comment       0x00000049       0x4a libGENERATED_SDK_TARGET.a(etmr_hw_access.c.o)
 .comment       0x00000049       0x4a libGENERATED_SDK_TARGET.a(etmr_pwm_driver.c.o)

.debug_frame    0x00000000     0x4e9c
 .debug_frame   0x00000000       0x4c CMakeFiles/Vehicle-thermal-management.elf.dir/app/main.c.o
 .debug_frame   0x0000004c       0x8c CMakeFiles/Vehicle-thermal-management.elf.dir/app/PWM/PWM.c.o
 .debug_frame   0x000000d8       0x2c CMakeFiles/Vehicle-thermal-management.elf.dir/app/UART/UART.c.o
 .debug_frame   0x00000104      0x3a8 CMakeFiles/Vehicle-thermal-management.elf.dir/app/UART/printf/printf.c.o
 .debug_frame   0x000004ac      0x940 libGENERATED_SDK_TARGET.a(clock_YTM32B1Mx.c.o)
 .debug_frame   0x00000dec      0x694 libGENERATED_SDK_TARGET.a(pins_driver.c.o)
 .debug_frame   0x00001480       0xac libGENERATED_SDK_TARGET.a(pins_port_hw_access.c.o)
 .debug_frame   0x0000152c      0x28c libGENERATED_SDK_TARGET.a(interrupt_manager.c.o)
 .debug_frame   0x000017b8      0x91c libGENERATED_SDK_TARGET.a(dma_driver.c.o)
 .debug_frame   0x000020d4      0x23c libGENERATED_SDK_TARGET.a(dma_hw_access.c.o)
 .debug_frame   0x00002310      0x21c libGENERATED_SDK_TARGET.a(dma_irq.c.o)
 .debug_frame   0x0000252c      0x9ac libGENERATED_SDK_TARGET.a(linflexd_uart_driver.c.o)
 .debug_frame   0x00002ed8       0xb8 libGENERATED_SDK_TARGET.a(linflexd_uart_irq.c.o)
 .debug_frame   0x00002f90       0x38 libGENERATED_SDK_TARGET.a(startup.c.o)
 .debug_frame   0x00002fc8      0x190 libGENERATED_SDK_TARGET.a(system_YTM32B1ME0.c.o)
 .debug_frame   0x00003158      0x23c libGENERATED_SDK_TARGET.a(osif_baremetal.c.o)
 .debug_frame   0x00003394      0x864 libGENERATED_SDK_TARGET.a(etmr_common.c.o)
 .debug_frame   0x00003bf8      0x9e4 libGENERATED_SDK_TARGET.a(etmr_hw_access.c.o)
 .debug_frame   0x000045dc      0x5ac libGENERATED_SDK_TARGET.a(etmr_pwm_driver.c.o)
 .debug_frame   0x00004b88       0xac c:/users/zhangyifei/appdata/roaming/yt_config_tool/gcc-arm-none-eabi-10.3-2021.10/bin/../lib/gcc/arm-none-eabi/10.3.1/thumb/v8-m.main/nofp\libgcc.a(_arm_addsubdf3.o)
 .debug_frame   0x00004c34       0x50 c:/users/zhangyifei/appdata/roaming/yt_config_tool/gcc-arm-none-eabi-10.3-2021.10/bin/../lib/gcc/arm-none-eabi/10.3.1/thumb/v8-m.main/nofp\libgcc.a(_arm_muldivdf3.o)
 .debug_frame   0x00004c84       0xc4 c:/users/zhangyifei/appdata/roaming/yt_config_tool/gcc-arm-none-eabi-10.3-2021.10/bin/../lib/gcc/arm-none-eabi/10.3.1/thumb/v8-m.main/nofp\libgcc.a(_arm_cmpdf2.o)
 .debug_frame   0x00004d48       0x24 c:/users/zhangyifei/appdata/roaming/yt_config_tool/gcc-arm-none-eabi-10.3-2021.10/bin/../lib/gcc/arm-none-eabi/10.3.1/thumb/v8-m.main/nofp\libgcc.a(_arm_fixdfsi.o)
 .debug_frame   0x00004d6c       0x24 c:/users/zhangyifei/appdata/roaming/yt_config_tool/gcc-arm-none-eabi-10.3-2021.10/bin/../lib/gcc/arm-none-eabi/10.3.1/thumb/v8-m.main/nofp\libgcc.a(_arm_fixunsdfsi.o)
 .debug_frame   0x00004d90       0x4c c:/users/zhangyifei/appdata/roaming/yt_config_tool/gcc-arm-none-eabi-10.3-2021.10/bin/../lib/gcc/arm-none-eabi/10.3.1/thumb/v8-m.main/nofp\libgcc.a(_arm_addsubsf3.o)
 .debug_frame   0x00004ddc       0x38 c:/users/zhangyifei/appdata/roaming/yt_config_tool/gcc-arm-none-eabi-10.3-2021.10/bin/../lib/gcc/arm-none-eabi/10.3.1/thumb/v8-m.main/nofp\libgcc.a(_arm_muldivsf3.o)
 .debug_frame   0x00004e14       0x24 c:/users/zhangyifei/appdata/roaming/yt_config_tool/gcc-arm-none-eabi-10.3-2021.10/bin/../lib/gcc/arm-none-eabi/10.3.1/thumb/v8-m.main/nofp\libgcc.a(_arm_fixunssfsi.o)
 .debug_frame   0x00004e38       0x2c c:/users/zhangyifei/appdata/roaming/yt_config_tool/gcc-arm-none-eabi-10.3-2021.10/bin/../lib/gcc/arm-none-eabi/10.3.1/thumb/v8-m.main/nofp\libgcc.a(_aeabi_uldivmod.o)
 .debug_frame   0x00004e64       0x38 c:/users/zhangyifei/appdata/roaming/yt_config_tool/gcc-arm-none-eabi-10.3-2021.10/bin/../lib/gcc/arm-none-eabi/10.3.1/thumb/v8-m.main/nofp\libgcc.a(_udivmoddi4.o)