Archive member included to satisfy reference by file (symbol)

libGENERATED_SDK_TARGET.a(clock_config.c.o)
                              (--whole-archive)
libGENERATED_SDK_TARGET.a(pin_mux.c.o)
                              (--whole-archive)
libGENERATED_SDK_TARGET.a(interrupt_config.c.o)
                              (--whole-archive)
libGENERATED_SDK_TARGET.a(dma_config.c.o)
                              (--whole-archive)
libGENERATED_SDK_TARGET.a(linflexd_uart_config.c.o)
                              (--whole-archive)
libGENERATED_SDK_TARGET.a(clock_YTM32B1Mx.c.o)
                              (--whole-archive)
libGENERATED_SDK_TARGET.a(pins_driver.c.o)
                              (--whole-archive)
libGENERATED_SDK_TARGET.a(pins_port_hw_access.c.o)
                              (--whole-archive)
libGENERATED_SDK_TARGET.a(interrupt_manager.c.o)
                              (--whole-archive)
libGENERATED_SDK_TARGET.a(dma_driver.c.o)
                              (--whole-archive)
libGENERATED_SDK_TARGET.a(dma_hw_access.c.o)
                              (--whole-archive)
libGENERATED_SDK_TARGET.a(dma_irq.c.o)
                              (--whole-archive)
libGENERATED_SDK_TARGET.a(linflexd_uart_driver.c.o)
                              (--whole-archive)
libGENERATED_SDK_TARGET.a(linflexd_uart_irq.c.o)
                              (--whole-archive)
libGENERATED_SDK_TARGET.a(startup.c.o)
                              (--whole-archive)
libGENERATED_SDK_TARGET.a(system_YTM32B1ME0.c.o)
                              (--whole-archive)
libGENERATED_SDK_TARGET.a(YTM32B1ME0_startup_gcc.S.o)
                              (--whole-archive)
libGENERATED_SDK_TARGET.a(osif_baremetal.c.o)
                              (--whole-archive)
libGENERATED_SDK_TARGET.a(etmr_config.c.o)
                              (--whole-archive)
libGENERATED_SDK_TARGET.a(etmr_common.c.o)
                              (--whole-archive)
libGENERATED_SDK_TARGET.a(etmr_hw_access.c.o)
                              (--whole-archive)
libGENERATED_SDK_TARGET.a(etmr_pwm_driver.c.o)
                              (--whole-archive)
libGENERATED_SDK_TARGET.a(etmr_ic_driver.c.o)
                              (--whole-archive)
libGENERATED_SDK_TARGET.a(Input_capture.c.o)
                              (--whole-archive)
libGENERATED_SDK_TARGET.a(LIN.c.o)
                              (--whole-archive)
libGENERATED_SDK_TARGET.a(PWM.c.o)
                              (--whole-archive)
libGENERATED_SDK_TARGET.a(UART.c.o)
                              (--whole-archive)
libGENERATED_SDK_TARGET.a(printf.c.o)
                              (--whole-archive)
libGENERATED_SDK_TARGET.a(linflexd_lin_config.c.o)
                              (--whole-archive)
libGENERATED_SDK_TARGET.a(linflexd_lin_driver.c.o)
                              (--whole-archive)
libGENERATED_SDK_TARGET.a(linflexd_lin_irq.c.o)
                              (--whole-archive)
c:/users/zhangyifei/appdata/roaming/yt_config_tool/gcc-arm-none-eabi-10.3-2021.10/bin/../lib/gcc/arm-none-eabi/10.3.1/thumb/v8-m.main/nofp\libgcc.a(_arm_muldf3.o)
                              libGENERATED_SDK_TARGET.a(printf.c.o) (__aeabi_dmul)
c:/users/zhangyifei/appdata/roaming/yt_config_tool/gcc-arm-none-eabi-10.3-2021.10/bin/../lib/gcc/arm-none-eabi/10.3.1/thumb/v8-m.main/nofp\libgcc.a(_arm_mulsf3.o)
                              libGENERATED_SDK_TARGET.a(linflexd_uart_driver.c.o) (__aeabi_fmul)
c:/users/zhangyifei/appdata/roaming/yt_config_tool/gcc-arm-none-eabi-10.3-2021.10/bin/../lib/gcc/arm-none-eabi/10.3.1/thumb/v8-m.main/nofp\libgcc.a(_arm_addsubdf3.o)
                              libGENERATED_SDK_TARGET.a(printf.c.o) (__aeabi_dsub)
c:/users/zhangyifei/appdata/roaming/yt_config_tool/gcc-arm-none-eabi-10.3-2021.10/bin/../lib/gcc/arm-none-eabi/10.3.1/thumb/v8-m.main/nofp\libgcc.a(_arm_muldivdf3.o)
                              libGENERATED_SDK_TARGET.a(printf.c.o) (__aeabi_ddiv)
c:/users/zhangyifei/appdata/roaming/yt_config_tool/gcc-arm-none-eabi-10.3-2021.10/bin/../lib/gcc/arm-none-eabi/10.3.1/thumb/v8-m.main/nofp\libgcc.a(_arm_cmpdf2.o)
                              libGENERATED_SDK_TARGET.a(printf.c.o) (__aeabi_dcmpeq)
c:/users/zhangyifei/appdata/roaming/yt_config_tool/gcc-arm-none-eabi-10.3-2021.10/bin/../lib/gcc/arm-none-eabi/10.3.1/thumb/v8-m.main/nofp\libgcc.a(_arm_fixdfsi.o)
                              libGENERATED_SDK_TARGET.a(printf.c.o) (__aeabi_d2iz)
c:/users/zhangyifei/appdata/roaming/yt_config_tool/gcc-arm-none-eabi-10.3-2021.10/bin/../lib/gcc/arm-none-eabi/10.3.1/thumb/v8-m.main/nofp\libgcc.a(_arm_fixunsdfsi.o)
                              libGENERATED_SDK_TARGET.a(printf.c.o) (__aeabi_d2uiz)
c:/users/zhangyifei/appdata/roaming/yt_config_tool/gcc-arm-none-eabi-10.3-2021.10/bin/../lib/gcc/arm-none-eabi/10.3.1/thumb/v8-m.main/nofp\libgcc.a(_arm_addsubsf3.o)
                              libGENERATED_SDK_TARGET.a(linflexd_uart_driver.c.o) (__aeabi_fsub)
[...]
Memory Configuration

Name             Origin             Length             Attributes
m_text           0x00000000         0x00100000         xr
m_custom         0x1fff0000         0x00000000         rw
m_data           0x1fff0000         0x00020000         rw
*default*        0x00000000         0xffffffff

Linker script and memory map

LOAD c:/users/zhangyifei/appdata/roaming/yt_config_tool/gcc-arm-none-eabi-10.3-2021.10/bin/../lib/gcc/arm-none-eabi/10.3.1/thumb/v8-m.main/nofp/crti.o
LOAD c:/users/zhangyifei/appdata/roaming/yt_config_tool/gcc-arm-none-eabi-10.3-2021.10/bin/../lib/gcc/arm-none-eabi/10.3.1/thumb/v8-m.main/nofp/crtbegin.o
LOAD c:/users/zhangyifei/appdata/roaming/yt_config_tool/gcc-arm-none-eabi-10.3-2021.10/bin/../lib/gcc/arm-none-eabi/10.3.1/../../../../arm-none-eabi/lib/thumb/v8-m.main/nofp/crt0.o
START GROUP
LOAD CMakeFiles/Vehicle-thermal-management.elf.dir/app/main.c.o
LOAD libGENERATED_SDK_TARGET.a
END GROUP
LOAD c:/users/zhangyifei/appdata/roaming/yt_config_tool/gcc-arm-none-eabi-10.3-2021.10/bin/../lib/gcc/arm-none-eabi/10.3.1/../../../../arm-none-eabi/lib/thumb/v8-m.main/nofp\libstdc++.a
LOAD c:/users/zhangyifei/appdata/roaming/yt_config_tool/gcc-arm-none-eabi-10.3-2021.10/bin/../lib/gcc/arm-none-eabi/10.3.1/../../../../arm-none-eabi/lib/thumb/v8-m.main/nofp\libm.a
START GROUP
LOAD c:/users/zhangyifei/appdata/roaming/yt_config_tool/gcc-arm-none-eabi-10.3-2021.10/bin/../lib/gcc/arm-none-eabi/10.3.1/thumb/v8-m.main/nofp\libgcc.a
LOAD c:/users/zhangyifei/appdata/roaming/yt_config_tool/gcc-arm-none-eabi-10.3-2021.10/bin/../lib/gcc/arm-none-eabi/10.3.1/../../../../arm-none-eabi/lib/thumb/v8-m.main/nofp\libc.a
END GROUP
START GROUP
LOAD c:/users/zhangyifei/appdata/roaming/yt_config_tool/gcc-arm-none-eabi-10.3-2021.10/bin/../lib/gcc/arm-none-eabi/10.3.1/thumb/v8-m.main/nofp\libgcc.a
LOAD c:/users/zhangyifei/appdata/roaming/yt_config_tool/gcc-arm-none-eabi-10.3-2021.10/bin/../lib/gcc/arm-none-eabi/10.3.1/../../../../arm-none-eabi/lib/thumb/v8-m.main/nofp\libc.a
LOAD c:/users/zhangyifei/appdata/roaming/yt_config_tool/gcc-arm-none-eabi-10.3-2021.10/bin/../lib/gcc/arm-none-eabi/10.3.1/../../../../arm-none-eabi/lib/thumb/v8-m.main/nofp\libnosys.a
END GROUP
LOAD c:/users/zhangyifei/appdata/roaming/yt_config_tool/gcc-arm-none-eabi-10.3-2021.10/bin/../lib/gcc/arm-none-eabi/10.3.1/thumb/v8-m.main/nofp/crtend.o
LOAD c:/users/zhangyifei/appdata/roaming/yt_config_tool/gcc-arm-none-eabi-10.3-2021.10/bin/../lib/gcc/arm-none-eabi/10.3.1/thumb/v8-m.main/nofp/crtn.o
                0x00001000                HEAP_SIZE = DEFINED (__heap_size__)?__heap_size__:0x1000
                0x00001000                STACK_SIZE = DEFINED (__stack_size__)?__stack_size__:0x1000
                0x00000400                M_VECTOR_RAM_SIZE = DEFINED (__flash_vector_table__)?0x0:0x400

.interrupts     0x00000000      0x340
                0x00000000                __VECTOR_TABLE = .
                0x00000000                __interrupts_start__ = .
                0x00000000                . = ALIGN (0x4)
 *(.isr_vector)
 .isr_vector    0x00000000      0x340 libGENERATED_SDK_TARGET.a(YTM32B1ME0_startup_gcc.S.o)
                0x00000000                __isr_vector
                0x00000340                __interrupts_end__ = .
                0x00000340                . = ALIGN (0x4)

.text           0x00000340     0x96d4
                0x00000340                . = ALIGN (0x4)
 *(.text)
 .text          0x00000340       0x6c libGENERATED_SDK_TARGET.a(YTM32B1ME0_startup_gcc.S.o)
                0x00000340                Reset_Handler
                0x000003a8                Reserved0_Handler
                0x000003a8                Reserved54_IRQHandler
                0x000003a8                Reserved16_IRQHandler
                0x000003a8                DebugMon_Handler
                0x000003a8                CAN2_ORed_48_63_MB_IRQHandler
                0x000003a8                CAN0_ORed_32_47_MB_IRQHandler
                0x000003a8                SPI4_IRQHandler
                0x000003a8                CAN0_ORed_IRQHandler
                0x000003a8                CAN2_Wake_Up_IRQHandler
                0x000003a8                TMR0_Ch2_IRQHandler
                0x000003a8                HardFault_Handler
                0x000003a8                eTMR2_Fault_IRQHandler
                0x000003a8                GPIOE_IRQHandler
                0x000003a8                GPIOB_IRQHandler
                0x000003a8                I2C1_Master_IRQHandler
                0x000003a8                GPIOA_IRQHandler
                0x000003a8                Reserved50_IRQHandler
                0x000003a8                PendSV_Handler
                0x000003a8                NMI_Handler
                0x000003a8                HCU_IRQHandler
                0x000003a8                Reserved19_IRQHandler
                0x000003a8                TMR0_Ch3_IRQHandler
                0x000003a8                Reserved29_IRQHandler
                0x000003a8                eTMR1_Ovf_IRQHandler
                0x000003a8                WKU_IRQHandler
                0x000003a8                eTMR4_Ovf_IRQHandler
                0x000003a8                SCU_IRQHandler
                0x000003a8                CAN2_ORed_0_15_MB_IRQHandler
                0x000003a8                Reserved1_Handler
                0x000003a8                CAN4_Error_IRQHandler
                0x000003a8                lpTMR0_IRQHandler
                0x000003a8                Reserved42_IRQHandler
                0x000003a8                CAN1_Error_IRQHandler
                0x000003a8                Reserved36_IRQHandler
                0x000003a8                Reserved22_IRQHandler
                0x000003a8                FPU_IRQHandler
                0x000003a8                ADC0_IRQHandler
                0x000003a8                Reserved39_IRQHandler
                0x000003a8                WDG_IRQHandler
                0x000003a8                PTU0_IRQHandler
                0x000003a8                UsageFault_Handler
                0x000003a8                eTMR3_Ovf_IRQHandler
                0x000003a8                EFM_Ecc_IRQHandler
                0x000003a8                SPI1_IRQHandler
                0x000003a8                eTMR4_Fault_IRQHandler
                0x000003a8                DefaultISR
                0x000003a8                Reserved34_IRQHandler
                0x000003a8                CAN1_ORed_0_15_MB_IRQHandler
                0x000003a8                eTMR5_Ovf_IRQHandler
                0x000003a8                Reserved25_IRQHandler
                0x000003a8                Reserved24_IRQHandler
                0x000003a8                CAN0_ORed_16_31_MB_IRQHandler
                0x000003a8                Reserved2_Handler
                0x000003a8                Reserved8_IRQHandler
                0x000003a8                Reserved33_IRQHandler
                0x000003a8                I2C0_Master_IRQHandler
                0x000003a8                Reserved5_IRQHandler
                0x000003a8                CAN5_ORed_16_31_MB_IRQHandler
                0x000003a8                ADC1_IRQHandler
                0x000003a8                TMR0_Ch1_IRQHandler
                0x000003a8                I2C1_Slave_IRQHandler
                0x000003a8                Reserved43_IRQHandler
                0x000003a8                Reserved53_IRQHandler
                0x000003a8                RTC_IRQHandler
                0x000003a8                Reserved21_IRQHandler
                0x000003a8                Reserved18_IRQHandler
                0x000003a8                Reserved12_IRQHandler
                0x000003a8                I2C2_Slave_IRQHandler
                0x000003a8                Reserved15_IRQHandler
                0x000003a8                PTU1_IRQHandler
                0x000003a8                GPIOD_IRQHandler
                0x000003a8                Reserved27_IRQHandler
                0x000003a8                CAN0_ORed_48_63_MB_IRQHandler
                0x000003a8                GPIOC_IRQHandler
                0x000003a8                eTMR5_Fault_IRQHandler
                0x000003a8                RTC_Seconds_IRQHandler
                0x000003a8                Reserved11_IRQHandler
                0x000003a8                CAN2_ORed_IRQHandler
                0x000003a8                Reserved14_IRQHandler
                0x000003a8                pTMR_Ch0_IRQHandler
                0x000003a8                Reserved35_IRQHandler
                0x000003a8                Reserved20_IRQHandler
                0x000003a8                Reserved13_IRQHandler
                0x000003a8                Reserved37_IRQHandler
                0x000003a8                CAN3_Error_IRQHandler
                0x000003a8                pTMR_Ch3_IRQHandler
                0x000003a8                CAN2_Error_IRQHandler
                0x000003a8                EMU_IRQHandler
                0x000003a8                Reserved17_IRQHandler
                0x000003a8                CAN3_ORed_0_15_MB_IRQHandler
                0x000003a8                Reserved47_IRQHandler
                0x000003a8                CAN1_ORed_32_47_MB_IRQHandler
                0x000003a8                I2C0_Slave_IRQHandler
                0x000003a8                Reserved32_IRQHandler
                0x000003a8                SPI5_IRQHandler
                0x000003a8                Reserved9_IRQHandler
                0x000003a8                eTMR1_Fault_IRQHandler
                0x000003a8                CAN3_ORed_16_31_MB_IRQHandler
                0x000003a8                CAN4_Wake_Up_IRQHandler
                0x000003a8                Reserved31_IRQHandler
                0x000003a8                EFM_IRQHandler
                0x000003a8                SPI2_IRQHandler
                0x000003a8                ACMP0_IRQHandler
                0x000003a8                Reserved41_IRQHandler
                0x000003a8                CAN3_Wake_Up_IRQHandler
                0x000003a8                MemManage_Handler
                0x000003a8                Reserved48_IRQHandler
                0x000003a8                LINFlexD2_IRQHandler
                0x000003a8                SVC_Handler
                0x000003a8                CAN1_Wake_Up_IRQHandler
                0x000003a8                CAN5_Error_IRQHandler
                0x000003a8                pTMR_Ch1_IRQHandler
                0x000003a8                Reserved6_IRQHandler
                0x000003a8                LINFlexD4_IRQHandler
                0x000003a8                Reserved10_IRQHandler
                0x000003a8                PCU_IRQHandler
                0x000003a8                CAN5_ORed_0_15_MB_IRQHandler
                0x000003a8                CAN1_ORed_IRQHandler
                0x000003a8                Reserved26_IRQHandler
                0x000003a8                CAN4_ORed_0_15_MB_IRQHandler
                0x000003a8                Reserved7_IRQHandler
                0x000003a8                Reserved46_IRQHandler
                0x000003a8                LINFlexD3_IRQHandler
                0x000003a8                Reserved23_IRQHandler
                0x000003a8                Reserved4_Handler
                0x000003a8                Reserved45_IRQHandler
                0x000003a8                CAN2_ORed_16_31_MB_IRQHandler
                0x000003a8                CAN0_Error_IRQHandler
                0x000003a8                Reserved3_Handler
                0x000003a8                Reserved30_IRQHandler
                0x000003a8                RCU_IRQHandler
                0x000003a8                CAN5_Wake_Up_IRQHandler
                0x000003a8                CAN5_ORed_IRQHandler
                0x000003a8                I2C2_Master_IRQHandler
                0x000003a8                ALIGN_0_IRQHandler
                0x000003a8                SPI0_IRQHandler
                0x000003a8                Reserved51_IRQHandler
                0x000003a8                CAN1_ORed_48_63_MB_IRQHandler
                0x000003a8                CAN4_ORed_16_31_MB_IRQHandler
                0x000003a8                CAN1_ORed_16_31_MB_IRQHandler
                0x000003a8                eTMR2_Ovf_IRQHandler
                0x000003a8                Reserved28_IRQHandler
                0x000003a8                Reserved44_IRQHandler
                0x000003a8                EFM_Error_IRQHandler
                0x000003a8                CAN0_ORed_0_15_MB_IRQHandler
                0x000003a8                Reserved40_IRQHandler
                0x000003a8                eTMR3_Fault_IRQHandler
                0x000003a8                CAN2_ORed_32_47_MB_IRQHandler
                0x000003a8                CAN4_ORed_IRQHandler
                0x000003a8                Reserved38_IRQHandler
                0x000003a8                BusFault_Handler
                0x000003a8                SPI3_IRQHandler
                0x000003a8                eTMR0_Ovf_IRQHandler
                0x000003a8                eTMR0_Fault_IRQHandler
                0x000003a8                CAN0_Wake_Up_IRQHandler
                0x000003a8                INTM_IRQHandler
                0x000003a8                Reserved49_IRQHandler
                0x000003a8                LINFlexD1_IRQHandler
                0x000003a8                LINFlexD0_IRQHandler
                0x000003a8                TMR0_Ch0_IRQHandler
                0x000003a8                Reserved52_IRQHandler
                0x000003a8                TRNG_IRQHandler
                0x000003a8                LINFlexD5_IRQHandler
                0x000003a8                pTMR_Ch2_IRQHandler
                0x000003a8                CAN3_ORed_IRQHandler
 .text          0x000003ac      0x378 c:/users/zhangyifei/appdata/roaming/yt_config_tool/gcc-arm-none-eabi-10.3-2021.10/bin/../lib/gcc/arm-none-eabi/10.3.1/thumb/v8-m.main/nofp\libgcc.a(_arm_addsubdf3.o)
                0x000003ac                __aeabi_drsub
                0x000003b4                __aeabi_dsub
                0x000003b4                __subdf3
                0x000003b8                __aeabi_dadd
                0x000003b8                __adddf3
                0x00000630                __floatunsidf
                0x00000630                __aeabi_ui2d
                0x00000650                __floatsidf
                0x00000650                __aeabi_i2d
                0x00000674                __aeabi_f2d
                0x00000674                __extendsfdf2
                0x000006b8                __floatundidf
                0x000006b8                __aeabi_ul2d
                0x000006c8                __floatdidf
                0x000006c8                __aeabi_l2d
 .text          0x00000724      0x424 c:/users/zhangyifei/appdata/roaming/yt_config_tool/gcc-arm-none-eabi-10.3-2021.10/bin/../lib/gcc/arm-none-eabi/10.3.1/thumb/v8-m.main/nofp\libgcc.a(_arm_muldivdf3.o)
                0x00000724                __aeabi_dmul
                0x00000724                __muldf3
                0x00000978                __divdf3
                0x00000978                __aeabi_ddiv
 .text          0x00000b48      0x110 c:/users/zhangyifei/appdata/roaming/yt_config_tool/gcc-arm-none-eabi-10.3-2021.10/bin/../lib/gcc/arm-none-eabi/10.3.1/thumb/v8-m.main/nofp\libgcc.a(_arm_cmpdf2.o)
                0x00000b48                __gtdf2
                0x00000b48                __gedf2
                0x00000b50                __ltdf2
                0x00000b50                __ledf2
                0x00000b58                __nedf2
                0x00000b58                __eqdf2
                0x00000b58                __cmpdf2
                0x00000bd4                __aeabi_cdrcmple
                0x00000be4                __aeabi_cdcmpeq
                0x00000be4                __aeabi_cdcmple
                0x00000bf4                __aeabi_dcmpeq
                0x00000c08                __aeabi_dcmplt
                0x00000c1c                __aeabi_dcmple
                0x00000c30                __aeabi_dcmpge
                0x00000c44                __aeabi_dcmpgt
 .text          0x00000c58       0x50 c:/users/zhangyifei/appdata/roaming/yt_config_tool/gcc-arm-none-eabi-10.3-2021.10/bin/../lib/gcc/arm-none-eabi/10.3.1/thumb/v8-m.main/nofp\libgcc.a(_arm_fixdfsi.o)
                0x00000c58                __aeabi_d2iz
                0x00000c58                __fixdfsi
 .text          0x00000ca8       0x40 c:/users/zhangyifei/appdata/roaming/yt_config_tool/gcc-arm-none-eabi-10.3-2021.10/bin/../lib/gcc/arm-none-eabi/10.3.1/thumb/v8-m.main/nofp\libgcc.a(_arm_fixunsdfsi.o)
                0x00000ca8                __aeabi_d2uiz
                0x00000ca8                __fixunsdfsi
 .text          0x00000ce8      0x21c c:/users/zhangyifei/appdata/roaming/yt_config_tool/gcc-arm-none-eabi-10.3-2021.10/bin/../lib/gcc/arm-none-eabi/10.3.1/thumb/v8-m.main/nofp\libgcc.a(_arm_addsubsf3.o)
                0x00000ce8                __aeabi_frsub
                0x00000cf0                __subsf3
                0x00000cf0                __aeabi_fsub
                0x00000cf4                __aeabi_fadd
                0x00000cf4                __addsf3
                0x00000e54                __aeabi_ui2f
                0x00000e54                __floatunsisf
                0x00000e5c                __aeabi_i2f
                0x00000e5c                __floatsisf
                0x00000e78                __aeabi_ul2f
                0x00000e78                __floatundisf
                0x00000e88                __aeabi_l2f
                0x00000e88                __floatdisf
 .text          0x00000f04      0x2a0 c:/users/zhangyifei/appdata/roaming/yt_config_tool/gcc-arm-none-eabi-10.3-2021.10/bin/../lib/gcc/arm-none-eabi/10.3.1/thumb/v8-m.main/nofp\libgcc.a(_arm_muldivsf3.o)
                0x00000f04                __mulsf3
                0x00000f04                __aeabi_fmul
                0x0000106c                __aeabi_fdiv
                0x0000106c                __divsf3
 .text          0x000011a4       0x40 c:/users/zhangyifei/appdata/roaming/yt_config_tool/gcc-arm-none-eabi-10.3-2021.10/bin/../lib/gcc/arm-none-eabi/10.3.1/thumb/v8-m.main/nofp\libgcc.a(_arm_fixunssfsi.o)
                0x000011a4                __fixunssfsi
                0x000011a4                __aeabi_f2uiz
 .text          0x000011e4       0x30 c:/users/zhangyifei/appdata/roaming/yt_config_tool/gcc-arm-none-eabi-10.3-2021.10/bin/../lib/gcc/arm-none-eabi/10.3.1/thumb/v8-m.main/nofp\libgcc.a(_aeabi_uldivmod.o)
                0x000011e4                __aeabi_uldivmod
 .text          0x00001214      0x2e8 c:/users/zhangyifei/appdata/roaming/yt_config_tool/gcc-arm-none-eabi-10.3-2021.10/bin/../lib/gcc/arm-none-eabi/10.3.1/thumb/v8-m.main/nofp\libgcc.a(_udivmoddi4.o)
                0x00001214                __udivmoddi4
 .text          0x000014fc        0x4 c:/users/zhangyifei/appdata/roaming/yt_config_tool/gcc-arm-none-eabi-10.3-2021.10/bin/../lib/gcc/arm-none-eabi/10.3.1/thumb/v8-m.main/nofp\libgcc.a(_dvmd_tls.o)
                0x000014fc                __aeabi_idiv0
                0x000014fc                __aeabi_ldiv0
 *(.text*)
 .text.main     0x00001500       0x70 CMakeFiles/Vehicle-thermal-management.elf.dir/app/main.c.o
                0x00001500                main
 .text.Board_Init
                0x00001570       0x30 CMakeFiles/Vehicle-thermal-management.elf.dir/app/main.c.o
 .text.IPC_SetPeripheralClockControl
                0x000015a0       0x54 libGENERATED_SDK_TARGET.a(clock_YTM32B1Mx.c.o)
 .text.IPC_SetClockMode
                0x000015f4       0x70 libGENERATED_SDK_TARGET.a(clock_YTM32B1Mx.c.o)
 .text.SCU_SetSysClkDiv
                0x00001664       0x38 libGENERATED_SDK_TARGET.a(clock_YTM32B1Mx.c.o)
 .text.SCU_GetSysClkDiv
                0x0000169c       0x20 libGENERATED_SDK_TARGET.a(clock_YTM32B1Mx.c.o)
 .text.SCU_SetFastBusClkDiv
                0x000016bc       0x38 libGENERATED_SDK_TARGET.a(clock_YTM32B1Mx.c.o)
 .text.SCU_GetFastBusClkDiv
                0x000016f4       0x20 libGENERATED_SDK_TARGET.a(clock_YTM32B1Mx.c.o)
 .text.SCU_SetSlowBusClkDiv
                0x00001714       0x36 libGENERATED_SDK_TARGET.a(clock_YTM32B1Mx.c.o)
 .text.SCU_GetSlowBusClkDiv
                0x0000174a       0x1e libGENERATED_SDK_TARGET.a(clock_YTM32B1Mx.c.o)
 .text.SCU_SetSysClkSrc
                0x00001768       0x36 libGENERATED_SDK_TARGET.a(clock_YTM32B1Mx.c.o)
 .text.SCU_GetSysClkSrc
                0x0000179e       0x1e libGENERATED_SDK_TARGET.a(clock_YTM32B1Mx.c.o)
 .text.SCU_SetClkOutSrc
                0x000017bc       0x36 libGENERATED_SDK_TARGET.a(clock_YTM32B1Mx.c.o)
 .text.SCU_SetClkOutDiv
                0x000017f2       0x38 libGENERATED_SDK_TARGET.a(clock_YTM32B1Mx.c.o)
 .text.SCU_EnableFxosc
                0x0000182a       0x3c libGENERATED_SDK_TARGET.a(clock_YTM32B1Mx.c.o)
 .text.SCU_SetFxoscBypassMode
                0x00001866       0x3e libGENERATED_SDK_TARGET.a(clock_YTM32B1Mx.c.o)
 .text.SCU_SetFxoscComp
                0x000018a4       0x3e libGENERATED_SDK_TARGET.a(clock_YTM32B1Mx.c.o)
 .text.SCU_SetFxoscGain
                0x000018e2       0x38 libGENERATED_SDK_TARGET.a(clock_YTM32B1Mx.c.o)
 .text.SCU_EnableSxosc
                0x0000191a       0x3c libGENERATED_SDK_TARGET.a(clock_YTM32B1Mx.c.o)
 .text.SCU_SxoscDeepSleepEnable
                0x00001956       0x3c libGENERATED_SDK_TARGET.a(clock_YTM32B1Mx.c.o)
 .text.SCU_SxoscStandbyEnable
                0x00001992       0x3c libGENERATED_SDK_TARGET.a(clock_YTM32B1Mx.c.o)
 .text.SCU_SxoscPowerDownEnable
                0x000019ce       0x3c libGENERATED_SDK_TARGET.a(clock_YTM32B1Mx.c.o)
 .text.SCU_GetSxoscEnableFlag
                0x00001a0a       0x1e libGENERATED_SDK_TARGET.a(clock_YTM32B1Mx.c.o)
 .text.SCU_SetSxoscBypassMode
                0x00001a28       0x3e libGENERATED_SDK_TARGET.a(clock_YTM32B1Mx.c.o)
 .text.SCU_SetSxoscGain
                0x00001a66       0x38 libGENERATED_SDK_TARGET.a(clock_YTM32B1Mx.c.o)
 .text.SCU_SetPllRefClk
                0x00001a9e       0x38 libGENERATED_SDK_TARGET.a(clock_YTM32B1Mx.c.o)
 .text.SCU_GetPllRefClk
                0x00001ad6       0x20 libGENERATED_SDK_TARGET.a(clock_YTM32B1Mx.c.o)
 .text.SCU_SetPllFeedBackDiv
                0x00001af6       0x3a libGENERATED_SDK_TARGET.a(clock_YTM32B1Mx.c.o)
 .text.SCU_GetPllFeedBackDiv
                0x00001b30       0x24 libGENERATED_SDK_TARGET.a(clock_YTM32B1Mx.c.o)
 .text.SCU_SetPllRefClkDiv
                0x00001b54       0x3a libGENERATED_SDK_TARGET.a(clock_YTM32B1Mx.c.o)
 .text.SCU_GetPllRefClkDiv
                0x00001b8e       0x24 libGENERATED_SDK_TARGET.a(clock_YTM32B1Mx.c.o)
 .text.SCU_EnablePll
                0x00001bb2       0x3c libGENERATED_SDK_TARGET.a(clock_YTM32B1Mx.c.o)
 .text.SCU_GetPllLock
                0x00001bee       0x24 libGENERATED_SDK_TARGET.a(clock_YTM32B1Mx.c.o)
 .text.SCU_SircDeepSleepEnable
                0x00001c12       0x3c libGENERATED_SDK_TARGET.a(clock_YTM32B1Mx.c.o)
 .text.SCU_SircStandbyEnable
                0x00001c4e       0x3c libGENERATED_SDK_TARGET.a(clock_YTM32B1Mx.c.o)
 .text.SCU_SircPowerDownEnable
                0x00001c8a       0x3c libGENERATED_SDK_TARGET.a(clock_YTM32B1Mx.c.o)
 .text.SCU_EnableFirc
                0x00001cc6       0x3c libGENERATED_SDK_TARGET.a(clock_YTM32B1Mx.c.o)
 .text.SCU_FircDeepSleepEnable
                0x00001d02       0x3c libGENERATED_SDK_TARGET.a(clock_YTM32B1Mx.c.o)
 .text.SCU_GetFXOSCValid
                0x00001d3e       0x24 libGENERATED_SDK_TARGET.a(clock_YTM32B1Mx.c.o)
 .text.SCU_GetDividerStable
                0x00001d62       0x28 libGENERATED_SDK_TARGET.a(clock_YTM32B1Mx.c.o)
 .text.SCU_SetCmuChEnable
                0x00001d8a       0x44 libGENERATED_SDK_TARGET.a(clock_YTM32B1Mx.c.o)
 .text.SCU_SetCmuChResetEnable
                0x00001dce       0x48 libGENERATED_SDK_TARGET.a(clock_YTM32B1Mx.c.o)
 .text.SCU_SetCmuChRefClock
                0x00001e16       0x48 libGENERATED_SDK_TARGET.a(clock_YTM32B1Mx.c.o)
 .text.SCU_SetCmuChCompHigh
                0x00001e5e       0x26 libGENERATED_SDK_TARGET.a(clock_YTM32B1Mx.c.o)
 .text.SCU_SetCmuChCompLow
                0x00001e84       0x28 libGENERATED_SDK_TARGET.a(clock_YTM32B1Mx.c.o)
 .text.CLOCK_DRV_Init
                0x00001eac       0x3a libGENERATED_SDK_TARGET.a(clock_YTM32B1Mx.c.o)
                0x00001eac                CLOCK_DRV_Init
 *fill*         0x00001ee6        0x2 
 .text.CLOCK_SYS_SetScuConfiguration
                0x00001ee8      0x334 libGENERATED_SDK_TARGET.a(clock_YTM32B1Mx.c.o)
 .text.CLOCK_SYS_SetDefaultCmuChannelConfiguration
                0x0000221c       0x98 libGENERATED_SDK_TARGET.a(clock_YTM32B1Mx.c.o)
 .text.CLOCK_SYS_SetCmuChannelConfiguration
                0x000022b4       0x64 libGENERATED_SDK_TARGET.a(clock_YTM32B1Mx.c.o)
 .text.CLOCK_SYS_ConfigureSystemClock
                0x00002318       0x50 libGENERATED_SDK_TARGET.a(clock_YTM32B1Mx.c.o)
 .text.CLOCK_SCU_WaitPllLock
                0x00002368       0x40 libGENERATED_SDK_TARGET.a(clock_YTM32B1Mx.c.o)
 .text.CLOCK_SCU_WaitDividerStable
                0x000023a8       0x40 libGENERATED_SDK_TARGET.a(clock_YTM32B1Mx.c.o)
 .text.CLOCK_SCU_WaitFXOSCValid
                0x000023e8       0x40 libGENERATED_SDK_TARGET.a(clock_YTM32B1Mx.c.o)
 .text.CLOCK_SYS_SetIpcConfiguration
                0x00002428       0x8c libGENERATED_SDK_TARGET.a(clock_YTM32B1Mx.c.o)
 .text.CLOCK_DRV_GetPllFreq
                0x000024b4       0x78 libGENERATED_SDK_TARGET.a(clock_YTM32B1Mx.c.o)
                0x000024b4                CLOCK_DRV_GetPllFreq
 .text.CLOCK_DRV_GetFreq
                0x0000252c      0x1e0 libGENERATED_SDK_TARGET.a(clock_YTM32B1Mx.c.o)
                0x0000252c                CLOCK_DRV_GetFreq
 .text.CLOCK_SYS_Init
                0x0000270c       0x44 libGENERATED_SDK_TARGET.a(clock_YTM32B1Mx.c.o)
                0x0000270c                CLOCK_SYS_Init
 .text.CLOCK_SYS_UpdateConfiguration
                0x00002750      0x17c libGENERATED_SDK_TARGET.a(clock_YTM32B1Mx.c.o)
                0x00002750                CLOCK_SYS_UpdateConfiguration
 .text.CLOCK_SYS_GetFreq
                0x000028cc       0x20 libGENERATED_SDK_TARGET.a(clock_YTM32B1Mx.c.o)
                0x000028cc                CLOCK_SYS_GetFreq
 .text.CLOCK_SYS_SetConfiguration
                0x000028ec       0x18 libGENERATED_SDK_TARGET.a(clock_YTM32B1Mx.c.o)
                0x000028ec                CLOCK_SYS_SetConfiguration
 .text.PINS_DRV_Init
                0x00002904       0x3e libGENERATED_SDK_TARGET.a(pins_driver.c.o)
                0x00002904                PINS_DRV_Init
 .text.PINS_GPIO_WritePin
                0x00002942       0x42 libGENERATED_SDK_TARGET.a(pins_port_hw_access.c.o)
 .text.PINS_ConfigDigitalFilter
                0x00002984       0x50 libGENERATED_SDK_TARGET.a(pins_port_hw_access.c.o)
 .text.PINS_Init
                0x000029d4      0x1f2 libGENERATED_SDK_TARGET.a(pins_port_hw_access.c.o)
                0x000029d4                PINS_Init
 *fill*         0x00002bc6        0x2 
 .text.__NVIC_EnableIRQ
                0x00002bc8       0x38 libGENERATED_SDK_TARGET.a(interrupt_manager.c.o)
 .text.__NVIC_DisableIRQ
                0x00002c00       0x48 libGENERATED_SDK_TARGET.a(interrupt_manager.c.o)
 .text.INT_SYS_InstallHandler
                0x00002c48       0x78 libGENERATED_SDK_TARGET.a(interrupt_manager.c.o)
                0x00002c48                INT_SYS_InstallHandler
 .text.INT_SYS_EnableIRQ
                0x00002cc0       0x1c libGENERATED_SDK_TARGET.a(interrupt_manager.c.o)
                0x00002cc0                INT_SYS_EnableIRQ
 .text.INT_SYS_DisableIRQ
                0x00002cdc       0x1c libGENERATED_SDK_TARGET.a(interrupt_manager.c.o)
                0x00002cdc                INT_SYS_DisableIRQ
 .text.INT_SYS_EnableIRQGlobal
                0x00002cf8       0x30 libGENERATED_SDK_TARGET.a(interrupt_manager.c.o)
                0x00002cf8                INT_SYS_EnableIRQGlobal
 .text.INT_SYS_DisableIRQGlobal
                0x00002d28       0x20 libGENERATED_SDK_TARGET.a(interrupt_manager.c.o)
                0x00002d28                INT_SYS_DisableIRQGlobal
 .text.DMA_ClearErrorIntStatusFlag
                0x00002d48       0x24 libGENERATED_SDK_TARGET.a(dma_driver.c.o)
 .text.DMA_ClearDoneStatusFlag
                0x00002d6c       0x24 libGENERATED_SDK_TARGET.a(dma_driver.c.o)
 .text.DMA_ClearIntStatusFlag
                0x00002d90       0x24 libGENERATED_SDK_TARGET.a(dma_driver.c.o)
 .text.DMA_CTSSetDestAddr
                0x00002db4       0x28 libGENERATED_SDK_TARGET.a(dma_driver.c.o)
 .text.DMA_DRV_ClearIntStatus
                0x00002ddc       0x3c libGENERATED_SDK_TARGET.a(dma_driver.c.o)
 .text.DMA_DRV_IRQHandler
                0x00002e18       0x4c libGENERATED_SDK_TARGET.a(dma_driver.c.o)
                0x00002e18                DMA_DRV_IRQHandler
 .text.DMA_DRV_ErrorIRQHandler
                0x00002e64       0x7c libGENERATED_SDK_TARGET.a(dma_driver.c.o)
                0x00002e64                DMA_DRV_ErrorIRQHandler
 .text.DMA_DRV_StartChannel
                0x00002ee0       0x38 libGENERATED_SDK_TARGET.a(dma_driver.c.o)
                0x00002ee0                DMA_DRV_StartChannel
 .text.DMA_DRV_StopChannel
                0x00002f18       0x38 libGENERATED_SDK_TARGET.a(dma_driver.c.o)
                0x00002f18                DMA_DRV_StopChannel
 .text.DMA_DRV_SetDestAddr
                0x00002f50       0x38 libGENERATED_SDK_TARGET.a(dma_driver.c.o)
                0x00002f50                DMA_DRV_SetDestAddr
 .text.DMA_DRV_SetTriggerLoopIterationCount
                0x00002f88       0x38 libGENERATED_SDK_TARGET.a(dma_driver.c.o)
                0x00002f88                DMA_DRV_SetTriggerLoopIterationCount
 .text.DMA_DRV_GetDmaRegBaseAddr
                0x00002fc0       0x18 libGENERATED_SDK_TARGET.a(dma_driver.c.o)
                0x00002fc0                DMA_DRV_GetDmaRegBaseAddr
 .text.DMA_SetDmaRequestCmd
                0x00002fd8       0x48 libGENERATED_SDK_TARGET.a(dma_hw_access.c.o)
                0x00002fd8                DMA_SetDmaRequestCmd
 .text.DMA_CTSSetTriggerCount
                0x00003020      0x134 libGENERATED_SDK_TARGET.a(dma_hw_access.c.o)
                0x00003020                DMA_CTSSetTriggerCount
 .text.DMA_GetErrorIntStatusFlag
                0x00003154       0x16 libGENERATED_SDK_TARGET.a(dma_irq.c.o)
 .text.DMA0_IRQHandler
                0x0000316a        0xe libGENERATED_SDK_TARGET.a(dma_irq.c.o)
                0x0000316a                DMA0_IRQHandler
 .text.DMA1_IRQHandler
                0x00003178        0xe libGENERATED_SDK_TARGET.a(dma_irq.c.o)
                0x00003178                DMA1_IRQHandler
 .text.DMA2_IRQHandler
                0x00003186        0xe libGENERATED_SDK_TARGET.a(dma_irq.c.o)
                0x00003186                DMA2_IRQHandler
 .text.DMA3_IRQHandler
                0x00003194        0xe libGENERATED_SDK_TARGET.a(dma_irq.c.o)
                0x00003194                DMA3_IRQHandler
 .text.DMA4_IRQHandler
                0x000031a2        0xe libGENERATED_SDK_TARGET.a(dma_irq.c.o)
                0x000031a2                DMA4_IRQHandler
 .text.DMA5_IRQHandler
                0x000031b0        0xe libGENERATED_SDK_TARGET.a(dma_irq.c.o)
                0x000031b0                DMA5_IRQHandler
 .text.DMA6_IRQHandler
                0x000031be        0xe libGENERATED_SDK_TARGET.a(dma_irq.c.o)
                0x000031be                DMA6_IRQHandler
 .text.DMA7_IRQHandler
                0x000031cc        0xe libGENERATED_SDK_TARGET.a(dma_irq.c.o)
                0x000031cc                DMA7_IRQHandler
 .text.DMA8_IRQHandler
                0x000031da        0xe libGENERATED_SDK_TARGET.a(dma_irq.c.o)
                0x000031da                DMA8_IRQHandler
 .text.DMA9_IRQHandler
                0x000031e8        0xe libGENERATED_SDK_TARGET.a(dma_irq.c.o)
                0x000031e8                DMA9_IRQHandler
 .text.DMA10_IRQHandler
                0x000031f6        0xe libGENERATED_SDK_TARGET.a(dma_irq.c.o)
                0x000031f6                DMA10_IRQHandler
 .text.DMA11_IRQHandler
                0x00003204        0xe libGENERATED_SDK_TARGET.a(dma_irq.c.o)
                0x00003204                DMA11_IRQHandler
 .text.DMA12_IRQHandler
                0x00003212        0xe libGENERATED_SDK_TARGET.a(dma_irq.c.o)
                0x00003212                DMA12_IRQHandler
 .text.DMA13_IRQHandler
                0x00003220        0xe libGENERATED_SDK_TARGET.a(dma_irq.c.o)
                0x00003220                DMA13_IRQHandler
 .text.DMA14_IRQHandler
                0x0000322e        0xe libGENERATED_SDK_TARGET.a(dma_irq.c.o)
                0x0000322e                DMA14_IRQHandler
 .text.DMA15_IRQHandler
                0x0000323c        0xe libGENERATED_SDK_TARGET.a(dma_irq.c.o)
                0x0000323c                DMA15_IRQHandler
 .text.DMA_Error_IRQHandler
                0x0000324a       0x4a libGENERATED_SDK_TARGET.a(dma_irq.c.o)
                0x0000324a                DMA_Error_IRQHandler
 .text.LINFlexD_EnterInitMode
                0x00003294       0x2e libGENERATED_SDK_TARGET.a(linflexd_uart_driver.c.o)
 .text.LINFlexD_EnterNormalMode
                0x000032c2       0x2e libGENERATED_SDK_TARGET.a(linflexd_uart_driver.c.o)
 .text.LINFlexD_SetMode
                0x000032f0       0x36 libGENERATED_SDK_TARGET.a(linflexd_uart_driver.c.o)
 .text.LINFlexD_GetLinState
                0x00003326       0x22 libGENERATED_SDK_TARGET.a(linflexd_uart_driver.c.o)
 .text.LINFlexD_SetUartWordLength
                0x00003348       0x50 libGENERATED_SDK_TARGET.a(linflexd_uart_driver.c.o)
 .text.LINFlexD_SetParityControl
                0x00003398       0x3c libGENERATED_SDK_TARGET.a(linflexd_uart_driver.c.o)
 .text.LINFlexD_SetParityType
                0x000033d4       0x52 libGENERATED_SDK_TARGET.a(linflexd_uart_driver.c.o)
 .text.LINFlexD_SetTransmitterState
                0x00003426       0x3c libGENERATED_SDK_TARGET.a(linflexd_uart_driver.c.o)
 .text.LINFlexD_SetReceiverState
                0x00003462       0x3c libGENERATED_SDK_TARGET.a(linflexd_uart_driver.c.o)
 .text.LINFlexD_SetTxMode
                0x0000349e       0x38 libGENERATED_SDK_TARGET.a(linflexd_uart_driver.c.o)
 .text.LINFlexD_SetRxMode
                0x000034d6       0x38 libGENERATED_SDK_TARGET.a(linflexd_uart_driver.c.o)
 .text.LINFlexD_SetRxDataFieldLength
                0x0000350e       0x38 libGENERATED_SDK_TARGET.a(linflexd_uart_driver.c.o)
 .text.LINFlexD_SetTxDataFieldLength
                0x00003546       0x36 libGENERATED_SDK_TARGET.a(linflexd_uart_driver.c.o)
 .text.LINFlexD_SetRxStopBitsCount
                0x0000357c       0x38 libGENERATED_SDK_TARGET.a(linflexd_uart_driver.c.o)
 .text.LINFlexD_SetMonitorIdleState
                0x000035b4       0x3e libGENERATED_SDK_TARGET.a(linflexd_uart_driver.c.o)
 .text.LINFlexD_SetDisableTimeout
                0x000035f2       0x3e libGENERATED_SDK_TARGET.a(linflexd_uart_driver.c.o)
 .text.LINFlexD_SetFractionalBaudRate
                0x00003630       0x36 libGENERATED_SDK_TARGET.a(linflexd_uart_driver.c.o)
 .text.LINFlexD_SetIntegerBaudRate
                0x00003666       0x34 libGENERATED_SDK_TARGET.a(linflexd_uart_driver.c.o)
 .text.LINFlexD_SetTxStopBitsCount
                0x0000369a       0x40 libGENERATED_SDK_TARGET.a(linflexd_uart_driver.c.o)
 .text.LINFlexD_ClearStatusFlag
                0x000036da       0x1c libGENERATED_SDK_TARGET.a(linflexd_uart_driver.c.o)
 .text.LINFlexD_GetStatusFlag
                0x000036f6       0x28 libGENERATED_SDK_TARGET.a(linflexd_uart_driver.c.o)
 .text.LINFlexD_SetInterruptMode
                0x0000371e       0x40 libGENERATED_SDK_TARGET.a(linflexd_uart_driver.c.o)
 .text.LINFlexD_IsInterruptEnabled
                0x0000375e       0x26 libGENERATED_SDK_TARGET.a(linflexd_uart_driver.c.o)
 .text.LINFlexD_SetTxDataBuffer1Byte
                0x00003784       0x1e libGENERATED_SDK_TARGET.a(linflexd_uart_driver.c.o)
 .text.LINFlexD_SetTxDataBuffer2Bytes
                0x000037a2       0x1c libGENERATED_SDK_TARGET.a(linflexd_uart_driver.c.o)
 .text.LINFlexD_GetRxDataBuffer1Byte
                0x000037be       0x1a libGENERATED_SDK_TARGET.a(linflexd_uart_driver.c.o)
 .text.LINFlexD_GetRxDataBuffer2Bytes
                0x000037d8       0x18 libGENERATED_SDK_TARGET.a(linflexd_uart_driver.c.o)
 .text.LINFlexD_UART_DRV_SetBaudRate
                0x000037f0      0x148 libGENERATED_SDK_TARGET.a(linflexd_uart_driver.c.o)
                0x000037f0                LINFlexD_UART_DRV_SetBaudRate
 .text.LINFlexD_UART_DRV_Init
                0x00003938      0x218 libGENERATED_SDK_TARGET.a(linflexd_uart_driver.c.o)
                0x00003938                LINFlexD_UART_DRV_Init
 .text.LINFlexD_UART_DRV_SendDataPolling
                0x00003b50       0xd8 libGENERATED_SDK_TARGET.a(linflexd_uart_driver.c.o)
                0x00003b50                LINFlexD_UART_DRV_SendDataPolling
 .text.LINFlexD_UART_DRV_RxIRQHandler
                0x00003c28       0xb8 libGENERATED_SDK_TARGET.a(linflexd_uart_driver.c.o)
                0x00003c28                LINFlexD_UART_DRV_RxIRQHandler
 .text.LINFlexD_UART_DRV_TxIRQHandler
                0x00003ce0       0x98 libGENERATED_SDK_TARGET.a(linflexd_uart_driver.c.o)
                0x00003ce0                LINFlexD_UART_DRV_TxIRQHandler
 .text.LINFlexD_UART_DRV_ErrIRQHandler
                0x00003d78       0xa8 libGENERATED_SDK_TARGET.a(linflexd_uart_driver.c.o)
                0x00003d78                LINFlexD_UART_DRV_ErrIRQHandler
 .text.LINFlexD_UART_DRV_RxTOHandler
                0x00003e20       0x70 libGENERATED_SDK_TARGET.a(linflexd_uart_driver.c.o)
                0x00003e20                LINFlexD_UART_DRV_RxTOHandler
 .text.LINFlexD_UART_DRV_IRQHandler
                0x00003e90       0x9c libGENERATED_SDK_TARGET.a(linflexd_uart_driver.c.o)
                0x00003e90                LINFlexD_UART_DRV_IRQHandler
 .text.LINFlexD_UART_DRV_CompleteSendUsingInterrupts
                0x00003f2c       0x68 libGENERATED_SDK_TARGET.a(linflexd_uart_driver.c.o)
 .text.LINFlexD_UART_DRV_CompleteReceiveUsingInterrupts
                0x00003f94       0x68 libGENERATED_SDK_TARGET.a(linflexd_uart_driver.c.o)
 .text.LINFlexD_UART_DRV_CompleteReceiveUsingDma
                0x00003ffc       0xf0 libGENERATED_SDK_TARGET.a(linflexd_uart_driver.c.o)
 .text.LINFlexD_UART_DRV_PutData
                0x000040ec       0xc0 libGENERATED_SDK_TARGET.a(linflexd_uart_driver.c.o)
 .text.LINFlexD_UART_DRV_GetData
                0x000041ac       0xc0 libGENERATED_SDK_TARGET.a(linflexd_uart_driver.c.o)
 .text.LINFlexD0_UART_IRQHandler
                0x0000426c        0xe libGENERATED_SDK_TARGET.a(linflexd_uart_irq.c.o)
                0x0000426c                LINFlexD0_UART_IRQHandler
 .text.LINFlexD1_UART_IRQHandler
                0x0000427a        0xe libGENERATED_SDK_TARGET.a(linflexd_uart_irq.c.o)
                0x0000427a                LINFlexD1_UART_IRQHandler
 .text.LINFlexD2_UART_IRQHandler
                0x00004288        0xe libGENERATED_SDK_TARGET.a(linflexd_uart_irq.c.o)
                0x00004288                LINFlexD2_UART_IRQHandler
 .text.LINFlexD3_UART_IRQHandler
                0x00004296        0xe libGENERATED_SDK_TARGET.a(linflexd_uart_irq.c.o)
                0x00004296                LINFlexD3_UART_IRQHandler
 .text.LINFlexD4_UART_IRQHandler
                0x000042a4        0xe libGENERATED_SDK_TARGET.a(linflexd_uart_irq.c.o)
                0x000042a4                LINFlexD4_UART_IRQHandler
 .text.LINFlexD5_UART_IRQHandler
                0x000042b2        0xe libGENERATED_SDK_TARGET.a(linflexd_uart_irq.c.o)
                0x000042b2                LINFlexD5_UART_IRQHandler
 .text.init_data_bss
                0x000042c0      0x128 libGENERATED_SDK_TARGET.a(startup.c.o)
                0x000042c0                init_data_bss
 .text.ARM_MPU_Enable
                0x000043e8       0x44 libGENERATED_SDK_TARGET.a(system_YTM32B1ME0.c.o)
 .text.ARM_MPU_SetMemAttrEx
                0x0000442c       0x68 libGENERATED_SDK_TARGET.a(system_YTM32B1ME0.c.o)
 .text.ARM_MPU_SetMemAttr
                0x00004494       0x28 libGENERATED_SDK_TARGET.a(system_YTM32B1ME0.c.o)
 .text.ARM_MPU_OrderedMemcpy
                0x000044bc       0x40 libGENERATED_SDK_TARGET.a(system_YTM32B1ME0.c.o)
 .text.ARM_MPU_LoadEx
                0x000044fc       0xba libGENERATED_SDK_TARGET.a(system_YTM32B1ME0.c.o)
 *fill*         0x000045b6        0x2 
 .text.ARM_MPU_Load
                0x000045b8       0x24 libGENERATED_SDK_TARGET.a(system_YTM32B1ME0.c.o)
 .text.EfmInitMpu
                0x000045dc       0x48 libGENERATED_SDK_TARGET.a(system_YTM32B1ME0.c.o)
 .text.SystemInit
                0x00004624       0x4c libGENERATED_SDK_TARGET.a(system_YTM32B1ME0.c.o)
                0x00004624                SystemInit
 .text.osif_Tick
                0x00004670       0x1c libGENERATED_SDK_TARGET.a(osif_baremetal.c.o)
 .text.SysTick_Handler
                0x0000468c        0xc libGENERATED_SDK_TARGET.a(osif_baremetal.c.o)
                0x0000468c                SysTick_Handler
 .text.osif_DisableIrqGlobal
                0x00004698        0xc libGENERATED_SDK_TARGET.a(osif_baremetal.c.o)
 .text.osif_EnableIrqGlobal
                0x000046a4        0xc libGENERATED_SDK_TARGET.a(osif_baremetal.c.o)
 .text.OSIF_SemaPost
                0x000046b0       0x3c libGENERATED_SDK_TARGET.a(osif_baremetal.c.o)
                0x000046b0                OSIF_SemaPost
 .text.OSIF_SemaCreate
                0x000046ec       0x24 libGENERATED_SDK_TARGET.a(osif_baremetal.c.o)
                0x000046ec                OSIF_SemaCreate
 .text.eTMR_SetClkSrc
                0x00004710       0x2c libGENERATED_SDK_TARGET.a(etmr_common.c.o)
 .text.eTMR_SetClkPrs
                0x0000473c       0x2c libGENERATED_SDK_TARGET.a(etmr_common.c.o)
 .text.eTMR_GetClkPrs
                0x00004768       0x20 libGENERATED_SDK_TARGET.a(etmr_common.c.o)
 .text.eTMR_SetDebugModeDisable
                0x00004788       0x2a libGENERATED_SDK_TARGET.a(etmr_common.c.o)
 .text.eTMR_Enable
                0x000047b2       0x1e libGENERATED_SDK_TARGET.a(etmr_common.c.o)
 .text.eTMR_SetRegLoadFreq
                0x000047d0       0x34 libGENERATED_SDK_TARGET.a(etmr_common.c.o)
 .text.eTMR_SetHwTrig2Enable
                0x00004804       0x34 libGENERATED_SDK_TARGET.a(etmr_common.c.o)
 .text.eTMR_SetHwTrig1Enable
                0x00004838       0x34 libGENERATED_SDK_TARGET.a(etmr_common.c.o)
 .text.eTMR_SetHwTrig0Enable
                0x0000486c       0x34 libGENERATED_SDK_TARGET.a(etmr_common.c.o)
 .text.eTMR_SetMaskLoadOpportunity
                0x000048a0       0x32 libGENERATED_SDK_TARGET.a(etmr_common.c.o)
 .text.eTMR_SetMaskLoadTrigSrc
                0x000048d2       0x34 libGENERATED_SDK_TARGET.a(etmr_common.c.o)
 .text.eTMR_SetCounterLoadOpportunity
                0x00004906       0x34 libGENERATED_SDK_TARGET.a(etmr_common.c.o)
 .text.eTMR_SetCounterLoadTrigSrc
                0x0000493a       0x34 libGENERATED_SDK_TARGET.a(etmr_common.c.o)
 .text.eTMR_SetRegLoadOpportunity
                0x0000496e       0x32 libGENERATED_SDK_TARGET.a(etmr_common.c.o)
 .text.eTMR_SetRegLoadTrigSrc
                0x000049a0       0x34 libGENERATED_SDK_TARGET.a(etmr_common.c.o)
 .text.eTMR_SetOutputTrigWidth
                0x000049d4       0x34 libGENERATED_SDK_TARGET.a(etmr_common.c.o)
 .text.eTMR_SetOutputTrigFreq
                0x00004a08       0x32 libGENERATED_SDK_TARGET.a(etmr_common.c.o)
 .text.eTMR_SetPulseOutSrc
                0x00004a3a       0x34 libGENERATED_SDK_TARGET.a(etmr_common.c.o)
 .text.eTMR_SetOutTrigSrc
                0x00004a6e       0x34 libGENERATED_SDK_TARGET.a(etmr_common.c.o)
 .text.eTMR_SetModMatchTrigEnable
                0x00004aa2       0x34 libGENERATED_SDK_TARGET.a(etmr_common.c.o)
 .text.eTMR_SetMidMatchTrigEnable
                0x00004ad6       0x34 libGENERATED_SDK_TARGET.a(etmr_common.c.o)
 .text.eTMR_SetInitMatchTrigEnable
                0x00004b0a       0x2e libGENERATED_SDK_TARGET.a(etmr_common.c.o)
 .text.eTMR_SetTofIntEnable
                0x00004b38       0x34 libGENERATED_SDK_TARGET.a(etmr_common.c.o)
 .text.eTMR_SetChnLdEnable
                0x00004b6c       0x58 libGENERATED_SDK_TARGET.a(etmr_common.c.o)
 .text.eTMR_IsChnVal1MatchTrigEnable
                0x00004bc4       0x56 libGENERATED_SDK_TARGET.a(etmr_common.c.o)
 .text.eTMR_IsChnVal0MatchTrigEnable
                0x00004c1a       0x58 libGENERATED_SDK_TARGET.a(etmr_common.c.o)
 *fill*         0x00004c72        0x2 
 .text.eTMR_DRV_Enable
                0x00004c74       0x24 libGENERATED_SDK_TARGET.a(etmr_common.c.o)
                0x00004c74                eTMR_DRV_Enable
 .text.eTMR_DRV_Init
                0x00004c98      0x1cc libGENERATED_SDK_TARGET.a(etmr_common.c.o)
                0x00004c98                eTMR_DRV_Init
 .text.eTMR_DRV_GetChannelNum
                0x00004e64       0x44 libGENERATED_SDK_TARGET.a(etmr_common.c.o)
                0x00004e64                eTMR_DRV_GetChannelNum
 .text.eTMR_DRV_Deinit
                0x00004ea8       0x28 libGENERATED_SDK_TARGET.a(etmr_common.c.o)
                0x00004ea8                eTMR_DRV_Deinit
 .text.eTMR_DRV_SetSync
                0x00004ed0       0xc4 libGENERATED_SDK_TARGET.a(etmr_common.c.o)
                0x00004ed0                eTMR_DRV_SetSync
 .text.eTMR_DRV_SetOutputTrigger
                0x00004f94      0x118 libGENERATED_SDK_TARGET.a(etmr_common.c.o)
                0x00004f94                eTMR_DRV_SetOutputTrigger
 .text.eTMR_DRV_GetFrequency
                0x000050ac       0x74 libGENERATED_SDK_TARGET.a(etmr_common.c.o)
                0x000050ac                eTMR_DRV_GetFrequency
 .text.eTMR_DRV_ConvertFreqToPeriodTicks
                0x00005120       0x30 libGENERATED_SDK_TARGET.a(etmr_common.c.o)
                0x00005120                eTMR_DRV_ConvertFreqToPeriodTicks
 .text.eTMR_SetCh01CompMode
                0x00005150       0x2c libGENERATED_SDK_TARGET.a(etmr_hw_access.c.o)
 .text.eTMR_SetCh23CompMode
                0x0000517c       0x2c libGENERATED_SDK_TARGET.a(etmr_hw_access.c.o)
 .text.eTMR_SetCh45CompMode
                0x000051a8       0x2c libGENERATED_SDK_TARGET.a(etmr_hw_access.c.o)
 .text.eTMR_SetCh67CompMode
                0x000051d4       0x2c libGENERATED_SDK_TARGET.a(etmr_hw_access.c.o)
 .text.eTMR_SetCh67DoubleSwitch
                0x00005200       0x2c libGENERATED_SDK_TARGET.a(etmr_hw_access.c.o)
 .text.eTMR_SetCh45DoubleSwitch
                0x0000522c       0x2c libGENERATED_SDK_TARGET.a(etmr_hw_access.c.o)
 .text.eTMR_SetCh23DoubleSwitch
                0x00005258       0x2c libGENERATED_SDK_TARGET.a(etmr_hw_access.c.o)
 .text.eTMR_SetCh01DoubleSwitch
                0x00005284       0x2c libGENERATED_SDK_TARGET.a(etmr_hw_access.c.o)
 .text.eTMR_IsInvertFault3InputPol
                0x000052b0       0x34 libGENERATED_SDK_TARGET.a(etmr_hw_access.c.o)
 .text.eTMR_IsInvertFault2InputPol
                0x000052e4       0x34 libGENERATED_SDK_TARGET.a(etmr_hw_access.c.o)
 .text.eTMR_IsInvertFault1InputPol
                0x00005318       0x34 libGENERATED_SDK_TARGET.a(etmr_hw_access.c.o)
 .text.eTMR_IsInvertFault0InputPol
                0x0000534c       0x34 libGENERATED_SDK_TARGET.a(etmr_hw_access.c.o)
 .text.eTMR_IsFault3Enable
                0x00005380       0x34 libGENERATED_SDK_TARGET.a(etmr_hw_access.c.o)
 .text.eTMR_IsFault2Enable
                0x000053b4       0x34 libGENERATED_SDK_TARGET.a(etmr_hw_access.c.o)
 .text.eTMR_IsFault1Enable
                0x000053e8       0x34 libGENERATED_SDK_TARGET.a(etmr_hw_access.c.o)
 .text.eTMR_IsFault0Enable
                0x0000541c       0x2e libGENERATED_SDK_TARGET.a(etmr_hw_access.c.o)
 *fill*         0x0000544a        0x2 
 .text.eTMR_DRV_Reset
                0x0000544c       0x48 libGENERATED_SDK_TARGET.a(etmr_hw_access.c.o)
                0x0000544c                eTMR_DRV_Reset
 .text.eTMR_DRV_GetChnNegPulseRdyFlag
                0x00005494       0xf0 libGENERATED_SDK_TARGET.a(etmr_hw_access.c.o)
                0x00005494                eTMR_DRV_GetChnNegPulseRdyFlag
 .text.eTMR_DRV_GetChnPosPulseRdyFlag
                0x00005584       0xfc libGENERATED_SDK_TARGET.a(etmr_hw_access.c.o)
                0x00005584                eTMR_DRV_GetChnPosPulseRdyFlag
 .text.eTMR_DRV_ClearChnNegPulseRdyFlag
                0x00005680       0xa4 libGENERATED_SDK_TARGET.a(etmr_hw_access.c.o)
                0x00005680                eTMR_DRV_ClearChnNegPulseRdyFlag
 .text.eTMR_DRV_ClearChnPosPulseRdyFlag
                0x00005724       0xa4 libGENERATED_SDK_TARGET.a(etmr_hw_access.c.o)
                0x00005724                eTMR_DRV_ClearChnPosPulseRdyFlag
 .text.eTMR_DRV_ClearTofFlag
                0x000057c8       0x28 libGENERATED_SDK_TARGET.a(etmr_hw_access.c.o)
                0x000057c8                eTMR_DRV_ClearTofFlag
 .text.eTMR_DRV_ClearChnFlag
                0x000057f0       0x2c libGENERATED_SDK_TARGET.a(etmr_hw_access.c.o)
                0x000057f0                eTMR_DRV_ClearChnFlag
 .text.eTMR_DRV_SetChnCompMode
                0x0000581c       0x78 libGENERATED_SDK_TARGET.a(etmr_hw_access.c.o)
                0x0000581c                eTMR_DRV_SetChnCompMode
 .text.eTMR_DRV_SetChnDoubleSwitch
                0x00005894       0x78 libGENERATED_SDK_TARGET.a(etmr_hw_access.c.o)
                0x00005894                eTMR_DRV_SetChnDoubleSwitch
 .text.eTMR_DRV_SetFaultChnPol
                0x0000590c       0x78 libGENERATED_SDK_TARGET.a(etmr_hw_access.c.o)
                0x0000590c                eTMR_DRV_SetFaultChnPol
 .text.eTMR_DRV_SetFaultChnEnable
                0x00005984       0x78 libGENERATED_SDK_TARGET.a(etmr_hw_access.c.o)
                0x00005984                eTMR_DRV_SetFaultChnEnable
 .text.eTMR_SetCntVal
                0x000059fc       0x2a libGENERATED_SDK_TARGET.a(etmr_pwm_driver.c.o)
 .text.eTMR_SetCounterInitValSrc
                0x00005a26       0x34 libGENERATED_SDK_TARGET.a(etmr_pwm_driver.c.o)
 .text.eTMR_SetFaultIntEnable
                0x00005a5a       0x34 libGENERATED_SDK_TARGET.a(etmr_pwm_driver.c.o)
 .text.eTMR_SetChnOutInitVal
                0x00005a8e       0x1c libGENERATED_SDK_TARGET.a(etmr_pwm_driver.c.o)
 .text.eTMR_SetChnOutFaultVal
                0x00005aaa       0x2e libGENERATED_SDK_TARGET.a(etmr_pwm_driver.c.o)
 .text.eTMR_SetInitVal
                0x00005ad8       0x1a libGENERATED_SDK_TARGET.a(etmr_pwm_driver.c.o)
 .text.eTMR_SetMod
                0x00005af2       0x1a libGENERATED_SDK_TARGET.a(etmr_pwm_driver.c.o)
 .text.eTMR_SetFaultFilterSampleCnt
                0x00005b0c       0x30 libGENERATED_SDK_TARGET.a(etmr_pwm_driver.c.o)
 .text.eTMR_SetFaultFilterSamplePeriod
                0x00005b3c       0x34 libGENERATED_SDK_TARGET.a(etmr_pwm_driver.c.o)
 .text.eTMR_SetFaultInputStrentch
                0x00005b70       0x34 libGENERATED_SDK_TARGET.a(etmr_pwm_driver.c.o)
 .text.eTMR_EnableFaultCombLogic
                0x00005ba4       0x2a libGENERATED_SDK_TARGET.a(etmr_pwm_driver.c.o)
 .text.eTMR_SetPwmRecoveryOpportunity
                0x00005bce       0x34 libGENERATED_SDK_TARGET.a(etmr_pwm_driver.c.o)
 .text.eTMR_SetPwmAutoRecoveryMode
                0x00005c02       0x34 libGENERATED_SDK_TARGET.a(etmr_pwm_driver.c.o)
 .text.eTMR_SetChnPwmSrc
                0x00005c36       0x54 libGENERATED_SDK_TARGET.a(etmr_pwm_driver.c.o)
 .text.eTMR_IsInvertChnOutputPol
                0x00005c8a       0x58 libGENERATED_SDK_TARGET.a(etmr_pwm_driver.c.o)
 .text.eTMR_SetChnMode
                0x00005ce2       0x56 libGENERATED_SDK_TARGET.a(etmr_pwm_driver.c.o)
 .text.eTMR_SetChnVal0
                0x00005d38       0x28 libGENERATED_SDK_TARGET.a(etmr_pwm_driver.c.o)
 .text.eTMR_SetChnVal1
                0x00005d60       0x26 libGENERATED_SDK_TARGET.a(etmr_pwm_driver.c.o)
 .text.eTMR_SetChnDeadtime
                0x00005d86       0x52 libGENERATED_SDK_TARGET.a(etmr_pwm_driver.c.o)
 .text.eTMR_DRV_InitPwmChannel
                0x00005dd8      0x218 libGENERATED_SDK_TARGET.a(etmr_pwm_driver.c.o)
                0x00005dd8                eTMR_DRV_InitPwmChannel
 .text.eTMR_DRV_InitPwmDutyCycleChannel
                0x00005ff0       0xf0 libGENERATED_SDK_TARGET.a(etmr_pwm_driver.c.o)
                0x00005ff0                eTMR_DRV_InitPwmDutyCycleChannel
 .text.eTMR_DRV_InitFault
                0x000060e0      0x124 libGENERATED_SDK_TARGET.a(etmr_pwm_driver.c.o)
                0x000060e0                eTMR_DRV_InitFault
 .text.eTMR_DRV_InitPwm
                0x00006204       0xbc libGENERATED_SDK_TARGET.a(etmr_pwm_driver.c.o)
                0x00006204                eTMR_DRV_InitPwm
 .text.eTMR_DRV_UpdatePwmChannel
                0x000062c0       0xa4 libGENERATED_SDK_TARGET.a(etmr_pwm_driver.c.o)
                0x000062c0                eTMR_DRV_UpdatePwmChannel
 .text.eTMR_DRV_CalculateDutyCycle
                0x00006364      0x3b8 libGENERATED_SDK_TARGET.a(etmr_pwm_driver.c.o)
 .text.eTMR_GetChnPosPulseCntPeriodNum
                0x0000671c       0x26 libGENERATED_SDK_TARGET.a(etmr_ic_driver.c.o)
 .text.eTMR_GetChnPosPulseWidthCapVal
                0x00006742       0x26 libGENERATED_SDK_TARGET.a(etmr_ic_driver.c.o)
 .text.eTMR_GetChnNegPulseCntPeriodNum
                0x00006768       0x26 libGENERATED_SDK_TARGET.a(etmr_ic_driver.c.o)
 .text.eTMR_GetChnNegPulseWidthCapVal
                0x0000678e       0x26 libGENERATED_SDK_TARGET.a(etmr_ic_driver.c.o)
 .text.eTMR0_Ch0_Ch1_IRQHandler
                0x000067b4       0x32 libGENERATED_SDK_TARGET.a(etmr_ic_driver.c.o)
                0x000067b4                eTMR0_Ch0_Ch1_IRQHandler
 .text.eTMR0_Ch2_Ch3_IRQHandler
                0x000067e6       0x32 libGENERATED_SDK_TARGET.a(etmr_ic_driver.c.o)
                0x000067e6                eTMR0_Ch2_Ch3_IRQHandler
 .text.eTMR0_Ch4_Ch5_IRQHandler
                0x00006818       0x32 libGENERATED_SDK_TARGET.a(etmr_ic_driver.c.o)
                0x00006818                eTMR0_Ch4_Ch5_IRQHandler
 .text.eTMR0_Ch6_Ch7_IRQHandler
                0x0000684a       0x32 libGENERATED_SDK_TARGET.a(etmr_ic_driver.c.o)
                0x0000684a                eTMR0_Ch6_Ch7_IRQHandler
 .text.eTMR1_Ch0_Ch1_IRQHandler
                0x0000687c       0x32 libGENERATED_SDK_TARGET.a(etmr_ic_driver.c.o)
                0x0000687c                eTMR1_Ch0_Ch1_IRQHandler
 .text.eTMR1_Ch2_Ch3_IRQHandler
                0x000068ae       0x32 libGENERATED_SDK_TARGET.a(etmr_ic_driver.c.o)
                0x000068ae                eTMR1_Ch2_Ch3_IRQHandler
 .text.eTMR1_Ch4_Ch5_IRQHandler
                0x000068e0       0x32 libGENERATED_SDK_TARGET.a(etmr_ic_driver.c.o)
                0x000068e0                eTMR1_Ch4_Ch5_IRQHandler
 .text.eTMR1_Ch6_Ch7_IRQHandler
                0x00006912       0x32 libGENERATED_SDK_TARGET.a(etmr_ic_driver.c.o)
                0x00006912                eTMR1_Ch6_Ch7_IRQHandler
 .text.eTMR2_Ch0_Ch1_IRQHandler
                0x00006944       0x32 libGENERATED_SDK_TARGET.a(etmr_ic_driver.c.o)
                0x00006944                eTMR2_Ch0_Ch1_IRQHandler
 .text.eTMR2_Ch2_Ch3_IRQHandler
                0x00006976       0x32 libGENERATED_SDK_TARGET.a(etmr_ic_driver.c.o)
                0x00006976                eTMR2_Ch2_Ch3_IRQHandler
 .text.eTMR2_Ch4_Ch5_IRQHandler
                0x000069a8       0x32 libGENERATED_SDK_TARGET.a(etmr_ic_driver.c.o)
                0x000069a8                eTMR2_Ch4_Ch5_IRQHandler
 .text.eTMR2_Ch6_Ch7_IRQHandler
                0x000069da       0x32 libGENERATED_SDK_TARGET.a(etmr_ic_driver.c.o)
                0x000069da                eTMR2_Ch6_Ch7_IRQHandler
 .text.eTMR3_Ch0_Ch1_IRQHandler
                0x00006a0c       0x32 libGENERATED_SDK_TARGET.a(etmr_ic_driver.c.o)
                0x00006a0c                eTMR3_Ch0_Ch1_IRQHandler
 .text.eTMR3_Ch2_Ch3_IRQHandler
                0x00006a3e       0x32 libGENERATED_SDK_TARGET.a(etmr_ic_driver.c.o)
                0x00006a3e                eTMR3_Ch2_Ch3_IRQHandler
 .text.eTMR3_Ch4_Ch5_IRQHandler
                0x00006a70       0x32 libGENERATED_SDK_TARGET.a(etmr_ic_driver.c.o)
                0x00006a70                eTMR3_Ch4_Ch5_IRQHandler
 .text.eTMR3_Ch6_Ch7_IRQHandler
                0x00006aa2       0x32 libGENERATED_SDK_TARGET.a(etmr_ic_driver.c.o)
                0x00006aa2                eTMR3_Ch6_Ch7_IRQHandler
 .text.eTMR4_Ch0_Ch1_IRQHandler
                0x00006ad4       0x32 libGENERATED_SDK_TARGET.a(etmr_ic_driver.c.o)
                0x00006ad4                eTMR4_Ch0_Ch1_IRQHandler
 .text.eTMR4_Ch2_Ch3_IRQHandler
                0x00006b06       0x32 libGENERATED_SDK_TARGET.a(etmr_ic_driver.c.o)
                0x00006b06                eTMR4_Ch2_Ch3_IRQHandler
 .text.eTMR4_Ch4_Ch5_IRQHandler
                0x00006b38       0x32 libGENERATED_SDK_TARGET.a(etmr_ic_driver.c.o)
                0x00006b38                eTMR4_Ch4_Ch5_IRQHandler
 .text.eTMR4_Ch6_Ch7_IRQHandler
                0x00006b6a       0x32 libGENERATED_SDK_TARGET.a(etmr_ic_driver.c.o)
                0x00006b6a                eTMR4_Ch6_Ch7_IRQHandler
 .text.eTMR5_Ch0_Ch1_IRQHandler
                0x00006b9c       0x32 libGENERATED_SDK_TARGET.a(etmr_ic_driver.c.o)
                0x00006b9c                eTMR5_Ch0_Ch1_IRQHandler
 .text.eTMR5_Ch2_Ch3_IRQHandler
                0x00006bce       0x32 libGENERATED_SDK_TARGET.a(etmr_ic_driver.c.o)
                0x00006bce                eTMR5_Ch2_Ch3_IRQHandler
 .text.eTMR5_Ch4_Ch5_IRQHandler
                0x00006c00       0x32 libGENERATED_SDK_TARGET.a(etmr_ic_driver.c.o)
                0x00006c00                eTMR5_Ch4_Ch5_IRQHandler
 .text.eTMR5_Ch6_Ch7_IRQHandler
                0x00006c32       0x32 libGENERATED_SDK_TARGET.a(etmr_ic_driver.c.o)
                0x00006c32                eTMR5_Ch6_Ch7_IRQHandler
 .text.eTMR_DRV_InputCaptureHandler
                0x00006c64      0x1d0 libGENERATED_SDK_TARGET.a(etmr_ic_driver.c.o)
                0x00006c64                eTMR_DRV_InputCaptureHandler
 .text.linflexd_process_callback
                0x00006e34       0x80 libGENERATED_SDK_TARGET.a(LIN.c.o)
 .text.LIN_MASTER_init
                0x00006eb4       0x58 libGENERATED_SDK_TARGET.a(LIN.c.o)
                0x00006eb4                LIN_MASTER_init
 .text.LIN_Master_Send_Frame
                0x00006f0c       0xa0 libGENERATED_SDK_TARGET.a(LIN.c.o)
                0x00006f0c                LIN_Master_Send_Frame
 .text.LIN_Master_Receive_Frame
                0x00006fac       0xa0 libGENERATED_SDK_TARGET.a(LIN.c.o)
                0x00006fac                LIN_Master_Receive_Frame
 .text.PWM_init
                0x0000704c       0x2c libGENERATED_SDK_TARGET.a(PWM.c.o)
                0x0000704c                PWM_init
 .text.PWM_Start
                0x00007078        0xe libGENERATED_SDK_TARGET.a(PWM.c.o)
                0x00007078                PWM_Start
 *fill*         0x00007086        0x2 
 .text.UART_init
                0x00007088       0x1c libGENERATED_SDK_TARGET.a(UART.c.o)
                0x00007088                UART_init
 .text.printf_char
                0x000070a4       0x1e libGENERATED_SDK_TARGET.a(printf.c.o)
                0x000070a4                printf_char
 .text._out_null
                0x000070c2       0x1a libGENERATED_SDK_TARGET.a(printf.c.o)
 .text._out_char
                0x000070dc       0x26 libGENERATED_SDK_TARGET.a(printf.c.o)
 .text._strnlen_s
                0x00007102       0x38 libGENERATED_SDK_TARGET.a(printf.c.o)
 .text._is_digit
                0x0000713a       0x2c libGENERATED_SDK_TARGET.a(printf.c.o)
 .text._atoi    0x00007166       0x48 libGENERATED_SDK_TARGET.a(printf.c.o)
 .text._out_rev
                0x000071ae       0xa0 libGENERATED_SDK_TARGET.a(printf.c.o)
 .text._ntoa_format
                0x0000724e      0x1b8 libGENERATED_SDK_TARGET.a(printf.c.o)
 .text._ntoa_long
                0x00007406       0xcc libGENERATED_SDK_TARGET.a(printf.c.o)
 .text._ntoa_long_long
                0x000074d2       0xda libGENERATED_SDK_TARGET.a(printf.c.o)
 *fill*         0x000075ac        0x4 
 .text._ftoa    0x000075b0      0x4b0 libGENERATED_SDK_TARGET.a(printf.c.o)
 .text._etoa    0x00007a60      0x520 libGENERATED_SDK_TARGET.a(printf.c.o)
 .text._vsnprintf
                0x00007f80      0x9c0 libGENERATED_SDK_TARGET.a(printf.c.o)
 .text.printf_  0x00008940       0x38 libGENERATED_SDK_TARGET.a(printf.c.o)
                0x00008940                printf_
 .text.LINFlexD_EnterInitMode
                0x00008978       0x2e libGENERATED_SDK_TARGET.a(linflexd_lin_driver.c.o)
 .text.LINFlexD_EnterNormalMode
                0x000089a6       0x2e libGENERATED_SDK_TARGET.a(linflexd_lin_driver.c.o)
 .text.LINFlexD_SetSleepMode
                0x000089d4       0x34 libGENERATED_SDK_TARGET.a(linflexd_lin_driver.c.o)
 .text.LINFlexD_Init
                0x00008a08       0x38 libGENERATED_SDK_TARGET.a(linflexd_lin_driver.c.o)
 .text.LINFlexD_IntInit
                0x00008a40       0x1a libGENERATED_SDK_TARGET.a(linflexd_lin_driver.c.o)
 .text.LINFlexD_AutoSyncEnable
                0x00008a5a       0x38 libGENERATED_SDK_TARGET.a(linflexd_lin_driver.c.o)
 .text.LINFlexD_SetLinBIDR
                0x00008a92       0x52 libGENERATED_SDK_TARGET.a(linflexd_lin_driver.c.o)
 .text.LINFlexD_SetHeaderRequest
                0x00008ae4       0x1e libGENERATED_SDK_TARGET.a(linflexd_lin_driver.c.o)
 .text.LINFlexD_SetDataRequest
                0x00008b02       0x1e libGENERATED_SDK_TARGET.a(linflexd_lin_driver.c.o)
 .text.LINFlexD_DataDiscard
                0x00008b20       0x34 libGENERATED_SDK_TARGET.a(linflexd_lin_driver.c.o)
 .text.LINFlexD_GetLinBidrID
                0x00008b54       0x1e libGENERATED_SDK_TARGET.a(linflexd_lin_driver.c.o)
 .text.LINFlexD_GetLinState
                0x00008b72       0x22 libGENERATED_SDK_TARGET.a(linflexd_lin_driver.c.o)
 .text.LINFlexD_SetFractionalBaudRate
                0x00008b94       0x36 libGENERATED_SDK_TARGET.a(linflexd_lin_driver.c.o)
 .text.LINFlexD_SetIntegerBaudRate
                0x00008bca       0x34 libGENERATED_SDK_TARGET.a(linflexd_lin_driver.c.o)
 .text.LINFlexD_EnableTimeout
                0x00008bfe       0x2e libGENERATED_SDK_TARGET.a(linflexd_lin_driver.c.o)
 .text.LINFlexD_SetTimeoutValue
                0x00008c2c       0x2e libGENERATED_SDK_TARGET.a(linflexd_lin_driver.c.o)
 .text.LINFlexD_ClearLinStatusFlag
                0x00008c5a       0x1c libGENERATED_SDK_TARGET.a(linflexd_lin_driver.c.o)
 .text.LINFlexD_GetLinStatusFlag
                0x00008c76       0x28 libGENERATED_SDK_TARGET.a(linflexd_lin_driver.c.o)
 .text.LINFlexD_GetLinErrorStatusFlag
                0x00008c9e       0x28 libGENERATED_SDK_TARGET.a(linflexd_lin_driver.c.o)
 .text.LINFlexD_SetInterruptMode
                0x00008cc6       0x40 libGENERATED_SDK_TARGET.a(linflexd_lin_driver.c.o)
 .text.LINFlexD_IsInterruptEnabled
                0x00008d06       0x26 libGENERATED_SDK_TARGET.a(linflexd_lin_driver.c.o)
 .text.LINFlexD_SetTxDataArray
                0x00008d2c       0x46 libGENERATED_SDK_TARGET.a(linflexd_lin_driver.c.o)
 .text.LINFlexD_GetRxDataArray
                0x00008d72       0x46 libGENERATED_SDK_TARGET.a(linflexd_lin_driver.c.o)
 .text.LINFlexD_ConfigIdFilter
                0x00008db8      0x136 libGENERATED_SDK_TARGET.a(linflexd_lin_driver.c.o)
 .text.LINFlexD_GetFilterMatchIndex
                0x00008eee       0x1e libGENERATED_SDK_TARGET.a(linflexd_lin_driver.c.o)
 .text.LINFlexD_DRV_Init
                0x00008f0c      0x140 libGENERATED_SDK_TARGET.a(linflexd_lin_driver.c.o)
                0x00008f0c                LINFlexD_DRV_Init
 .text.LINFlexD_DRV_SetBaudRate
                0x0000904c      0x120 libGENERATED_SDK_TARGET.a(linflexd_lin_driver.c.o)
                0x0000904c                LINFlexD_DRV_SetBaudRate
 .text.LINFlexD_DRV_InstallCallback
                0x0000916c       0x30 libGENERATED_SDK_TARGET.a(linflexd_lin_driver.c.o)
                0x0000916c                LINFlexD_DRV_InstallCallback
 .text.LINFlexD_DRV_MasterTransfer
                0x0000919c       0xd8 libGENERATED_SDK_TARGET.a(linflexd_lin_driver.c.o)
                0x0000919c                LINFlexD_DRV_MasterTransfer
 .text.LINFlexD_LIN_DRV_IRQHandler
                0x00009274       0x4c libGENERATED_SDK_TARGET.a(linflexd_lin_driver.c.o)
                0x00009274                LINFlexD_LIN_DRV_IRQHandler
 .text.LINFlexD_LIN_DRV_RxIRQHandler
                0x000092c0      0x12c libGENERATED_SDK_TARGET.a(linflexd_lin_driver.c.o)
                0x000092c0                LINFlexD_LIN_DRV_RxIRQHandler
 .text.LINFlexD_LIN_DRV_TxIRQHandler
                0x000093ec       0x70 libGENERATED_SDK_TARGET.a(linflexd_lin_driver.c.o)
                0x000093ec                LINFlexD_LIN_DRV_TxIRQHandler
 .text.LINFlexD_LIN_DRV_ErrIRQHandler
                0x0000945c      0x1ac libGENERATED_SDK_TARGET.a(linflexd_lin_driver.c.o)
                0x0000945c                LINFlexD_LIN_DRV_ErrIRQHandler
 .text.LINFlexD_LIN_DRV_FilterResponse
                0x00009608       0xac libGENERATED_SDK_TARGET.a(linflexd_lin_driver.c.o)
                0x00009608                LINFlexD_LIN_DRV_FilterResponse
 .text.LINFlexD0_LIN_IRQHandler
                0x000096b4        0xe libGENERATED_SDK_TARGET.a(linflexd_lin_irq.c.o)
                0x000096b4                LINFlexD0_LIN_IRQHandler
 .text.LINFlexD1_LIN_IRQHandler
                0x000096c2        0xe libGENERATED_SDK_TARGET.a(linflexd_lin_irq.c.o)
                0x000096c2                LINFlexD1_LIN_IRQHandler
 .text.LINFlexD2_LIN_IRQHandler
                0x000096d0        0xe libGENERATED_SDK_TARGET.a(linflexd_lin_irq.c.o)
                0x000096d0                LINFlexD2_LIN_IRQHandler
 .text.LINFlexD3_LIN_IRQHandler
                0x000096de        0xe libGENERATED_SDK_TARGET.a(linflexd_lin_irq.c.o)
                0x000096de                LINFlexD3_LIN_IRQHandler
 .text.LINFlexD4_LIN_IRQHandler
                0x000096ec        0xe libGENERATED_SDK_TARGET.a(linflexd_lin_irq.c.o)
                0x000096ec                LINFlexD4_LIN_IRQHandler
 .text.LINFlexD5_LIN_IRQHandler
                0x000096fa        0xe libGENERATED_SDK_TARGET.a(linflexd_lin_irq.c.o)
                0x000096fa                LINFlexD5_LIN_IRQHandler
 *(.rodata)
 .rodata        0x00009708       0x66 CMakeFiles/Vehicle-thermal-management.elf.dir/app/main.c.o
 *fill*         0x0000976e        0x2 
 .rodata        0x00009770        0x8 libGENERATED_SDK_TARGET.a(system_YTM32B1ME0.c.o)
 .rodata        0x00009778       0xb3 libGENERATED_SDK_TARGET.a(LIN.c.o)
 *fill*         0x0000982b        0x1 
 .rodata        0x0000982c       0x18 libGENERATED_SDK_TARGET.a(printf.c.o)
 *(.rodata*)
 .rodata.clock_config0ScuConfig
                0x00009844       0x28 libGENERATED_SDK_TARGET.a(clock_config.c.o)
                0x00009844                clock_config0ScuConfig
 .rodata.linflexd_uart_config0
                0x0000986c        0xc libGENERATED_SDK_TARGET.a(linflexd_uart_config.c.o)
                0x0000986c                linflexd_uart_config0
 .rodata.clockNameMappings
                0x00009878       0x8c libGENERATED_SDK_TARGET.a(clock_YTM32B1Mx.c.o)
                0x00009878                clockNameMappings
 .rodata.s_uartLINFlexDBase
                0x00009904       0x18 libGENERATED_SDK_TARGET.a(linflexd_uart_driver.c.o)
 .rodata.s_uartLINFlexDIntVec
                0x0000991c        0xc libGENERATED_SDK_TARGET.a(linflexd_uart_driver.c.o)
 .rodata.s_uartLINFlexDClkNames
                0x00009928        0x6 libGENERATED_SDK_TARGET.a(linflexd_uart_driver.c.o)
 *fill*         0x0000992e        0x2 
 .rodata.g_uartLINFlexDIsr
                0x00009930       0x18 libGENERATED_SDK_TARGET.a(linflexd_uart_irq.c.o)
                0x00009930                g_uartLINFlexDIsr
 .rodata.g_etmrBase
                0x00009948       0x18 libGENERATED_SDK_TARGET.a(etmr_common.c.o)
                0x00009948                g_etmrBase
 .rodata.g_etmrChannelNum
                0x00009960        0x6 libGENERATED_SDK_TARGET.a(etmr_common.c.o)
                0x00009960                g_etmrChannelNum
 *fill*         0x00009966        0x2 
 .rodata.g_etmrOverflowIrqId
                0x00009968        0xc libGENERATED_SDK_TARGET.a(etmr_common.c.o)
                0x00009968                g_etmrOverflowIrqId
 *fill*         0x00009974        0x4 
 .rodata.pow10.0
                0x00009978       0x50 libGENERATED_SDK_TARGET.a(printf.c.o)
 .rodata.s_LINFlexDBase
                0x000099c8       0x18 libGENERATED_SDK_TARGET.a(linflexd_lin_driver.c.o)
 .rodata.s_LINFlexDClkName
                0x000099e0        0x6 libGENERATED_SDK_TARGET.a(linflexd_lin_driver.c.o)
 *fill*         0x000099e6        0x2 
 .rodata.s_LINFlexDIntVec
                0x000099e8        0xc libGENERATED_SDK_TARGET.a(linflexd_lin_driver.c.o)
 .rodata.g_LinLINFlexDIsr
                0x000099f4       0x18 libGENERATED_SDK_TARGET.a(linflexd_lin_irq.c.o)
                0x000099f4                g_LinLINFlexDIsr
 *(.init)
 .init          0x00009a0c        0x4 c:/users/zhangyifei/appdata/roaming/yt_config_tool/gcc-arm-none-eabi-10.3-2021.10/bin/../lib/gcc/arm-none-eabi/10.3.1/thumb/v8-m.main/nofp/crti.o
                0x00009a0c                _init
 *(.fini)
 .fini          0x00009a10        0x4 c:/users/zhangyifei/appdata/roaming/yt_config_tool/gcc-arm-none-eabi-10.3-2021.10/bin/../lib/gcc/arm-none-eabi/10.3.1/thumb/v8-m.main/nofp/crti.o
                0x00009a10                _fini
 *(.eh_frame)
                0x00009a14                . = ALIGN (0x4)

.glue_7         0x00009a14        0x0
 .glue_7        0x00009a14        0x0 linker stubs

.glue_7t        0x00009a14        0x0
 .glue_7t       0x00009a14        0x0 linker stubs

.vfp11_veneer   0x00009a14        0x0
 .vfp11_veneer  0x00009a14        0x0 linker stubs

.v4_bx          0x00009a14        0x0
 .v4_bx         0x00009a14        0x0 linker stubs

.iplt           0x00009a14        0x0
 .iplt          0x00009a14        0x0 CMakeFiles/Vehicle-thermal-management.elf.dir/app/main.c.o

.ARM            0x00009a14        0x8
                0x00009a14                __exidx_start = .
 *(.ARM.exidx*)
 .ARM.exidx     0x00009a14        0x8 c:/users/zhangyifei/appdata/roaming/yt_config_tool/gcc-arm-none-eabi-10.3-2021.10/bin/../lib/gcc/arm-none-eabi/10.3.1/thumb/v8-m.main/nofp\libgcc.a(_udivmoddi4.o)
                0x00009a1c                __exidx_end = .
                0x00009a1c                __etext = .
                0x00009a1c                __DATA_ROM = .

.rel.dyn        0x00009a1c        0x0
 .rel.iplt      0x00009a1c        0x0 CMakeFiles/Vehicle-thermal-management.elf.dir/app/main.c.o

.interrupts_ram
                0x1fff0000      0x400
                0x1fff0000                . = ALIGN (0x4)
                0x1fff0000                __VECTOR_RAM__ = .
                0x1fff0000                __RAM_START = .
                0x1fff0000                __interrupts_ram_start__ = .
 *(.m_interrupts_ram)
                0x1fff0400                . = (. + M_VECTOR_RAM_SIZE)
 *fill*         0x1fff0000      0x400 
                0x1fff0400                . = ALIGN (0x4)
                0x1fff0400                __interrupts_ram_end__ = .
                0x1fff0000                __VECTOR_RAM = DEFINED (__flash_vector_table__)?ORIGIN (m_interrupts):__VECTOR_RAM__
                0x00000400                __RAM_VECTOR_TABLE_SIZE = DEFINED (__flash_vector_table__)?0x0:(__interrupts_ram_end__ - __interrupts_ram_start__)

.data           0x1fff0400      0x160 load address 0x00009a1c
                0x1fff0400                . = ALIGN (0x4)
                0x1fff0400                __DATA_RAM = .
                0x1fff0400                __data_start__ = .
 *(.data)
 *(.data*)
 .data.clock_config0PeripheralClockConfig
                0x1fff0400       0x14 libGENERATED_SDK_TARGET.a(clock_config.c.o)
                0x1fff0400                clock_config0PeripheralClockConfig
 .data.clock_config0ClockManager
                0x1fff0414       0x10 libGENERATED_SDK_TARGET.a(clock_config.c.o)
                0x1fff0414                clock_config0ClockManager
 .data.g_clockManConfigsArr
                0x1fff0424        0x4 libGENERATED_SDK_TARGET.a(clock_config.c.o)
                0x1fff0424                g_clockManConfigsArr
 .data.g_pin_mux_InitConfigArr0
                0x1fff0428       0xc4 libGENERATED_SDK_TARGET.a(pin_mux.c.o)
                0x1fff0428                g_pin_mux_InitConfigArr0
 .data.SystemCoreClock
                0x1fff04ec        0x4 libGENERATED_SDK_TARGET.a(system_YTM32B1ME0.c.o)
                0x1fff04ec                SystemCoreClock
 .data.ETMR_PWM_Config0IndChConfig
                0x1fff04f0       0x18 libGENERATED_SDK_TARGET.a(etmr_config.c.o)
                0x1fff04f0                ETMR_PWM_Config0IndChConfig
 .data.ETMR_PWM_Config0
                0x1fff0508       0x18 libGENERATED_SDK_TARGET.a(etmr_config.c.o)
                0x1fff0508                ETMR_PWM_Config0
 .data.linMasterFrame
                0x1fff0520        0xc libGENERATED_SDK_TARGET.a(LIN.c.o)
                0x1fff0520                linMasterFrame
 .data.eTMR_PwmSyncConfig_1
                0x1fff052c        0xa libGENERATED_SDK_TARGET.a(PWM.c.o)
                0x1fff052c                eTMR_PwmSyncConfig_1
 *fill*         0x1fff0536        0x2 
 .data.ETMR_PWM_USER_CONFIG_info
                0x1fff0538       0x10 libGENERATED_SDK_TARGET.a(PWM.c.o)
                0x1fff0538                ETMR_PWM_USER_CONFIG_info
 .data.linflexd_lin_config0
                0x1fff0548       0x18 libGENERATED_SDK_TARGET.a(linflexd_lin_config.c.o)
                0x1fff0548                linflexd_lin_config0
                0x1fff0560                . = ALIGN (0x4)
                0x1fff0560                __data_end__ = .
                0x00009b7c                __DATA_END = (__DATA_ROM + (__data_end__ - __data_start__))
                0x00009b7c                __CODE_ROM = __DATA_END

.igot.plt       0x1fff0560        0x0 load address 0x00009b7c
 .igot.plt      0x1fff0560        0x0 CMakeFiles/Vehicle-thermal-management.elf.dir/app/main.c.o

.code           0x1fff0560        0x0 load address 0x00009b7c
                0x1fff0560                . = ALIGN (0x4)
                0x1fff0560                __CODE_RAM = .
                0x1fff0560                __code_start__ = .
                0x1fff0560                __code_ram_start__ = .
 *(.code_ram)
                0x1fff0560                . = ALIGN (0x4)
                0x1fff0560                __code_end__ = .
                0x1fff0560                __code_ram_end__ = .
                0x00009b7c                __CODE_END = (__CODE_ROM + (__code_end__ - __code_start__))
                0x00009b7c                __CUSTOM_ROM = __CODE_END

.customSectionBlock
                0x1fff0000        0x0 load address 0x00009b7c
                0x1fff0000                __customSectionStart = .
                0x1fff0000                __customSection_start__ = .
 *(.customSection)
                0x1fff0000                __customSection_end__ = .
                0x00009b7c                __CUSTOM_END = (__CUSTOM_ROM + (__customSection_end__ - __customSection_start__))
                0x00009b7c                __rom_end = __CUSTOM_END

.bss            0x1fff0560      0x224 load address 0x00009b7c
                0x1fff0560                . = ALIGN (0x4)
                0x1fff0560                __BSS_START = .
                0x1fff0560                __bss_start__ = .
 *(.bss)
 *(.bss*)
 .bss.g_clockManCallbacksArr
                0x1fff0560        0x4 libGENERATED_SDK_TARGET.a(clock_config.c.o)
                0x1fff0560                g_clockManCallbacksArr
 .bss.linflexd_uart_config0_State
                0x1fff0564       0x38 libGENERATED_SDK_TARGET.a(linflexd_uart_config.c.o)
                0x1fff0564                linflexd_uart_config0_State
 .bss.g_clockState
                0x1fff059c       0x10 libGENERATED_SDK_TARGET.a(clock_YTM32B1Mx.c.o)
 .bss.g_fxoscClkFreq
                0x1fff05ac        0x4 libGENERATED_SDK_TARGET.a(clock_YTM32B1Mx.c.o)
                0x1fff05ac                g_fxoscClkFreq
 .bss.g_sxoscClkFreq
                0x1fff05b0        0x4 libGENERATED_SDK_TARGET.a(clock_YTM32B1Mx.c.o)
                0x1fff05b0                g_sxoscClkFreq
 .bss.g_interruptDisableCount
                0x1fff05b4        0x4 libGENERATED_SDK_TARGET.a(interrupt_manager.c.o)
 .bss.s_virtEdmaState
                0x1fff05b8        0x4 libGENERATED_SDK_TARGET.a(dma_driver.c.o)
 .bss.s_uartLINFlexDStatePtr
                0x1fff05bc       0x18 libGENERATED_SDK_TARGET.a(linflexd_uart_driver.c.o)
 .bss.s_osif_tick_cnt
                0x1fff05d4        0x4 libGENERATED_SDK_TARGET.a(osif_baremetal.c.o)
 .bss.ETMR_PWM_Config0FaultConfig
                0x1fff05d8       0x17 libGENERATED_SDK_TARGET.a(etmr_config.c.o)
                0x1fff05d8                ETMR_PWM_Config0FaultConfig
 *fill*         0x1fff05ef        0x1 
 .bss.etmrStatePtr
                0x1fff05f0       0x18 libGENERATED_SDK_TARGET.a(etmr_common.c.o)
                0x1fff05f0                etmrStatePtr
 .bss.currentEvent
                0x1fff0608        0x1 libGENERATED_SDK_TARGET.a(LIN.c.o)
                0x1fff0608                currentEvent
 *fill*         0x1fff0609        0x3 
 .bss.etmrState_PWM
                0x1fff060c      0x128 libGENERATED_SDK_TARGET.a(PWM.c.o)
                0x1fff060c                etmrState_PWM
 .bss.linflexd_lin_config0_State
                0x1fff0734       0x20 libGENERATED_SDK_TARGET.a(linflexd_lin_config.c.o)
                0x1fff0734                linflexd_lin_config0_State
 .bss.s_LINFlexDStatePtr
                0x1fff0754       0x18 libGENERATED_SDK_TARGET.a(linflexd_lin_driver.c.o)
 .bss.s_LINFlexDUserconfigPtr
                0x1fff076c       0x18 libGENERATED_SDK_TARGET.a(linflexd_lin_driver.c.o)
 *(COMMON)
                0x1fff0784                . = ALIGN (0x4)
                0x1fff0784                __bss_end__ = .
                0x1fff0784                __BSS_END = .

.heap           0x1fff0784     0x1004 load address 0x00009da0
                0x1fff0788                . = ALIGN (0x8)
 *fill*         0x1fff0784        0x4 
                0x1fff0788                __end__ = .
                0x1fff0788                __heap_start__ = .
                [!provide]                PROVIDE (end = .)
                [!provide]                PROVIDE (_end = .)
                [!provide]                PROVIDE (__end = .)
                0x1fff0788                __HeapBase = .
                0x1fff1788                . = (. + HEAP_SIZE)
 *fill*         0x1fff0788     0x1000 
                0x1fff1788                __HeapLimit = .
                0x1fff1788                __heap_limit = .
                0x1fff1788                __heap_end__ = .
                0x20010000                __StackTop = (ORIGIN (m_data) + LENGTH (m_data))
                0x2000f000                __StackLimit = (__StackTop - STACK_SIZE)
                0x20010000                PROVIDE (__stack = __StackTop)
                0x20010000                __RAM_END = __StackTop

.stack          0x2000f000     0x1000 load address 0x0002861c
                0x2000f000                . = ALIGN (0x8)
                0x2000f000                __stack_start__ = .
                0x20010000                . = (. + STACK_SIZE)
 *fill*         0x2000f000     0x1000 
                0x20010000                __stack_end__ = .

.ARM.attributes
                0x00000000       0x30
 *(.ARM.attributes)
 .ARM.attributes
                0x00000000       0x22 c:/users/zhangyifei/appdata/roaming/yt_config_tool/gcc-arm-none-eabi-10.3-2021.10/bin/../lib/gcc/arm-none-eabi/10.3.1/thumb/v8-m.main/nofp/crti.o
 .ARM.attributes
                0x00000022       0x34 CMakeFiles/Vehicle-thermal-management.elf.dir/app/main.c.o
 .ARM.attributes
                0x00000056       0x34 libGENERATED_SDK_TARGET.a(clock_config.c.o)
 .ARM.attributes
                0x0000008a       0x34 libGENERATED_SDK_TARGET.a(pin_mux.c.o)
 .ARM.attributes
                0x000000be       0x34 libGENERATED_SDK_TARGET.a(linflexd_uart_config.c.o)
 .ARM.attributes
                0x000000f2       0x34 libGENERATED_SDK_TARGET.a(clock_YTM32B1Mx.c.o)
 .ARM.attributes
                0x00000126       0x34 libGENERATED_SDK_TARGET.a(pins_driver.c.o)
 .ARM.attributes
                0x0000015a       0x34 libGENERATED_SDK_TARGET.a(pins_port_hw_access.c.o)
 .ARM.attributes
                0x0000018e       0x34 libGENERATED_SDK_TARGET.a(interrupt_manager.c.o)
 .ARM.attributes
                0x000001c2       0x34 libGENERATED_SDK_TARGET.a(dma_driver.c.o)
 .ARM.attributes
                0x000001f6       0x34 libGENERATED_SDK_TARGET.a(dma_hw_access.c.o)
 .ARM.attributes
                0x0000022a       0x34 libGENERATED_SDK_TARGET.a(dma_irq.c.o)
 .ARM.attributes
                0x0000025e       0x34 libGENERATED_SDK_TARGET.a(linflexd_uart_driver.c.o)
 .ARM.attributes
                0x00000292       0x34 libGENERATED_SDK_TARGET.a(linflexd_uart_irq.c.o)
 .ARM.attributes
                0x000002c6       0x34 libGENERATED_SDK_TARGET.a(startup.c.o)
 .ARM.attributes
                0x000002fa       0x34 libGENERATED_SDK_TARGET.a(system_YTM32B1ME0.c.o)
 .ARM.attributes
                0x0000032e       0x20 libGENERATED_SDK_TARGET.a(YTM32B1ME0_startup_gcc.S.o)
 .ARM.attributes
                0x0000034e       0x34 libGENERATED_SDK_TARGET.a(osif_baremetal.c.o)
 .ARM.attributes
                0x00000382       0x34 libGENERATED_SDK_TARGET.a(etmr_config.c.o)
 .ARM.attributes
                0x000003b6       0x34 libGENERATED_SDK_TARGET.a(etmr_common.c.o)
 .ARM.attributes
                0x000003ea       0x34 libGENERATED_SDK_TARGET.a(etmr_hw_access.c.o)
 .ARM.attributes
                0x0000041e       0x34 libGENERATED_SDK_TARGET.a(etmr_pwm_driver.c.o)
 .ARM.attributes
                0x00000452       0x34 libGENERATED_SDK_TARGET.a(etmr_ic_driver.c.o)
 .ARM.attributes
                0x00000486       0x34 libGENERATED_SDK_TARGET.a(LIN.c.o)
 .ARM.attributes
                0x000004ba       0x34 libGENERATED_SDK_TARGET.a(PWM.c.o)
 .ARM.attributes
                0x000004ee       0x34 libGENERATED_SDK_TARGET.a(UART.c.o)
 .ARM.attributes
                0x00000522       0x34 libGENERATED_SDK_TARGET.a(printf.c.o)
 .ARM.attributes
                0x00000556       0x34 libGENERATED_SDK_TARGET.a(linflexd_lin_config.c.o)
 .ARM.attributes
                0x0000058a       0x34 libGENERATED_SDK_TARGET.a(linflexd_lin_driver.c.o)
 .ARM.attributes
                0x000005be       0x34 libGENERATED_SDK_TARGET.a(linflexd_lin_irq.c.o)
 .ARM.attributes
                0x000005f2       0x22 c:/users/zhangyifei/appdata/roaming/yt_config_tool/gcc-arm-none-eabi-10.3-2021.10/bin/../lib/gcc/arm-none-eabi/10.3.1/thumb/v8-m.main/nofp\libgcc.a(_arm_addsubdf3.o)
 .ARM.attributes
                0x00000614       0x22 c:/users/zhangyifei/appdata/roaming/yt_config_tool/gcc-arm-none-eabi-10.3-2021.10/bin/../lib/gcc/arm-none-eabi/10.3.1/thumb/v8-m.main/nofp\libgcc.a(_arm_muldivdf3.o)
 .ARM.attributes
                0x00000636       0x22 c:/users/zhangyifei/appdata/roaming/yt_config_tool/gcc-arm-none-eabi-10.3-2021.10/bin/../lib/gcc/arm-none-eabi/10.3.1/thumb/v8-m.main/nofp\libgcc.a(_arm_cmpdf2.o)
 .ARM.attributes
                0x00000658       0x22 c:/users/zhangyifei/appdata/roaming/yt_config_tool/gcc-arm-none-eabi-10.3-2021.10/bin/../lib/gcc/arm-none-eabi/10.3.1/thumb/v8-m.main/nofp\libgcc.a(_arm_fixdfsi.o)
 .ARM.attributes
                0x0000067a       0x22 c:/users/zhangyifei/appdata/roaming/yt_config_tool/gcc-arm-none-eabi-10.3-2021.10/bin/../lib/gcc/arm-none-eabi/10.3.1/thumb/v8-m.main/nofp\libgcc.a(_arm_fixunsdfsi.o)
 .ARM.attributes
                0x0000069c       0x22 c:/users/zhangyifei/appdata/roaming/yt_config_tool/gcc-arm-none-eabi-10.3-2021.10/bin/../lib/gcc/arm-none-eabi/10.3.1/thumb/v8-m.main/nofp\libgcc.a(_arm_addsubsf3.o)
 .ARM.attributes
                0x000006be       0x22 c:/users/zhangyifei/appdata/roaming/yt_config_tool/gcc-arm-none-eabi-10.3-2021.10/bin/../lib/gcc/arm-none-eabi/10.3.1/thumb/v8-m.main/nofp\libgcc.a(_arm_muldivsf3.o)
 .ARM.attributes
                0x000006e0       0x22 c:/users/zhangyifei/appdata/roaming/yt_config_tool/gcc-arm-none-eabi-10.3-2021.10/bin/../lib/gcc/arm-none-eabi/10.3.1/thumb/v8-m.main/nofp\libgcc.a(_arm_fixunssfsi.o)
 .ARM.attributes
                0x00000702       0x22 c:/users/zhangyifei/appdata/roaming/yt_config_tool/gcc-arm-none-eabi-10.3-2021.10/bin/../lib/gcc/arm-none-eabi/10.3.1/thumb/v8-m.main/nofp\libgcc.a(_aeabi_uldivmod.o)
 .ARM.attributes
                0x00000724       0x32 c:/users/zhangyifei/appdata/roaming/yt_config_tool/gcc-arm-none-eabi-10.3-2021.10/bin/../lib/gcc/arm-none-eabi/10.3.1/thumb/v8-m.main/nofp\libgcc.a(_udivmoddi4.o)
 .ARM.attributes
                0x00000756       0x22 c:/users/zhangyifei/appdata/roaming/yt_config_tool/gcc-arm-none-eabi-10.3-2021.10/bin/../lib/gcc/arm-none-eabi/10.3.1/thumb/v8-m.main/nofp\libgcc.a(_dvmd_tls.o)
                0x00000001                ASSERT ((__rom_end <= (ORIGIN (m_text) + LENGTH (m_text))), Region m_text overflowed!)
                0x00000001                ASSERT ((__StackLimit >= __HeapLimit), region m_data overflowed with stack and heap)
OUTPUT(Vehicle-thermal-management.elf elf32-littlearm)
LOAD linker stubs

.debug_info     0x00000000    0x1ada2
 .debug_info    0x00000000      0xfbd CMakeFiles/Vehicle-thermal-management.elf.dir/app/main.c.o
 .debug_info    0x00000fbd      0xcbc libGENERATED_SDK_TARGET.a(clock_config.c.o)
 .debug_info    0x00001c79      0x416 libGENERATED_SDK_TARGET.a(pin_mux.c.o)
 .debug_info    0x0000208f      0x855 libGENERATED_SDK_TARGET.a(linflexd_uart_config.c.o)
 .debug_info    0x000028e4     0x1f88 libGENERATED_SDK_TARGET.a(clock_YTM32B1Mx.c.o)
 .debug_info    0x0000486c     0x10ff libGENERATED_SDK_TARGET.a(pins_driver.c.o)
 .debug_info    0x0000596b      0x553 libGENERATED_SDK_TARGET.a(pins_port_hw_access.c.o)
 .debug_info    0x00005ebe      0xe09 libGENERATED_SDK_TARGET.a(interrupt_manager.c.o)
 .debug_info    0x00006cc7     0x2b3b libGENERATED_SDK_TARGET.a(dma_driver.c.o)
 .debug_info    0x00009802      0x8b9 libGENERATED_SDK_TARGET.a(dma_hw_access.c.o)
 .debug_info    0x0000a0bb      0x4b8 libGENERATED_SDK_TARGET.a(dma_irq.c.o)
 .debug_info    0x0000a573     0x2745 libGENERATED_SDK_TARGET.a(linflexd_uart_driver.c.o)
 .debug_info    0x0000ccb8      0x306 libGENERATED_SDK_TARGET.a(linflexd_uart_irq.c.o)
 .debug_info    0x0000cfbe      0x58c libGENERATED_SDK_TARGET.a(startup.c.o)
 .debug_info    0x0000d54a      0xca6 libGENERATED_SDK_TARGET.a(system_YTM32B1ME0.c.o)
 .debug_info    0x0000e1f0       0x26 libGENERATED_SDK_TARGET.a(YTM32B1ME0_startup_gcc.S.o)
 .debug_info    0x0000e216      0x92a libGENERATED_SDK_TARGET.a(osif_baremetal.c.o)
 .debug_info    0x0000eb40      0x676 libGENERATED_SDK_TARGET.a(etmr_config.c.o)
 .debug_info    0x0000f1b6     0x22ad libGENERATED_SDK_TARGET.a(etmr_common.c.o)
 .debug_info    0x00011463     0x1376 libGENERATED_SDK_TARGET.a(etmr_hw_access.c.o)
 .debug_info    0x000127d9     0x1833 libGENERATED_SDK_TARGET.a(etmr_pwm_driver.c.o)
 .debug_info    0x0001400c     0x1996 libGENERATED_SDK_TARGET.a(etmr_ic_driver.c.o)
 .debug_info    0x000159a2      0xa7b libGENERATED_SDK_TARGET.a(LIN.c.o)
 .debug_info    0x0001641d      0xad2 libGENERATED_SDK_TARGET.a(PWM.c.o)
 .debug_info    0x00016eef      0x699 libGENERATED_SDK_TARGET.a(UART.c.o)
 .debug_info    0x00017588      0xe35 libGENERATED_SDK_TARGET.a(printf.c.o)
 .debug_info    0x000183bd      0x48f libGENERATED_SDK_TARGET.a(linflexd_lin_config.c.o)
 .debug_info    0x0001884c     0x2250 libGENERATED_SDK_TARGET.a(linflexd_lin_driver.c.o)
 .debug_info    0x0001aa9c      0x306 libGENERATED_SDK_TARGET.a(linflexd_lin_irq.c.o)

.debug_abbrev   0x00000000     0x3434
 .debug_abbrev  0x00000000      0x192 CMakeFiles/Vehicle-thermal-management.elf.dir/app/main.c.o
 .debug_abbrev  0x00000192      0x142 libGENERATED_SDK_TARGET.a(clock_config.c.o)
 .debug_abbrev  0x000002d4      0x11c libGENERATED_SDK_TARGET.a(pin_mux.c.o)
 .debug_abbrev  0x000003f0       0xdd libGENERATED_SDK_TARGET.a(linflexd_uart_config.c.o)
 .debug_abbrev  0x000004cd      0x32b libGENERATED_SDK_TARGET.a(clock_YTM32B1Mx.c.o)
 .debug_abbrev  0x000007f8      0x28c libGENERATED_SDK_TARGET.a(pins_driver.c.o)
 .debug_abbrev  0x00000a84      0x1bd libGENERATED_SDK_TARGET.a(pins_port_hw_access.c.o)
 .debug_abbrev  0x00000c41      0x23b libGENERATED_SDK_TARGET.a(interrupt_manager.c.o)
 .debug_abbrev  0x00000e7c      0x2b2 libGENERATED_SDK_TARGET.a(dma_driver.c.o)
 .debug_abbrev  0x0000112e      0x1ea libGENERATED_SDK_TARGET.a(dma_hw_access.c.o)
 .debug_abbrev  0x00001318      0x161 libGENERATED_SDK_TARGET.a(dma_irq.c.o)
 .debug_abbrev  0x00001479      0x2ea libGENERATED_SDK_TARGET.a(linflexd_uart_driver.c.o)
 .debug_abbrev  0x00001763       0xba libGENERATED_SDK_TARGET.a(linflexd_uart_irq.c.o)
 .debug_abbrev  0x0000181d      0x110 libGENERATED_SDK_TARGET.a(startup.c.o)
 .debug_abbrev  0x0000192d      0x2c9 libGENERATED_SDK_TARGET.a(system_YTM32B1ME0.c.o)
 .debug_abbrev  0x00001bf6       0x14 libGENERATED_SDK_TARGET.a(YTM32B1ME0_startup_gcc.S.o)
 .debug_abbrev  0x00001c0a      0x254 libGENERATED_SDK_TARGET.a(osif_baremetal.c.o)
 .debug_abbrev  0x00001e5e       0xfa libGENERATED_SDK_TARGET.a(etmr_config.c.o)
 .debug_abbrev  0x00001f58      0x303 libGENERATED_SDK_TARGET.a(etmr_common.c.o)
 .debug_abbrev  0x0000225b      0x24b libGENERATED_SDK_TARGET.a(etmr_hw_access.c.o)
 .debug_abbrev  0x000024a6      0x26c libGENERATED_SDK_TARGET.a(etmr_pwm_driver.c.o)
 .debug_abbrev  0x00002712      0x26f libGENERATED_SDK_TARGET.a(etmr_ic_driver.c.o)
 .debug_abbrev  0x00002981      0x19c libGENERATED_SDK_TARGET.a(LIN.c.o)
 .debug_abbrev  0x00002b1d      0x176 libGENERATED_SDK_TARGET.a(PWM.c.o)
 .debug_abbrev  0x00002c93       0xd9 libGENERATED_SDK_TARGET.a(UART.c.o)
 .debug_abbrev  0x00002d6c      0x22d libGENERATED_SDK_TARGET.a(printf.c.o)
 .debug_abbrev  0x00002f99       0xdd libGENERATED_SDK_TARGET.a(linflexd_lin_config.c.o)
 .debug_abbrev  0x00003076      0x304 libGENERATED_SDK_TARGET.a(linflexd_lin_driver.c.o)
 .debug_abbrev  0x0000337a       0xba libGENERATED_SDK_TARGET.a(linflexd_lin_irq.c.o)

.debug_aranges  0x00000000     0x15a8
 .debug_aranges
                0x00000000       0x28 CMakeFiles/Vehicle-thermal-management.elf.dir/app/main.c.o
 .debug_aranges
                0x00000028       0x18 libGENERATED_SDK_TARGET.a(clock_config.c.o)
 .debug_aranges
                0x00000040       0x18 libGENERATED_SDK_TARGET.a(pin_mux.c.o)
 .debug_aranges
                0x00000058       0x18 libGENERATED_SDK_TARGET.a(linflexd_uart_config.c.o)
 .debug_aranges
                0x00000070      0x1f8 libGENERATED_SDK_TARGET.a(clock_YTM32B1Mx.c.o)
 .debug_aranges
                0x00000268      0x178 libGENERATED_SDK_TARGET.a(pins_driver.c.o)
 .debug_aranges
                0x000003e0       0x38 libGENERATED_SDK_TARGET.a(pins_port_hw_access.c.o)
 .debug_aranges
                0x00000418       0xa0 libGENERATED_SDK_TARGET.a(interrupt_manager.c.o)
 .debug_aranges
                0x000004b8      0x200 libGENERATED_SDK_TARGET.a(dma_driver.c.o)
 .debug_aranges
                0x000006b8       0x88 libGENERATED_SDK_TARGET.a(dma_hw_access.c.o)
 .debug_aranges
                0x00000740       0xa8 libGENERATED_SDK_TARGET.a(dma_irq.c.o)
 .debug_aranges
                0x000007e8      0x218 libGENERATED_SDK_TARGET.a(linflexd_uart_driver.c.o)
 .debug_aranges
                0x00000a00       0x48 libGENERATED_SDK_TARGET.a(linflexd_uart_irq.c.o)
 .debug_aranges
                0x00000a48       0x20 libGENERATED_SDK_TARGET.a(startup.c.o)
 .debug_aranges
                0x00000a68       0x70 libGENERATED_SDK_TARGET.a(system_YTM32B1ME0.c.o)
 .debug_aranges
                0x00000ad8       0x20 libGENERATED_SDK_TARGET.a(YTM32B1ME0_startup_gcc.S.o)
 .debug_aranges
                0x00000af8       0x98 libGENERATED_SDK_TARGET.a(osif_baremetal.c.o)
 .debug_aranges
                0x00000b90       0x18 libGENERATED_SDK_TARGET.a(etmr_config.c.o)
 .debug_aranges
                0x00000ba8      0x1d0 libGENERATED_SDK_TARGET.a(etmr_common.c.o)
 .debug_aranges
                0x00000d78      0x218 libGENERATED_SDK_TARGET.a(etmr_hw_access.c.o)
 .debug_aranges
                0x00000f90      0x138 libGENERATED_SDK_TARGET.a(etmr_pwm_driver.c.o)
 .debug_aranges
                0x000010c8      0x170 libGENERATED_SDK_TARGET.a(etmr_ic_driver.c.o)
 .debug_aranges
                0x00001238       0x38 libGENERATED_SDK_TARGET.a(LIN.c.o)
 .debug_aranges
                0x00001270       0x38 libGENERATED_SDK_TARGET.a(PWM.c.o)
 .debug_aranges
                0x000012a8       0x20 libGENERATED_SDK_TARGET.a(UART.c.o)
 .debug_aranges
                0x000012c8       0xc0 libGENERATED_SDK_TARGET.a(printf.c.o)
 .debug_aranges
                0x00001388       0x18 libGENERATED_SDK_TARGET.a(linflexd_lin_config.c.o)
 .debug_aranges
                0x000013a0      0x1c0 libGENERATED_SDK_TARGET.a(linflexd_lin_driver.c.o)
 .debug_aranges
                0x00001560       0x48 libGENERATED_SDK_TARGET.a(linflexd_lin_irq.c.o)

.debug_ranges   0x00000000     0x13a0
 .debug_ranges  0x00000000       0x18 CMakeFiles/Vehicle-thermal-management.elf.dir/app/main.c.o
 .debug_ranges  0x00000018      0x1e8 libGENERATED_SDK_TARGET.a(clock_YTM32B1Mx.c.o)
 .debug_ranges  0x00000200      0x168 libGENERATED_SDK_TARGET.a(pins_driver.c.o)
 .debug_ranges  0x00000368       0x28 libGENERATED_SDK_TARGET.a(pins_port_hw_access.c.o)
 .debug_ranges  0x00000390       0x90 libGENERATED_SDK_TARGET.a(interrupt_manager.c.o)
 .debug_ranges  0x00000420      0x1f0 libGENERATED_SDK_TARGET.a(dma_driver.c.o)
 .debug_ranges  0x00000610       0x78 libGENERATED_SDK_TARGET.a(dma_hw_access.c.o)
 .debug_ranges  0x00000688       0x98 libGENERATED_SDK_TARGET.a(dma_irq.c.o)
 .debug_ranges  0x00000720      0x208 libGENERATED_SDK_TARGET.a(linflexd_uart_driver.c.o)